00:00 +0: loading /app/test/date_parsing_test.dart
00:00 +0: /app/test/date_parsing_test.dart: SimpleCsvParser date parsing parses various date formats without errors
00:00 +1: /app/test/date_parsing_test.dart: SimpleCsvParser date parsing parses Sept-25 correctly as September 2025
00:00 +2: /app/test/date_parsing_test.dart: SimpleCsvParser date parsing parses ISO date format correctly
00:00 +3: /app/test/date_parsing_test.dart: SimpleCsvParser date parsing parses month-year format with slash separator
00:00 +4: /app/test/date_parsing_test.dart: SimpleCsvParser date parsing handles invalid date gracefully
00:00 +5: /app/test/core/crashlytics/crashlytics_service_test.dart: CrashlyticsService should be a valid class
00:00 +6: /app/test/core/crashlytics/crashlytics_service_test.dart: CrashlyticsService crashlyticsServiceProvider should be defined
00:01 +7: /app/test/core/services/locale_detection_service_test.dart: LocaleDetectionService getCurrencyForCountry returns correct currency for US
00:01 +8: /app/test/core/services/locale_detection_service_test.dart: LocaleDetectionService getCurrencyForCountry returns correct currency for India
00:01 +9: /app/test/core/services/locale_detection_service_test.dart: LocaleDetectionService getCurrencyForCountry returns correct currency for UK
00:01 +10: /app/test/core/services/locale_detection_service_test.dart: LocaleDetectionService getCurrencyForCountry returns correct currency for Eurozone countries
00:01 +11: /app/test/core/services/locale_detection_service_test.dart: LocaleDetectionService getCurrencyForCountry returns correct currency for Japan
00:01 +12: /app/test/core/services/locale_detection_service_test.dart: LocaleDetectionService getCurrencyForCountry returns correct currency for Canada
00:01 +13: /app/test/core/services/locale_detection_service_test.dart: LocaleDetectionService getCurrencyForCountry returns correct currency for Australia
00:01 +14: /app/test/core/services/locale_detection_service_test.dart: LocaleDetectionService getCurrencyForCountry returns USD for unknown country code
00:01 +15: /app/test/core/services/locale_detection_service_test.dart: LocaleDetectionService getCurrencyForCountry handles lowercase country codes
00:01 +16: /app/test/core/services/locale_detection_service_test.dart: LocaleDetectionService getLocaleStringForCountry returns correct locale for US
00:01 +17: /app/test/core/services/locale_detection_service_test.dart: LocaleDetectionService getLocaleStringForCountry returns correct locale for India
00:01 +18: /app/test/core/services/locale_detection_service_test.dart: LocaleDetectionService getLocaleStringForCountry returns correct locale for UK
00:01 +19: /app/test/core/services/locale_detection_service_test.dart: LocaleDetectionService getLocaleStringForCountry returns correct locale for Germany
00:01 +20: /app/test/core/services/locale_detection_service_test.dart: LocaleDetectionService getLocaleStringForCountry returns en_US for unknown country code
00:01 +21: /app/test/core/services/locale_detection_service_test.dart: LocaleDetectionService getDateFormatForCountry returns MDY for US
00:01 +22: /app/test/core/services/locale_detection_service_test.dart: LocaleDetectionService getDateFormatForCountry returns DMY for UK
00:01 +23: /app/test/core/services/locale_detection_service_test.dart: LocaleDetectionService getDateFormatForCountry returns DMY for India
00:01 +24: /app/test/core/services/locale_detection_service_test.dart: LocaleDetectionService getDateFormatForCountry returns YMD for Japan
00:01 +25: /app/test/core/services/locale_detection_service_test.dart: LocaleDetectionService getDateFormatForCountry returns YMD for China
00:01 +26: /app/test/core/services/locale_detection_service_test.dart: LocaleDetectionService getDateFormatForCountry returns YMD for Canada
00:01 +27: /app/test/core/services/locale_detection_service_test.dart: LocaleDetectionService getDateFormatForCountry returns MDY for unknown country code
00:01 +28: /app/test/core/services/locale_detection_service_test.dart: LocaleDetectionService getSupportedCurrencies returns map of supported currencies
00:01 +29: /app/test/core/services/locale_detection_service_test.dart: LocaleDetectionService getSupportedCurrencies currency display names include symbols
00:02 +30: /app/test/core/services/currency_conversion_service_test.dart: CurrencyConversionService - Same Currency returns original amount when currencies are the same
00:02 +31: /app/test/core/services/currency_conversion_service_test.dart: CurrencyConversionService - Same Currency returns rate of 1.0 when currencies are the same
00:02 +32: /app/test/core/services/currency_conversion_service_test.dart: CurrencyConversionService - 3-Tier Caching uses memory cache on second call (Tier 1)
00:02 +33: /app/test/core/services/currency_conversion_service_test.dart: CurrencyConversionService - 3-Tier Caching fetches from API when no cache exists (Tier 3)
00:02 +34: /app/test/core/services/currency_conversion_service_test.dart: CurrencyConversionService - Historical Rates caches historical rates forever (never expire)
00:02 +35: /app/test/core/services/currency_conversion_service_test.dart: CurrencyConversionService - Live Rates refreshes live rates daily
00:02 +36: /app/test/core/services/currency_conversion_service_test.dart: CurrencyConversionService - Batch Conversion converts multiple amounts efficiently
00:02 +37: /app/test/core/services/currency_conversion_service_test.dart: CurrencyConversionService - Error Handling handles invalid currency codes gracefully
00:02 +38: /app/test/core/services/currency_conversion_service_test.dart: CurrencyConversionService - Error Handling handles network timeout gracefully
00:02 +39: /app/test/core/services/currency_conversion_service_test.dart: CurrencyConversionService - Error Handling handles network timeout gracefully
00:02 +40: /app/test/core/services/currency_conversion_service_test.dart: CurrencyConversionService - Error Handling handles network timeout gracefully
00:02 +41: /app/test/core/services/currency_conversion_service_test.dart: CurrencyConversionService - Error Handling handles network timeout gracefully
00:02 +42: /app/test/core/services/currency_conversion_service_test.dart: CurrencyConversionService - Error Handling handles network timeout gracefully
00:02 +43: /app/test/core/services/currency_conversion_service_test.dart: CurrencyConversionService - Error Handling handles network timeout gracefully
00:03 +44: /app/test/core/services/currency_conversion_service_test.dart: CurrencyConversionService - Error Handling handles network timeout gracefully
00:03 +45: /app/test/core/services/currency_conversion_service_test.dart: CurrencyConversionService - Error Handling handles network timeout gracefully
00:03 +46: /app/test/core/services/currency_conversion_service_test.dart: CurrencyConversionService - Error Handling handles network timeout gracefully
00:03 +47: /app/test/core/services/currency_conversion_service_test.dart: CurrencyConversionService - Error Handling handles network timeout gracefully
00:03 +48: /app/test/core/services/currency_conversion_service_test.dart: CurrencyConversionService - Error Handling handles network timeout gracefully
00:03 +49: /app/test/core/services/currency_conversion_service_test.dart: CurrencyConversionService - Error Handling handles network timeout gracefully
00:03 +50: /app/test/core/services/currency_conversion_service_test.dart: CurrencyConversionService - Error Handling handles network timeout gracefully
00:03 +51: /app/test/core/services/currency_conversion_service_test.dart: CurrencyConversionService - Error Handling handles network timeout gracefully
00:03 +52: /app/test/core/services/currency_conversion_service_test.dart: CurrencyConversionService - Error Handling handles network timeout gracefully
00:03 +53: /app/test/core/services/currency_conversion_service_test.dart: CurrencyConversionService - Error Handling handles network timeout gracefully
00:03 +54: /app/test/core/services/currency_conversion_service_test.dart: CurrencyConversionService - Error Handling handles network timeout gracefully
00:03 +55: /app/test/core/services/currency_conversion_service_test.dart: CurrencyConversionService - Error Handling handles network timeout gracefully
00:03 +56: /app/test/core/services/currency_conversion_service_test.dart: CurrencyConversionService - Error Handling handles network timeout gracefully
00:03 +57: /app/test/core/services/currency_conversion_service_test.dart: CurrencyConversionService - Error Handling handles network timeout gracefully
00:03 +58: /app/test/core/services/currency_conversion_service_test.dart: CurrencyConversionService - Error Handling handles network timeout gracefully
00:03 +59: /app/test/core/services/currency_conversion_service_test.dart: CurrencyConversionService - Error Handling handles network timeout gracefully
00:03 +60: /app/test/core/services/currency_conversion_service_test.dart: CurrencyConversionService - Error Handling handles network timeout gracefully
00:03 +61: /app/test/core/services/currency_conversion_service_test.dart: CurrencyConversionService - Error Handling handles network timeout gracefully
00:03 +62: /app/test/core/services/currency_conversion_service_test.dart: CurrencyConversionService - Error Handling handles network timeout gracefully
00:03 +63: /app/test/core/services/currency_conversion_service_test.dart: CurrencyConversionService - Error Handling handles network timeout gracefully
00:03 +64: /app/test/core/services/currency_conversion_service_test.dart: CurrencyConversionService - Error Handling handles network timeout gracefully
00:03 +65: /app/test/core/services/currency_conversion_service_test.dart: CurrencyConversionService - Error Handling handles network timeout gracefully
00:03 +66: /app/test/core/services/currency_conversion_service_test.dart: CurrencyConversionService - Error Handling handles network timeout gracefully
00:03 +67: /app/test/core/services/currency_conversion_service_test.dart: CurrencyConversionService - Error Handling handles network timeout gracefully
00:03 +68: /app/test/core/services/currency_conversion_service_test.dart: CurrencyConversionService - Error Handling handles network timeout gracefully
00:04 +69: /app/test/core/services/currency_conversion_service_test.dart: CurrencyConversionService - Error Handling handles network timeout gracefully
00:04 +70: /app/test/core/services/currency_conversion_service_test.dart: CurrencyConversionService - Error Handling handles network timeout gracefully
00:04 +71: /app/test/core/services/currency_conversion_service_test.dart: CurrencyConversionService - Error Handling handles network timeout gracefully
00:04 +72: /app/test/core/services/currency_conversion_service_test.dart: CurrencyConversionService - Error Handling handles network timeout gracefully
00:04 +73: /app/test/core/services/currency_conversion_service_test.dart: CurrencyConversionService - Error Handling handles network timeout gracefully
00:04 +74: /app/test/core/services/currency_conversion_service_test.dart: CurrencyConversionService - Error Handling handles network timeout gracefully
00:04 +75: /app/test/core/services/currency_conversion_service_test.dart: CurrencyConversionService - Error Handling handles network timeout gracefully
00:04 +76: /app/test/core/services/currency_conversion_service_test.dart: CurrencyConversionService - Error Handling handles network timeout gracefully
00:04 +77: /app/test/core/services/currency_conversion_service_test.dart: CurrencyConversionService - Error Handling handles network timeout gracefully
00:04 +78: /app/test/core/services/currency_conversion_service_test.dart: CurrencyConversionService - Error Handling handles network timeout gracefully
00:05 +79: /app/test/core/services/currency_conversion_service_test.dart: CurrencyConversionService - Error Handling handles network timeout gracefully
00:05 +80: /app/test/core/services/currency_conversion_service_test.dart: CurrencyConversionService - Error Handling handles network timeout gracefully
00:05 +81: /app/test/core/services/currency_conversion_service_test.dart: CurrencyConversionService - Error Handling handles network timeout gracefully
00:05 +82: /app/test/core/services/currency_conversion_service_test.dart: CurrencyConversionService - Error Handling handles network timeout gracefully
00:05 +83: /app/test/core/services/currency_conversion_service_test.dart: CurrencyConversionService - Error Handling handles network timeout gracefully
00:06 +84: /app/test/core/services/currency_conversion_service_test.dart: CurrencyConversionService - Error Handling handles network timeout gracefully
00:06 +85: /app/test/core/services/currency_conversion_service_test.dart: CurrencyConversionService - Error Handling handles network timeout gracefully
00:06 +86: /app/test/core/services/currency_conversion_service_test.dart: CurrencyConversionService - Error Handling handles network timeout gracefully
00:06 +87: /app/test/core/services/currency_conversion_service_test.dart: CurrencyConversionService - Error Handling handles network timeout gracefully
00:06 +88: /app/test/core/services/currency_conversion_service_test.dart: CurrencyConversionService - Error Handling handles network timeout gracefully
00:06 +89: /app/test/core/services/currency_conversion_service_test.dart: CurrencyConversionService - Error Handling handles network timeout gracefully
00:07 +90: /app/test/core/services/currency_conversion_service_test.dart: CurrencyConversionService - Error Handling handles network timeout gracefully
00:07 +91: /app/test/core/services/currency_conversion_service_test.dart: CurrencyConversionService - Error Handling handles network timeout gracefully
00:07 +92: /app/test/core/services/currency_conversion_service_test.dart: CurrencyConversionService - Error Handling handles network timeout gracefully
00:07 +93: /app/test/core/services/currency_conversion_service_test.dart: CurrencyConversionService - Error Handling handles network timeout gracefully
00:07 +94: /app/test/core/services/currency_conversion_service_test.dart: CurrencyConversionService - Error Handling handles network timeout gracefully
00:07 +95: /app/test/core/services/currency_conversion_service_test.dart: CurrencyConversionService - Error Handling handles network timeout gracefully
00:07 +96: /app/test/core/services/currency_conversion_service_test.dart: CurrencyConversionService - Error Handling handles network timeout gracefully
00:07 +97: /app/test/core/services/currency_conversion_service_test.dart: CurrencyConversionService - Error Handling handles network timeout gracefully
00:07 +98: /app/test/core/services/currency_conversion_service_test.dart: CurrencyConversionService - Error Handling handles network timeout gracefully
00:07 +99: /app/test/core/services/currency_conversion_service_test.dart: CurrencyConversionService - Error Handling handles network timeout gracefully
00:07 +100: /app/test/core/services/currency_conversion_service_test.dart: CurrencyConversionService - Error Handling handles network timeout gracefully
00:07 +101: /app/test/core/services/currency_conversion_service_test.dart: CurrencyConversionService - Error Handling handles network timeout gracefully
00:07 +102: /app/test/core/services/currency_conversion_service_test.dart: CurrencyConversionService - Error Handling handles network timeout gracefully
00:07 +103: /app/test/core/services/currency_conversion_service_test.dart: CurrencyConversionService - Error Handling handles network timeout gracefully
00:07 +104: /app/test/core/services/currency_conversion_service_test.dart: CurrencyConversionService - Error Handling handles network timeout gracefully
00:07 +105: /app/test/core/services/currency_conversion_service_test.dart: CurrencyConversionService - Error Handling handles network timeout gracefully
00:07 +106: /app/test/core/services/currency_conversion_service_test.dart: CurrencyConversionService - Error Handling handles network timeout gracefully
00:07 +107: /app/test/core/services/currency_conversion_service_test.dart: CurrencyConversionService - Error Handling handles network timeout gracefully
00:07 +108: /app/test/core/services/currency_conversion_service_test.dart: CurrencyConversionService - Error Handling handles network timeout gracefully
00:07 +109: /app/test/core/services/currency_conversion_service_test.dart: CurrencyConversionService - Error Handling handles network timeout gracefully
00:07 +110: /app/test/core/services/currency_conversion_service_test.dart: CurrencyConversionService - Error Handling handles network timeout gracefully
00:07 +111: /app/test/core/services/currency_conversion_service_test.dart: CurrencyConversionService - Error Handling handles network timeout gracefully
00:08 +112: /app/test/core/services/currency_conversion_service_test.dart: CurrencyConversionService - Error Handling handles network timeout gracefully
00:08 +113: /app/test/core/services/currency_conversion_service_test.dart: CurrencyConversionService - Error Handling handles network timeout gracefully
00:08 +114: /app/test/core/services/currency_conversion_service_test.dart: CurrencyConversionService - Error Handling handles network timeout gracefully
00:08 +115: /app/test/core/services/currency_conversion_service_test.dart: CurrencyConversionService - Error Handling handles network timeout gracefully
00:08 +116: /app/test/core/services/currency_conversion_service_test.dart: CurrencyConversionService - Error Handling handles network timeout gracefully
00:08 +117: /app/test/core/services/currency_conversion_service_test.dart: CurrencyConversionService - Error Handling handles network timeout gracefully
00:08 +118: /app/test/core/services/currency_conversion_service_test.dart: CurrencyConversionService - Error Handling handles network timeout gracefully
00:08 +119: /app/test/core/services/currency_conversion_service_test.dart: CurrencyConversionService - Error Handling handles network timeout gracefully
00:08 +120: /app/test/core/services/currency_conversion_service_test.dart: CurrencyConversionService - Error Handling handles network timeout gracefully
00:08 +121: /app/test/core/services/currency_conversion_service_test.dart: CurrencyConversionService - Error Handling handles network timeout gracefully
00:08 +122: /app/test/core/services/currency_conversion_service_test.dart: CurrencyConversionService - Error Handling handles network timeout gracefully
00:08 +123: /app/test/core/services/currency_conversion_service_test.dart: CurrencyConversionService - Error Handling handles network timeout gracefully
00:08 +124: /app/test/core/services/currency_conversion_service_test.dart: CurrencyConversionService - Error Handling handles network timeout gracefully
00:08 +125: /app/test/core/services/currency_conversion_service_test.dart: CurrencyConversionService - Error Handling handles network timeout gracefully
00:08 +126: /app/test/core/services/currency_conversion_service_test.dart: CurrencyConversionService - Error Handling handles network timeout gracefully
00:08 +127: /app/test/core/services/currency_conversion_service_test.dart: CurrencyConversionService - Error Handling handles network timeout gracefully
00:08 +128: /app/test/core/services/currency_conversion_service_test.dart: CurrencyConversionService - Error Handling handles network timeout gracefully
00:08 +129: /app/test/core/services/currency_conversion_service_test.dart: CurrencyConversionService - Error Handling handles network timeout gracefully
00:08 +130: /app/test/core/services/currency_conversion_service_test.dart: CurrencyConversionService - Error Handling handles network timeout gracefully
00:08 +131: /app/test/core/services/currency_conversion_service_test.dart: CurrencyConversionService - Error Handling handles network timeout gracefully
00:08 +132: /app/test/core/services/currency_conversion_service_test.dart: CurrencyConversionService - Error Handling handles network timeout gracefully
00:08 +133: /app/test/core/services/currency_conversion_service_test.dart: CurrencyConversionService - Error Handling handles network timeout gracefully
00:08 +134: /app/test/core/services/currency_conversion_service_test.dart: CurrencyConversionService - Error Handling handles network timeout gracefully
00:08 +135: /app/test/core/services/currency_conversion_service_test.dart: CurrencyConversionService - Error Handling handles network timeout gracefully
00:08 +136: /app/test/core/services/currency_conversion_service_test.dart: CurrencyConversionService - Error Handling handles network timeout gracefully
00:08 +137: /app/test/core/services/currency_conversion_service_test.dart: CurrencyConversionService - Error Handling handles network timeout gracefully
00:08 +138: /app/test/core/services/currency_conversion_service_test.dart: CurrencyConversionService - Error Handling handles network timeout gracefully
00:09 +139: /app/test/core/services/currency_conversion_service_test.dart: CurrencyConversionService - Error Handling handles network timeout gracefully
00:09 +140: /app/test/core/services/currency_conversion_service_test.dart: CurrencyConversionService - Error Handling handles network timeout gracefully
00:09 +141: /app/test/core/services/currency_conversion_service_test.dart: CurrencyConversionService - Error Handling handles network timeout gracefully
00:09 +142: /app/test/core/services/currency_conversion_service_test.dart: CurrencyConversionService - Error Handling handles network timeout gracefully
00:09 +143: /app/test/core/services/currency_conversion_service_test.dart: CurrencyConversionService - Error Handling handles network timeout gracefully
00:09 +144: /app/test/core/services/currency_conversion_service_test.dart: CurrencyConversionService - Error Handling handles network timeout gracefully
00:09 +145: /app/test/core/services/currency_conversion_service_test.dart: CurrencyConversionService - Error Handling handles network timeout gracefully
00:09 +146: /app/test/core/services/currency_conversion_service_test.dart: CurrencyConversionService - Error Handling handles network timeout gracefully
00:09 +147: /app/test/core/services/currency_conversion_service_test.dart: CurrencyConversionService - Error Handling handles network timeout gracefully
00:09 +148: /app/test/core/services/currency_conversion_service_test.dart: CurrencyConversionService - Error Handling handles network timeout gracefully
00:09 +149: /app/test/core/services/currency_conversion_service_test.dart: CurrencyConversionService - Error Handling handles network timeout gracefully
00:09 +150: /app/test/core/services/currency_conversion_service_test.dart: CurrencyConversionService - Error Handling handles network timeout gracefully
00:09 +151: /app/test/core/services/currency_conversion_service_test.dart: CurrencyConversionService - Error Handling handles network timeout gracefully
00:09 +152: /app/test/core/services/currency_conversion_service_test.dart: CurrencyConversionService - Error Handling handles network timeout gracefully
00:09 +153: /app/test/core/services/currency_conversion_service_test.dart: CurrencyConversionService - Error Handling handles network timeout gracefully
00:09 +154: /app/test/core/services/currency_conversion_service_test.dart: CurrencyConversionService - Error Handling handles network timeout gracefully
00:09 +155: /app/test/core/services/currency_conversion_service_test.dart: CurrencyConversionService - Error Handling handles network timeout gracefully
00:09 +156: /app/test/core/services/currency_conversion_service_test.dart: CurrencyConversionService - Error Handling handles network timeout gracefully
00:09 +157: /app/test/core/services/currency_conversion_service_test.dart: CurrencyConversionService - Error Handling handles network timeout gracefully
00:10 +158: /app/test/core/services/currency_conversion_service_test.dart: CurrencyConversionService - Error Handling handles network timeout gracefully
00:10 +159: /app/test/core/services/currency_conversion_service_test.dart: CurrencyConversionService - Error Handling handles network timeout gracefully
00:10 +160: /app/test/core/services/currency_conversion_service_test.dart: CurrencyConversionService - Error Handling handles network timeout gracefully
00:11 +161: /app/test/core/services/currency_conversion_service_test.dart: CurrencyConversionService - Error Handling handles network timeout gracefully
00:11 +162: /app/test/core/services/currency_conversion_service_test.dart: CurrencyConversionService - Error Handling handles network timeout gracefully
00:11 +163: /app/test/core/services/currency_conversion_service_test.dart: CurrencyConversionService - Error Handling handles network timeout gracefully
00:11 +164: /app/test/core/services/currency_conversion_service_test.dart: CurrencyConversionService - Error Handling handles network timeout gracefully
00:11 +165: /app/test/core/services/currency_conversion_service_test.dart: CurrencyConversionService - Error Handling handles network timeout gracefully
00:11 +166: /app/test/core/services/currency_conversion_service_test.dart: CurrencyConversionService - Error Handling handles network timeout gracefully
00:11 +167: /app/test/core/services/currency_conversion_service_test.dart: CurrencyConversionService - Error Handling handles network timeout gracefully
00:11 +168: /app/test/core/services/currency_conversion_service_test.dart: CurrencyConversionService - Error Handling handles network timeout gracefully
00:11 +169: /app/test/core/services/currency_conversion_service_test.dart: CurrencyConversionService - Error Handling handles network timeout gracefully
00:11 +170: /app/test/core/services/currency_conversion_service_test.dart: CurrencyConversionService - Error Handling handles network timeout gracefully
00:11 +171: /app/test/core/services/currency_conversion_service_test.dart: CurrencyConversionService - Error Handling handles network timeout gracefully
00:11 +172: /app/test/core/services/currency_conversion_service_test.dart: CurrencyConversionService - Error Handling handles network timeout gracefully
00:11 +173: /app/test/core/services/currency_conversion_service_test.dart: CurrencyConversionService - Error Handling handles network timeout gracefully
00:12 +173: /app/test/core/utils/currency_utils_benchmark_test.dart: Benchmark formatCurrency
Benchmark Result: Time taken for 10000 iterations: 138ms
Average time per iteration: 13.8014µs
00:12 +174: /app/test/core/services/currency_conversion_service_test.dart: CurrencyConversionService - Error Handling handles network timeout gracefully
00:13 +175: /app/test/core/services/currency_conversion_service_test.dart: CurrencyConversionService - Error Handling handles network timeout gracefully
00:13 +176: /app/test/core/services/currency_conversion_service_test.dart: CurrencyConversionService - Error Handling handles network timeout gracefully
00:13 +177: /app/test/core/services/currency_conversion_service_test.dart: CurrencyConversionService - Error Handling handles network timeout gracefully
00:13 +178: /app/test/core/services/currency_conversion_service_test.dart: CurrencyConversionService - Error Handling handles network timeout gracefully
00:13 +179: /app/test/core/services/currency_conversion_service_test.dart: CurrencyConversionService - Error Handling handles network timeout gracefully
00:13 +179: /app/test/core/error/error_handler_test.dart: ErrorHandler handle returns mapped exception
━━━━━━━━━━━━━━━━━━━━━━━━━━━━━━━━━━━━━━━━━━━━━━━━━━
🔴 ERROR: NetworkException
User Message: Request timed out. Please try again.
Technical: Network request timed out
Cause: TimeoutException: Test
━━━━━━━━━━━━━━━━━━━━━━━━━━━━━━━━━━━━━━━━━━━━━━━━━━
00:13 +180: /app/test/core/services/currency_conversion_service_test.dart: CurrencyConversionService - Error Handling handles network timeout gracefully
00:13 +180: /app/test/core/error/error_handler_test.dart: ErrorHandler handle logs error in debug mode
━━━━━━━━━━━━━━━━━━━━━━━━━━━━━━━━━━━━━━━━━━━━━━━━━━
🔴 ERROR: DataException
User Message: An unexpected error occurred.
Technical: Exception: Test error
Cause: Exception: Test error
━━━━━━━━━━━━━━━━━━━━━━━━━━━━━━━━━━━━━━━━━━━━━━━━━━
⚠️  Crashlytics not available (likely in test environment): [core/no-app] No Firebase App '[DEFAULT]' has been created - call Firebase.initializeApp()
00:13 +181: /app/test/core/services/currency_conversion_service_test.dart: CurrencyConversionService - Error Handling handles network timeout gracefully
00:13 +181: /app/test/core/error/error_handler_test.dart: ErrorHandler logError does not throw
━━━━━━━━━━━━━━━━━━━━━━━━━━━━━━━━━━━━━━━━━━━━━━━━━━
🔴 ERROR: DataException
User Message: An error occurred while saving your data.
Technical: Test
━━━━━━━━━━━━━━━━━━━━━━━━━━━━━━━━━━━━━━━━━━━━━━━━━━
⚠️  Crashlytics not available (likely in test environment): [core/no-app] No Firebase App '[DEFAULT]' has been created - call Firebase.initializeApp()
00:13 +182: /app/test/core/services/currency_conversion_service_test.dart: CurrencyConversionService - Error Handling handles network timeout gracefully
00:13 +182: /app/test/core/error/error_handler_test.dart: ErrorHandler logError handles exception with null cause and stackTrace
━━━━━━━━━━━━━━━━━━━━━━━━━━━━━━━━━━━━━━━━━━━━━━━━━━
🔴 ERROR: ValidationException
User Message: Name cannot be empty.
Technical: Validation failed: Name is empty or whitespace
━━━━━━━━━━━━━━━━━━━━━━━━━━━━━━━━━━━━━━━━━━━━━━━━━━
00:13 +183: /app/test/core/services/currency_conversion_service_test.dart: CurrencyConversionService - Error Handling handles network timeout gracefully
00:13 +183: /app/test/core/error/error_handler_test.dart: ErrorHandler logError handles exception with cause and stackTrace
━━━━━━━━━━━━━━━━━━━━━━━━━━━━━━━━━━━━━━━━━━━━━━━━━━
🔴 ERROR: NetworkException
User Message: Unable to connect. Please check your internet connection.
Technical: Test
Cause: Exception: Cause
Stack Trace:
#0      main.<anonymous closure>.<anonymous closure>.<anonymous closure> (file:///app/test/core/error/error_handler_test.dart:84:34)
#1      Declarer.test.<anonymous closure>.<anonymous closure> (package:test_api/src/backend/declarer.dart:253:25)
<asynchronous suspension>
#2      Declarer.test.<anonymous closure> (package:test_api/src/backend/declarer.dart:250:11)
<asynchronous suspension>
#3      Invoker._waitForOutstandingCallbacks.<anonymous closure> (package:test_api/src/backend/invoker.dart:318:9)
<asynchronous suspension>

━━━━━━━━━━━━━━━━━━━━━━━━━━━━━━━━━━━━━━━━━━━━━━━━━━
⚠️  Crashlytics not available (likely in test environment): [core/no-app] No Firebase App '[DEFAULT]' has been created - call Firebase.initializeApp()
00:13 +184: /app/test/core/services/currency_conversion_service_test.dart: CurrencyConversionService - Error Handling handles network timeout gracefully
00:14 +185: /app/test/core/services/currency_conversion_service_test.dart: CurrencyConversionService - Error Handling handles network timeout gracefully
00:14 +186: /app/test/core/services/currency_conversion_service_test.dart: CurrencyConversionService - Error Handling handles network timeout gracefully
00:14 +187: /app/test/core/services/currency_conversion_service_test.dart: CurrencyConversionService - Error Handling handles network timeout gracefully
00:14 +188: /app/test/core/services/currency_conversion_service_test.dart: CurrencyConversionService - Error Handling handles network timeout gracefully
00:14 +189: /app/test/core/services/currency_conversion_service_test.dart: CurrencyConversionService - Error Handling handles network timeout gracefully
00:14 +190: /app/test/core/services/currency_conversion_service_test.dart: CurrencyConversionService - Error Handling handles network timeout gracefully
00:14 +191: /app/test/core/services/currency_conversion_service_test.dart: CurrencyConversionService - Error Handling handles network timeout gracefully
00:14 +192: /app/test/core/services/currency_conversion_service_test.dart: CurrencyConversionService - Error Handling handles network timeout gracefully
00:14 +193: /app/test/core/services/currency_conversion_service_test.dart: CurrencyConversionService - Error Handling handles network timeout gracefully
00:14 +194: /app/test/core/services/currency_conversion_service_test.dart: CurrencyConversionService - Error Handling handles network timeout gracefully
00:14 +195: /app/test/core/services/currency_conversion_service_test.dart: CurrencyConversionService - Error Handling handles network timeout gracefully
00:14 +196: /app/test/core/services/currency_conversion_service_test.dart: CurrencyConversionService - Error Handling handles network timeout gracefully
00:14 +197: /app/test/core/services/currency_conversion_service_test.dart: CurrencyConversionService - Error Handling handles network timeout gracefully
00:14 +198: /app/test/core/services/currency_conversion_service_test.dart: CurrencyConversionService - Error Handling handles network timeout gracefully
00:14 +199: /app/test/core/services/currency_conversion_service_test.dart: CurrencyConversionService - Error Handling handles network timeout gracefully
00:14 +200: /app/test/core/services/currency_conversion_service_test.dart: CurrencyConversionService - Error Handling handles network timeout gracefully
00:14 +201: /app/test/core/services/currency_conversion_service_test.dart: CurrencyConversionService - Error Handling handles network timeout gracefully
00:14 +202: /app/test/core/services/currency_conversion_service_test.dart: CurrencyConversionService - Error Handling handles network timeout gracefully
00:14 +203: /app/test/core/services/currency_conversion_service_test.dart: CurrencyConversionService - Error Handling handles network timeout gracefully
00:17 +203: /app/test/core/notifications/notification_service_test.dart: NotificationService - Initialization should initialize the plugin on first call
━━━━━━━━━━━━━━━━━━━━━━━━━━━━━━━━━━━━━━━━━━━━━━━━━━
⚠️ WARN: Failed to get local timezone, using UTC
Error: Binding has not yet been initialized.
The "instance" getter on the ServicesBinding binding mixin is only available once that binding has been initialized.
Typically, this is done by calling "WidgetsFlutterBinding.ensureInitialized()" or "runApp()" (the latter calls the former). Typically this call is done in the "void main()" method. The "ensureInitialized" method is idempotent; calling it multiple times is not harmful. After calling that method, the "instance" getter will return the binding.
In a test, one can call "TestWidgetsFlutterBinding.ensureInitialized()" as the first line in the test's "main()" method to initialize the binding.
If ServicesBinding is a custom binding mixin, there must also be a custom binding class, like WidgetsFlutterBinding, but that mixes in the selected binding, and that is the class that must be constructed before using the "instance" getter.
━━━━━━━━━━━━━━━━━━━━━━━━━━━━━━━━━━━━━━━━━━━━━━━━━━

🔔 FakeNotificationPlugin: initialized
━━━━━━━━━━━━━━━━━━━━━━━━━━━━━━━━━━━━━━━━━━━━━━━━━━
ℹ️ INFO: NotificationService initialized
━━━━━━━━━━━━━━━━━━━━━━━━━━━━━━━━━━━━━━━━━━━━━━━━━━

00:17 +204: /app/test/core/services/currency_conversion_service_test.dart: CurrencyConversionService - Error Handling handles network timeout gracefully
00:17 +204: /app/test/core/notifications/notification_service_test.dart: NotificationService - Initialization should only initialize once even if called multiple times
━━━━━━━━━━━━━━━━━━━━━━━━━━━━━━━━━━━━━━━━━━━━━━━━━━
⚠️ WARN: Failed to get local timezone, using UTC
Error: Binding has not yet been initialized.
The "instance" getter on the ServicesBinding binding mixin is only available once that binding has been initialized.
Typically, this is done by calling "WidgetsFlutterBinding.ensureInitialized()" or "runApp()" (the latter calls the former). Typically this call is done in the "void main()" method. The "ensureInitialized" method is idempotent; calling it multiple times is not harmful. After calling that method, the "instance" getter will return the binding.
In a test, one can call "TestWidgetsFlutterBinding.ensureInitialized()" as the first line in the test's "main()" method to initialize the binding.
If ServicesBinding is a custom binding mixin, there must also be a custom binding class, like WidgetsFlutterBinding, but that mixes in the selected binding, and that is the class that must be constructed before using the "instance" getter.
━━━━━━━━━━━━━━━━━━━━━━━━━━━━━━━━━━━━━━━━━━━━━━━━━━

🔔 FakeNotificationPlugin: initialized
━━━━━━━━━━━━━━━━━━━━━━━━━━━━━━━━━━━━━━━━━━━━━━━━━━
ℹ️ INFO: NotificationService initialized
━━━━━━━━━━━━━━━━━━━━━━━━━━━━━━━━━━━━━━━━━━━━━━━━━━

00:17 +205: /app/test/core/services/currency_conversion_service_test.dart: CurrencyConversionService - Error Handling handles network timeout gracefully
00:17 +206: /app/test/core/services/currency_conversion_service_test.dart: CurrencyConversionService - Error Handling handles network timeout gracefully
00:17 +206: /app/test/core/notifications/notification_service_test.dart: NotificationService - Preferences should persist weekly summary preference and schedule/cancel
━━━━━━━━━━━━━━━━━━━━━━━━━━━━━━━━━━━━━━━━━━━━━━━━━━
⚠️ WARN: Failed to get local timezone, using UTC
Error: Binding has not yet been initialized.
The "instance" getter on the ServicesBinding binding mixin is only available once that binding has been initialized.
Typically, this is done by calling "WidgetsFlutterBinding.ensureInitialized()" or "runApp()" (the latter calls the former). Typically this call is done in the "void main()" method. The "ensureInitialized" method is idempotent; calling it multiple times is not harmful. After calling that method, the "instance" getter will return the binding.
In a test, one can call "TestWidgetsFlutterBinding.ensureInitialized()" as the first line in the test's "main()" method to initialize the binding.
If ServicesBinding is a custom binding mixin, there must also be a custom binding class, like WidgetsFlutterBinding, but that mixes in the selected binding, and that is the class that must be constructed before using the "instance" getter.
━━━━━━━━━━━━━━━━━━━━━━━━━━━━━━━━━━━━━━━━━━━━━━━━━━

🔔 FakeNotificationPlugin: initialized
━━━━━━━━━━━━━━━━━━━━━━━━━━━━━━━━━━━━━━━━━━━━━━━━━━
ℹ️ INFO: NotificationService initialized
━━━━━━━━━━━━━━━━━━━━━━━━━━━━━━━━━━━━━━━━━━━━━━━━━━

🔔 FakeNotificationPlugin: cancel(1000)
🔔 FakeNotificationPlugin: zonedSchedule(1000, 📊 Weekly Investment Summary, 2026-05-10 10:00:00.000Z)
━━━━━━━━━━━━━━━━━━━━━━━━━━━━━━━━━━━━━━━━━━━━━━━━━━
ℹ️ INFO: Weekly summary scheduled
Metadata:
  scheduledDate: 2026-05-10 10:00:00.000
━━━━━━━━━━━━━━━━━━━━━━━━━━━━━━━━━━━━━━━━━━━━━━━━━━

🔔 FakeNotificationPlugin: cancel(1000)
00:17 +207: /app/test/core/services/currency_conversion_service_test.dart: CurrencyConversionService - Error Handling handles network timeout gracefully
00:17 +208: /app/test/core/services/currency_conversion_service_test.dart: CurrencyConversionService - Error Handling handles network timeout gracefully
00:17 +209: /app/test/core/services/currency_conversion_service_test.dart: CurrencyConversionService - Error Handling handles network timeout gracefully
00:17 +210: /app/test/core/services/currency_conversion_service_test.dart: CurrencyConversionService - Error Handling handles network timeout gracefully
00:17 +211: /app/test/core/services/currency_conversion_service_test.dart: CurrencyConversionService - Error Handling handles network timeout gracefully
00:17 +212: /app/test/core/services/currency_conversion_service_test.dart: CurrencyConversionService - Error Handling handles network timeout gracefully
00:17 +212: /app/test/core/notifications/notification_service_test.dart: NotificationService - Preferences should persist monthly summary preference and schedule/cancel
━━━━━━━━━━━━━━━━━━━━━━━━━━━━━━━━━━━━━━━━━━━━━━━━━━
⚠️ WARN: Failed to get local timezone, using UTC
Error: Binding has not yet been initialized.
The "instance" getter on the ServicesBinding binding mixin is only available once that binding has been initialized.
Typically, this is done by calling "WidgetsFlutterBinding.ensureInitialized()" or "runApp()" (the latter calls the former). Typically this call is done in the "void main()" method. The "ensureInitialized" method is idempotent; calling it multiple times is not harmful. After calling that method, the "instance" getter will return the binding.
In a test, one can call "TestWidgetsFlutterBinding.ensureInitialized()" as the first line in the test's "main()" method to initialize the binding.
If ServicesBinding is a custom binding mixin, there must also be a custom binding class, like WidgetsFlutterBinding, but that mixes in the selected binding, and that is the class that must be constructed before using the "instance" getter.
━━━━━━━━━━━━━━━━━━━━━━━━━━━━━━━━━━━━━━━━━━━━━━━━━━

🔔 FakeNotificationPlugin: initialized
━━━━━━━━━━━━━━━━━━━━━━━━━━━━━━━━━━━━━━━━━━━━━━━━━━
ℹ️ INFO: NotificationService initialized
━━━━━━━━━━━━━━━━━━━━━━━━━━━━━━━━━━━━━━━━━━━━━━━━━━

🔔 FakeNotificationPlugin: cancel(1001)
🔔 FakeNotificationPlugin: zonedSchedule(1001, 📈 Monthly Income Summary, 2026-05-31 18:00:00.000Z)
━━━━━━━━━━━━━━━━━━━━━━━━━━━━━━━━━━━━━━━━━━━━━━━━━━
ℹ️ INFO: Monthly summary scheduled
Metadata:
  scheduledDate: 2026-05-31 18:00:00.000
━━━━━━━━━━━━━━━━━━━━━━━━━━━━━━━━━━━━━━━━━━━━━━━━━━

🔔 FakeNotificationPlugin: cancel(1001)
00:17 +213: /app/test/core/services/currency_conversion_service_test.dart: CurrencyConversionService - Error Handling handles network timeout gracefully
00:17 +213: /app/test/core/notifications/notification_service_test.dart: NotificationService - Test Notifications should show test notification
━━━━━━━━━━━━━━━━━━━━━━━━━━━━━━━━━━━━━━━━━━━━━━━━━━
⚠️ WARN: Failed to get local timezone, using UTC
Error: Binding has not yet been initialized.
The "instance" getter on the ServicesBinding binding mixin is only available once that binding has been initialized.
Typically, this is done by calling "WidgetsFlutterBinding.ensureInitialized()" or "runApp()" (the latter calls the former). Typically this call is done in the "void main()" method. The "ensureInitialized" method is idempotent; calling it multiple times is not harmful. After calling that method, the "instance" getter will return the binding.
In a test, one can call "TestWidgetsFlutterBinding.ensureInitialized()" as the first line in the test's "main()" method to initialize the binding.
If ServicesBinding is a custom binding mixin, there must also be a custom binding class, like WidgetsFlutterBinding, but that mixes in the selected binding, and that is the class that must be constructed before using the "instance" getter.
━━━━━━━━━━━━━━━━━━━━━━━━━━━━━━━━━━━━━━━━━━━━━━━━━━

🔔 FakeNotificationPlugin: initialized
━━━━━━━━━━━━━━━━━━━━━━━━━━━━━━━━━━━━━━━━━━━━━━━━━━
ℹ️ INFO: NotificationService initialized
━━━━━━━━━━━━━━━━━━━━━━━━━━━━━━━━━━━━━━━━━━━━━━━━━━

━━━━━━━━━━━━━━━━━━━━━━━━━━━━━━━━━━━━━━━━━━━━━━━━━━
ℹ️ INFO: Notification permissions granted
Metadata:
  granted: true
━━━━━━━━━━━━━━━━━━━━━━━━━━━━━━━━━━━━━━━━━━━━━━━━━━

🔔 FakeNotificationPlugin: show(99999, 🔔 Test Notification, If you see this, notifications are working!)
━━━━━━━━━━━━━━━━━━━━━━━━━━━━━━━━━━━━━━━━━━━━━━━━━━
ℹ️ INFO: Test notification sent successfully
━━━━━━━━━━━━━━━━━━━━━━━━━━━━━━━━━━━━━━━━━━━━━━━━━━

00:17 +214: /app/test/core/services/currency_conversion_service_test.dart: CurrencyConversionService - Error Handling handles network timeout gracefully
00:17 +214: /app/test/core/notifications/notification_service_test.dart: NotificationService - Test Notifications should schedule test notification with delay
━━━━━━━━━━━━━━━━━━━━━━━━━━━━━━━━━━━━━━━━━━━━━━━━━━
⚠️ WARN: Failed to get local timezone, using UTC
Error: Binding has not yet been initialized.
The "instance" getter on the ServicesBinding binding mixin is only available once that binding has been initialized.
Typically, this is done by calling "WidgetsFlutterBinding.ensureInitialized()" or "runApp()" (the latter calls the former). Typically this call is done in the "void main()" method. The "ensureInitialized" method is idempotent; calling it multiple times is not harmful. After calling that method, the "instance" getter will return the binding.
In a test, one can call "TestWidgetsFlutterBinding.ensureInitialized()" as the first line in the test's "main()" method to initialize the binding.
If ServicesBinding is a custom binding mixin, there must also be a custom binding class, like WidgetsFlutterBinding, but that mixes in the selected binding, and that is the class that must be constructed before using the "instance" getter.
━━━━━━━━━━━━━━━━━━━━━━━━━━━━━━━━━━━━━━━━━━━━━━━━━━

🔔 FakeNotificationPlugin: initialized
━━━━━━━━━━━━━━━━━━━━━━━━━━━━━━━━━━━━━━━━━━━━━━━━━━
ℹ️ INFO: NotificationService initialized
━━━━━━━━━━━━━━━━━━━━━━━━━━━━━━━━━━━━━━━━━━━━━━━━━━

━━━━━━━━━━━━━━━━━━━━━━━━━━━━━━━━━━━━━━━━━━━━━━━━━━
ℹ️ INFO: Notification permissions granted
Metadata:
  granted: true
━━━━━━━━━━━━━━━━━━━━━━━━━━━━━━━━━━━━━━━━━━━━━━━━━━

🔔 FakeNotificationPlugin: zonedSchedule(99998, ⏰ Scheduled Test Notification, 2026-05-08 17:23:36.820853Z)
━━━━━━━━━━━━━━━━━━━━━━━━━━━━━━━━━━━━━━━━━━━━━━━━━━
ℹ️ INFO: Test notification scheduled
Metadata:
  scheduledTime: 2026-05-08 17:23:36.820853
  delaySeconds: 10
━━━━━━━━━━━━━━━━━━━━━━━━━━━━━━━━━━━━━━━━━━━━━━━━━━

00:17 +215: /app/test/core/services/currency_conversion_service_test.dart: CurrencyConversionService - Error Handling handles network timeout gracefully
00:17 +215: /app/test/core/notifications/notification_service_test.dart: NotificationService - Test Notifications should schedule test notification with correct delay time
━━━━━━━━━━━━━━━━━━━━━━━━━━━━━━━━━━━━━━━━━━━━━━━━━━
⚠️ WARN: Failed to get local timezone, using UTC
Error: Binding has not yet been initialized.
The "instance" getter on the ServicesBinding binding mixin is only available once that binding has been initialized.
Typically, this is done by calling "WidgetsFlutterBinding.ensureInitialized()" or "runApp()" (the latter calls the former). Typically this call is done in the "void main()" method. The "ensureInitialized" method is idempotent; calling it multiple times is not harmful. After calling that method, the "instance" getter will return the binding.
In a test, one can call "TestWidgetsFlutterBinding.ensureInitialized()" as the first line in the test's "main()" method to initialize the binding.
If ServicesBinding is a custom binding mixin, there must also be a custom binding class, like WidgetsFlutterBinding, but that mixes in the selected binding, and that is the class that must be constructed before using the "instance" getter.
━━━━━━━━━━━━━━━━━━━━━━━━━━━━━━━━━━━━━━━━━━━━━━━━━━

🔔 FakeNotificationPlugin: initialized
━━━━━━━━━━━━━━━━━━━━━━━━━━━━━━━━━━━━━━━━━━━━━━━━━━
ℹ️ INFO: NotificationService initialized
━━━━━━━━━━━━━━━━━━━━━━━━━━━━━━━━━━━━━━━━━━━━━━━━━━

━━━━━━━━━━━━━━━━━━━━━━━━━━━━━━━━━━━━━━━━━━━━━━━━━━
ℹ️ INFO: Notification permissions granted
Metadata:
  granted: true
━━━━━━━━━━━━━━━━━━━━━━━━━━━━━━━━━━━━━━━━━━━━━━━━━━

🔔 FakeNotificationPlugin: zonedSchedule(99998, ⏰ Scheduled Test Notification, 2026-05-08 17:23:31.837070Z)
━━━━━━━━━━━━━━━━━━━━━━━━━━━━━━━━━━━━━━━━━━━━━━━━━━
ℹ️ INFO: Test notification scheduled
Metadata:
  scheduledTime: 2026-05-08 17:23:31.837070
  delaySeconds: 5
━━━━━━━━━━━━━━━━━━━━━━━━━━━━━━━━━━━━━━━━━━━━━━━━━━

00:17 +216: /app/test/core/services/currency_conversion_service_test.dart: CurrencyConversionService - Error Handling handles network timeout gracefully
00:17 +216: /app/test/core/notifications/notification_service_test.dart: NotificationService - Weekly Summary should schedule weekly summary for next Sunday
━━━━━━━━━━━━━━━━━━━━━━━━━━━━━━━━━━━━━━━━━━━━━━━━━━
⚠️ WARN: Failed to get local timezone, using UTC
Error: Binding has not yet been initialized.
The "instance" getter on the ServicesBinding binding mixin is only available once that binding has been initialized.
Typically, this is done by calling "WidgetsFlutterBinding.ensureInitialized()" or "runApp()" (the latter calls the former). Typically this call is done in the "void main()" method. The "ensureInitialized" method is idempotent; calling it multiple times is not harmful. After calling that method, the "instance" getter will return the binding.
In a test, one can call "TestWidgetsFlutterBinding.ensureInitialized()" as the first line in the test's "main()" method to initialize the binding.
If ServicesBinding is a custom binding mixin, there must also be a custom binding class, like WidgetsFlutterBinding, but that mixes in the selected binding, and that is the class that must be constructed before using the "instance" getter.
━━━━━━━━━━━━━━━━━━━━━━━━━━━━━━━━━━━━━━━━━━━━━━━━━━

🔔 FakeNotificationPlugin: initialized
━━━━━━━━━━━━━━━━━━━━━━━━━━━━━━━━━━━━━━━━━━━━━━━━━━
ℹ️ INFO: NotificationService initialized
━━━━━━━━━━━━━━━━━━━━━━━━━━━━━━━━━━━━━━━━━━━━━━━━━━

🔔 FakeNotificationPlugin: cancel(1000)
🔔 FakeNotificationPlugin: zonedSchedule(1000, 📊 Weekly Investment Summary, 2026-05-10 10:00:00.000Z)
━━━━━━━━━━━━━━━━━━━━━━━━━━━━━━━━━━━━━━━━━━━━━━━━━━
ℹ️ INFO: Weekly summary scheduled
Metadata:
  scheduledDate: 2026-05-10 10:00:00.000
━━━━━━━━━━━━━━━━━━━━━━━━━━━━━━━━━━━━━━━━━━━━━━━━━━

00:17 +217: /app/test/core/services/currency_conversion_service_test.dart: CurrencyConversionService - Error Handling handles network timeout gracefully
00:17 +217: /app/test/core/notifications/notification_service_test.dart: NotificationService - Weekly Summary should not schedule weekly summary when disabled
🔔 FakeNotificationPlugin: cancel(1000)
━━━━━━━━━━━━━━━━━━━━━━━━━━━━━━━━━━━━━━━━━━━━━━━━━━
⚠️ WARN: Failed to get local timezone, using UTC
Error: Binding has not yet been initialized.
00:17 +218: /app/test/core/services/currency_conversion_service_test.dart: CurrencyConversionService - Error Handling handles network timeout gracefully
00:17 +219: /app/test/core/services/currency_conversion_service_test.dart: CurrencyConversionService - Error Handling handles network timeout gracefully
00:17 +220: /app/test/core/services/currency_conversion_service_test.dart: CurrencyConversionService - Error Handling handles network timeout gracefully
00:17 +221: /app/test/core/services/currency_conversion_service_test.dart: CurrencyConversionService - Error Handling handles network timeout gracefully
00:17 +222: /app/test/core/services/currency_conversion_service_test.dart: CurrencyConversionService - Error Handling handles network timeout gracefully
00:17 +223: /app/test/core/services/currency_conversion_service_test.dart: CurrencyConversionService - Error Handling handles network timeout gracefully
00:17 +224: /app/test/core/services/currency_conversion_service_test.dart: CurrencyConversionService - Error Handling handles network timeout gracefully
00:17 +225: /app/test/core/services/currency_conversion_service_test.dart: CurrencyConversionService - Error Handling handles network timeout gracefully
00:17 +226: /app/test/core/services/currency_conversion_service_test.dart: CurrencyConversionService - Error Handling handles network timeout gracefully
00:17 +227: /app/test/core/services/currency_conversion_service_test.dart: CurrencyConversionService - Error Handling handles network timeout gracefully
00:17 +228: /app/test/core/services/currency_conversion_service_test.dart: CurrencyConversionService - Error Handling handles network timeout gracefully
00:17 +229: /app/test/core/services/currency_conversion_service_test.dart: CurrencyConversionService - Error Handling handles network timeout gracefully
00:17 +230: /app/test/core/services/currency_conversion_service_test.dart: CurrencyConversionService - Error Handling handles network timeout gracefully
00:17 +231: /app/test/core/services/currency_conversion_service_test.dart: CurrencyConversionService - Error Handling handles network timeout gracefully
00:17 +232: /app/test/core/services/currency_conversion_service_test.dart: CurrencyConversionService - Error Handling handles network timeout gracefully
00:17 +233: /app/test/core/services/currency_conversion_service_test.dart: CurrencyConversionService - Error Handling handles network timeout gracefully
00:17 +234: /app/test/core/services/currency_conversion_service_test.dart: CurrencyConversionService - Error Handling handles network timeout gracefully
00:17 +235: /app/test/core/services/currency_conversion_service_test.dart: CurrencyConversionService - Error Handling handles network timeout gracefully
00:17 +236: /app/test/core/services/currency_conversion_service_test.dart: CurrencyConversionService - Error Handling handles network timeout gracefully
00:17 +237: /app/test/core/services/currency_conversion_service_test.dart: CurrencyConversionService - Error Handling handles network timeout gracefully
00:17 +238: /app/test/core/services/currency_conversion_service_test.dart: CurrencyConversionService - Error Handling handles network timeout gracefully
00:17 +239: /app/test/core/services/currency_conversion_service_test.dart: CurrencyConversionService - Error Handling handles network timeout gracefully
00:17 +240: /app/test/core/services/currency_conversion_service_test.dart: CurrencyConversionService - Error Handling handles network timeout gracefully
00:17 +241: /app/test/core/services/currency_conversion_service_test.dart: CurrencyConversionService - Error Handling handles network timeout gracefully
00:17 +242: /app/test/core/services/currency_conversion_service_test.dart: CurrencyConversionService - Error Handling handles network timeout gracefully
00:17 +243: /app/test/core/services/currency_conversion_service_test.dart: CurrencyConversionService - Error Handling handles network timeout gracefully
00:17 +244: /app/test/core/services/currency_conversion_service_test.dart: CurrencyConversionService - Error Handling handles network timeout gracefully
00:17 +245: /app/test/core/services/currency_conversion_service_test.dart: CurrencyConversionService - Error Handling handles network timeout gracefully
00:17 +246: /app/test/core/services/currency_conversion_service_test.dart: CurrencyConversionService - Error Handling handles network timeout gracefully
00:17 +247: /app/test/core/services/currency_conversion_service_test.dart: CurrencyConversionService - Error Handling handles network timeout gracefully
00:17 +248: /app/test/core/services/currency_conversion_service_test.dart: CurrencyConversionService - Error Handling handles network timeout gracefully
00:17 +249: /app/test/core/services/currency_conversion_service_test.dart: CurrencyConversionService - Error Handling handles network timeout gracefully
00:17 +250: /app/test/core/services/currency_conversion_service_test.dart: CurrencyConversionService - Error Handling handles network timeout gracefully
00:17 +251: /app/test/core/services/currency_conversion_service_test.dart: CurrencyConversionService - Error Handling handles network timeout gracefully
00:17 +252: /app/test/core/services/currency_conversion_service_test.dart: CurrencyConversionService - Error Handling handles network timeout gracefully
00:17 +253: /app/test/core/services/currency_conversion_service_test.dart: CurrencyConversionService - Error Handling handles network timeout gracefully
00:17 +254: /app/test/core/services/currency_conversion_service_test.dart: CurrencyConversionService - Error Handling handles network timeout gracefully
00:17 +255: /app/test/core/services/currency_conversion_service_test.dart: CurrencyConversionService - Error Handling handles network timeout gracefully
00:17 +256: /app/test/core/services/currency_conversion_service_test.dart: CurrencyConversionService - Error Handling handles network timeout gracefully
00:17 +257: /app/test/core/services/currency_conversion_service_test.dart: CurrencyConversionService - Error Handling handles network timeout gracefully
00:17 +258: /app/test/core/services/currency_conversion_service_test.dart: CurrencyConversionService - Error Handling handles network timeout gracefully
00:17 +259: /app/test/core/services/currency_conversion_service_test.dart: CurrencyConversionService - Error Handling handles network timeout gracefully
00:17 +260: /app/test/core/services/currency_conversion_service_test.dart: CurrencyConversionService - Error Handling handles network timeout gracefully
00:17 +261: /app/test/core/services/currency_conversion_service_test.dart: CurrencyConversionService - Error Handling handles network timeout gracefully
00:17 +262: /app/test/core/services/currency_conversion_service_test.dart: CurrencyConversionService - Error Handling handles network timeout gracefully
00:17 +263: /app/test/core/services/currency_conversion_service_test.dart: CurrencyConversionService - Error Handling handles network timeout gracefully
00:17 +264: /app/test/core/services/currency_conversion_service_test.dart: CurrencyConversionService - Error Handling handles network timeout gracefully
00:17 +265: /app/test/core/services/currency_conversion_service_test.dart: CurrencyConversionService - Error Handling handles network timeout gracefully
00:17 +266: /app/test/core/services/currency_conversion_service_test.dart: CurrencyConversionService - Error Handling handles network timeout gracefully
00:17 +267: /app/test/core/services/currency_conversion_service_test.dart: CurrencyConversionService - Error Handling handles network timeout gracefully
00:17 +268: /app/test/core/services/currency_conversion_service_test.dart: CurrencyConversionService - Error Handling handles network timeout gracefully
00:17 +269: /app/test/core/services/currency_conversion_service_test.dart: CurrencyConversionService - Error Handling handles network timeout gracefully
00:17 +270: /app/test/core/services/currency_conversion_service_test.dart: CurrencyConversionService - Error Handling handles network timeout gracefully
00:17 +271: /app/test/core/services/currency_conversion_service_test.dart: CurrencyConversionService - Error Handling handles network timeout gracefully
00:17 +272: /app/test/core/services/currency_conversion_service_test.dart: CurrencyConversionService - Error Handling handles network timeout gracefully
00:17 +273: /app/test/core/services/currency_conversion_service_test.dart: CurrencyConversionService - Error Handling handles network timeout gracefully
00:17 +274: /app/test/core/services/currency_conversion_service_test.dart: CurrencyConversionService - Error Handling handles network timeout gracefully
00:17 +275: /app/test/core/services/currency_conversion_service_test.dart: CurrencyConversionService - Error Handling handles network timeout gracefully
00:17 +276: /app/test/core/services/currency_conversion_service_test.dart: CurrencyConversionService - Error Handling handles network timeout gracefully
00:17 +277: /app/test/core/services/currency_conversion_service_test.dart: CurrencyConversionService - Error Handling handles network timeout gracefully
00:17 +278: /app/test/core/services/currency_conversion_service_test.dart: CurrencyConversionService - Error Handling handles network timeout gracefully
00:17 +279: /app/test/core/services/currency_conversion_service_test.dart: CurrencyConversionService - Error Handling handles network timeout gracefully
00:17 +280: /app/test/core/services/currency_conversion_service_test.dart: CurrencyConversionService - Error Handling handles network timeout gracefully
00:17 +281: /app/test/core/services/currency_conversion_service_test.dart: CurrencyConversionService - Error Handling handles network timeout gracefully
00:17 +282: /app/test/core/services/currency_conversion_service_test.dart: CurrencyConversionService - Error Handling handles network timeout gracefully
00:17 +283: /app/test/core/services/currency_conversion_service_test.dart: CurrencyConversionService - Error Handling handles network timeout gracefully
00:17 +284: /app/test/core/services/currency_conversion_service_test.dart: CurrencyConversionService - Error Handling handles network timeout gracefully
00:17 +285: /app/test/core/services/currency_conversion_service_test.dart: CurrencyConversionService - Error Handling handles network timeout gracefully
00:17 +286: /app/test/core/services/currency_conversion_service_test.dart: CurrencyConversionService - Error Handling handles network timeout gracefully
00:18 +287: /app/test/core/services/currency_conversion_service_test.dart: CurrencyConversionService - Error Handling handles network timeout gracefully
00:18 +288: /app/test/core/services/currency_conversion_service_test.dart: CurrencyConversionService - Error Handling handles network timeout gracefully
00:18 +289: /app/test/core/services/currency_conversion_service_test.dart: CurrencyConversionService - Error Handling handles network timeout gracefully
00:18 +290: /app/test/core/services/currency_conversion_service_test.dart: CurrencyConversionService - Error Handling handles network timeout gracefully
00:18 +291: /app/test/core/services/currency_conversion_service_test.dart: CurrencyConversionService - Error Handling handles network timeout gracefully
00:18 +292: /app/test/core/services/currency_conversion_service_test.dart: CurrencyConversionService - Error Handling handles network timeout gracefully
00:18 +293: /app/test/core/services/currency_conversion_service_test.dart: CurrencyConversionService - Error Handling handles network timeout gracefully
00:18 +294: /app/test/core/services/currency_conversion_service_test.dart: CurrencyConversionService - Error Handling handles network timeout gracefully
00:18 +295: /app/test/core/services/currency_conversion_service_test.dart: CurrencyConversionService - Error Handling handles network timeout gracefully
00:18 +296: /app/test/core/services/currency_conversion_service_test.dart: CurrencyConversionService - Error Handling handles network timeout gracefully
00:18 +297: /app/test/core/services/currency_conversion_service_test.dart: CurrencyConversionService - Error Handling handles network timeout gracefully
00:18 +298: /app/test/core/services/currency_conversion_service_test.dart: CurrencyConversionService - Error Handling handles network timeout gracefully
00:18 +299: /app/test/core/services/currency_conversion_service_test.dart: CurrencyConversionService - Error Handling handles network timeout gracefully
00:19 +300: /app/test/core/services/currency_conversion_service_test.dart: CurrencyConversionService - Error Handling handles network timeout gracefully
00:19 +301: /app/test/core/services/currency_conversion_service_test.dart: CurrencyConversionService - Error Handling handles network timeout gracefully
00:19 +302: /app/test/core/services/currency_conversion_service_test.dart: CurrencyConversionService - Error Handling handles network timeout gracefully
00:19 +303: /app/test/core/services/currency_conversion_service_test.dart: CurrencyConversionService - Error Handling handles network timeout gracefully
00:19 +304: /app/test/core/services/currency_conversion_service_test.dart: CurrencyConversionService - Error Handling handles network timeout gracefully
00:19 +305: /app/test/core/services/currency_conversion_service_test.dart: CurrencyConversionService - Error Handling handles network timeout gracefully
00:19 +306: /app/test/core/services/currency_conversion_service_test.dart: CurrencyConversionService - Error Handling handles network timeout gracefully
00:19 +307: /app/test/core/services/currency_conversion_service_test.dart: CurrencyConversionService - Error Handling handles network timeout gracefully
00:19 +308: /app/test/core/services/currency_conversion_service_test.dart: CurrencyConversionService - Error Handling handles network timeout gracefully
00:19 +309: /app/test/core/services/currency_conversion_service_test.dart: CurrencyConversionService - Error Handling handles network timeout gracefully
00:19 +310: /app/test/core/services/currency_conversion_service_test.dart: CurrencyConversionService - Error Handling handles network timeout gracefully
00:19 +311: /app/test/core/services/currency_conversion_service_test.dart: CurrencyConversionService - Error Handling handles network timeout gracefully
00:19 +312: /app/test/core/services/currency_conversion_service_test.dart: CurrencyConversionService - Error Handling handles network timeout gracefully
00:19 +313: /app/test/core/services/currency_conversion_service_test.dart: CurrencyConversionService - Error Handling handles network timeout gracefully
00:19 +314: /app/test/core/services/currency_conversion_service_test.dart: CurrencyConversionService - Error Handling handles network timeout gracefully
00:19 +315: /app/test/core/services/currency_conversion_service_test.dart: CurrencyConversionService - Error Handling handles network timeout gracefully
00:19 +316: /app/test/core/services/currency_conversion_service_test.dart: CurrencyConversionService - Error Handling handles network timeout gracefully
00:19 +317: /app/test/core/services/currency_conversion_service_test.dart: CurrencyConversionService - Error Handling handles network timeout gracefully
00:19 +318: /app/test/core/services/currency_conversion_service_test.dart: CurrencyConversionService - Error Handling handles network timeout gracefully
00:19 +319: /app/test/core/services/currency_conversion_service_test.dart: CurrencyConversionService - Error Handling handles network timeout gracefully
00:19 +320: /app/test/core/services/currency_conversion_service_test.dart: CurrencyConversionService - Error Handling handles network timeout gracefully
00:19 +321: /app/test/core/services/currency_conversion_service_test.dart: CurrencyConversionService - Error Handling handles network timeout gracefully
00:19 +322: /app/test/core/services/currency_conversion_service_test.dart: CurrencyConversionService - Error Handling handles network timeout gracefully
00:19 +323: /app/test/core/services/currency_conversion_service_test.dart: CurrencyConversionService - Error Handling handles network timeout gracefully
00:19 +324: /app/test/core/services/currency_conversion_service_test.dart: CurrencyConversionService - Error Handling handles network timeout gracefully
00:19 +325: /app/test/core/services/currency_conversion_service_test.dart: CurrencyConversionService - Error Handling handles network timeout gracefully
00:19 +326: /app/test/core/services/currency_conversion_service_test.dart: CurrencyConversionService - Error Handling handles network timeout gracefully
00:19 +327: /app/test/core/services/currency_conversion_service_test.dart: CurrencyConversionService - Error Handling handles network timeout gracefully
00:19 +328: /app/test/core/services/currency_conversion_service_test.dart: CurrencyConversionService - Error Handling handles network timeout gracefully
00:19 +329: /app/test/core/services/currency_conversion_service_test.dart: CurrencyConversionService - Error Handling handles network timeout gracefully
00:19 +330: /app/test/core/services/currency_conversion_service_test.dart: CurrencyConversionService - Error Handling handles network timeout gracefully
00:19 +331: /app/test/core/services/currency_conversion_service_test.dart: CurrencyConversionService - Error Handling handles network timeout gracefully
00:19 +332: /app/test/core/services/currency_conversion_service_test.dart: CurrencyConversionService - Error Handling handles network timeout gracefully
00:19 +333: /app/test/core/services/currency_conversion_service_test.dart: CurrencyConversionService - Error Handling handles network timeout gracefully
00:19 +334: /app/test/core/services/currency_conversion_service_test.dart: CurrencyConversionService - Error Handling handles network timeout gracefully
00:19 +335: /app/test/core/services/currency_conversion_service_test.dart: CurrencyConversionService - Error Handling handles network timeout gracefully
00:22 +336: /app/test/core/widgets/privacy_mask_semantics_test.dart: PrivacyMask Security should hide child semantics when privacy mode is on
00:22 +337: /app/test/core/widgets/privacy_mask_semantics_test.dart: PrivacyMask Security should hide child semantics when privacy mode is on
00:22 +338: /app/test/core/widgets/privacy_mask_semantics_test.dart: MaskedAmountText Security should announce "Hidden amount" instead of bullets
00:23 +339: /app/test/core/widgets/type_selector_test.dart: TypeSelector chips have correct semantics
00:24 +340: /app/test/core/widgets/privacy_toggle_button_test.dart: PrivacyToggleButton has semantic label
00:24 +341: /app/test/core/widgets/privacy_toggle_button_test.dart: PrivacyToggleButton has semantic label
00:25 +342: /app/test/core/widgets/privacy_toggle_button_test.dart: PrivacyToggleButton toggles semantics when tapped
00:25 +343: /app/test/core/widgets/privacy_toggle_button_test.dart: PrivacyToggleButton has tooltip
00:25 +344: /app/test/core/widgets/privacy_toggle_button_test.dart: PrivacyToggleButton is tappable as a button
00:25 +345: /app/test/core/widgets/privacy_toggle_button_test.dart: CompactPrivacyToggle has tooltip for accessibility
00:25 +346: /app/test/core/widgets/privacy_toggle_button_test.dart: CompactPrivacyToggle toggles tooltip when tapped
00:26 +347: /app/test/core/widgets/change_badge_test.dart: ChangeBadge displays positive value with plus sign
00:27 +348: /app/test/core/widgets/change_badge_test.dart: ChangeBadge displays negative value without plus sign
00:27 +349: /app/test/core/widgets/change_badge_test.dart: ChangeBadge displays zero value without sign
00:27 +350: /app/test/core/widgets/change_badge_test.dart: ChangeBadge shows upward icon for positive value
00:27 +351: /app/test/core/widgets/change_badge_test.dart: ChangeBadge shows downward icon for negative value
00:27 +352: /app/test/core/widgets/change_badge_test.dart: ChangeBadge hides icon when showIcon is false
00:27 +353: /app/test/core/widgets/change_badge_test.dart: ChangeBadge displays custom prefix
00:27 +354: /app/test/core/widgets/change_badge_test.dart: ChangeBadge displays custom suffix
00:27 +355: /app/test/core/widgets/change_badge_test.dart: ChangeBadge works with all sizes
00:27 +356: /app/test/core/widgets/change_badge_test.dart: StatusBadge displays label text
00:27 +357: /app/test/core/widgets/change_badge_test.dart: StatusBadge renders with outlined style
00:27 +358: /app/test/core/widgets/swipe_actions_test.dart: SwipeActions - Configuration should render child when no actions configured
00:28 +359: /app/test/core/widgets/swipe_actions_test.dart: SwipeActions - Configuration should render child when disabled
00:28 +360: /app/test/core/widgets/swipe_actions_test.dart: SwipeActions - Configuration should wrap with Dismissible when delete action configured
00:28 +361: /app/test/core/widgets/swipe_actions_test.dart: SwipeActions - Configuration should wrap with Dismissible when archive action configured
00:28 +362: /app/test/core/widgets/swipe_actions_test.dart: SwipeActions - Configuration should wrap with Dismissible when both actions configured
00:28 +363: /app/test/core/widgets/swipe_actions_test.dart: SwipeActions - Direction should allow only endToStart when only delete configured
00:28 +364: /app/test/core/widgets/swipe_actions_test.dart: SwipeActions - Direction should allow only startToEnd when only archive configured
00:28 +365: /app/test/core/widgets/swipe_actions_test.dart: SwipeActions - Direction should allow horizontal when both actions configured
00:28 +366: /app/test/core/widgets/swipe_actions_test.dart: SwipeActions - ArchiveActionConfig should show archive icon when not archived
00:29 +367: /app/test/core/widgets/swipe_actions_test.dart: SwipeActions - ArchiveActionConfig should show unarchive icon when archived
00:29 +368: /app/test/core/widgets/swipe_actions_test.dart: SwipeActions - Delete Background should show delete icon when swiping left
00:29 +369: /app/test/core/widgets/swipe_actions_test.dart: SwipeActions - Item Key should use itemKey for Dismissible key
00:29 +370: /app/test/core/widgets/swipe_actions_semantics_test.dart: SwipeActions exposes Delete custom semantics action
00:29 +371: /app/test/core/widgets/swipe_actions_semantics_test.dart: SwipeActions exposes Delete custom semantics action
00:29 +372: /app/test/core/widgets/swipe_actions_semantics_test.dart: SwipeActions exposes Delete custom semantics action
00:29 +373: /app/test/core/widgets/swipe_actions_semantics_test.dart: SwipeActions exposes Delete custom semantics action
00:29 +374: /app/test/core/widgets/swipe_actions_semantics_test.dart: SwipeActions exposes Delete custom semantics action
00:29 +375: /app/test/core/widgets/swipe_actions_semantics_test.dart: SwipeActions exposes Archive custom semantics action
00:30 +376: /app/test/core/widgets/swipe_actions_semantics_test.dart: SwipeActions exposes Unarchive custom semantics action when archived
00:30 +377: /app/test/core/widgets/swipe_actions_semantics_test.dart: SwipeActions exposes both Delete and Archive actions
00:31 +378: /app/test/core/widgets/privacy_mask_text_mode_semantics_test.dart: PrivacyMask Text Mode Security should announce "Hidden content" when useTextMask is true
00:31 +379: /app/test/core/widgets/staggered_fade_in_test.dart: StaggeredFadeIn should clamp delay for large indices
00:33 +380: /app/test/core/widgets/privacy_mask_test.dart: PrivacyMask should show child when privacy mode is off
00:34 +381: /app/test/core/widgets/privacy_mask_test.dart: PrivacyMask should hide child with blur when privacy mode is on
00:34 +382: /app/test/core/widgets/privacy_mask_test.dart: PrivacyMask should show masked text when useTextMask is true
00:34 +383: /app/test/core/widgets/shimmer_effect_semantics_test.dart: ShimmerEffect should not have semantics initially
00:34 +384: /app/test/core/widgets/shimmer_effect_semantics_test.dart: ShimmerEffect should not have semantics initially
00:34 +385: /app/test/core/widgets/shimmer_effect_semantics_test.dart: ShimmerEffect should not have semantics initially
00:34 +386: /app/test/core/widgets/shimmer_effect_semantics_test.dart: ShimmerEffect should not have semantics initially
00:34 +387: /app/test/core/widgets/shimmer_effect_semantics_test.dart: ShimmerEffect should not have semantics initially
00:34 +388: /app/test/core/widgets/shimmer_effect_semantics_test.dart: ShimmerEffect should not have semantics initially
00:35 +389: /app/test/core/widgets/shimmer_effect_semantics_test.dart: ShimmerEffect should accept custom semantic label
00:35 +390: /app/test/core/widgets/shimmer_effect_semantics_test.dart: HeroCardSkeleton should have specific semantics
00:36 +391: /app/test/core/widgets/gradient_button_test.dart: GradientButton semantics test
00:37 +392: /app/test/core/widgets/currency_selector_test.dart: CurrencySelector Widget Tests displays selected currency correctly
00:38 +393: /app/test/core/widgets/currency_selector_test.dart: CurrencySelector Widget Tests shows currency picker on tap
00:39 +394: /app/test/core/widgets/metric_tile_test.dart: MetricTile Semantics constructs semantic label with trend information
00:39 +395: /app/test/core/widgets/metric_tile_test.dart: MetricTile Semantics constructs semantic label with trend information
00:39 +396: /app/test/core/widgets/metric_tile_test.dart: MetricTile Semantics constructs semantic label with trend information
00:39 +397: /app/test/core/widgets/metric_tile_test.dart: MetricTile Semantics constructs semantic label with trend information
00:39 +398: /app/test/core/widgets/metric_tile_test.dart: MetricTile Semantics handles negative trend semantics
00:39 +399: /app/test/core/widgets/metric_tile_test.dart: MetricTile Semantics uses default semantics when change is null
00:39 +400: /app/test/core/widgets/metric_tile_test.dart: MetricTile Semantics is not a button when onTap is null
00:41 +401: /app/test/core/widgets/compact_amount_text_test.dart: CompactAmountText Accessibility Normal mode: Should have accessible label with full amount
00:42 +402: /app/test/core/widgets/glass_card_test.dart: GlassCard has semantic button when onTap is provided
00:42 +403: /app/test/core/widgets/glass_card_test.dart: GlassCard has semantic button when onTap is provided
00:42 +404: /app/test/core/widgets/glass_card_test.dart: GlassCard has semantic button when onTap is provided
00:42 +405: /app/test/core/widgets/glass_card_test.dart: GlassCard has semantic button when onTap is provided
00:42 +406: /app/test/core/widgets/glass_card_test.dart: GlassCard has semantic button when onTap is provided
══╡ EXCEPTION CAUGHT BY FLUTTER TEST FRAMEWORK ╞════════════════════════════════════════════════════
The following TestFailure was thrown running a test:
Expected: has semantics with label: Content with actions: [tap, focus]  without actions: [longPress,
scrollLeft, scrollRight, scrollUp, scrollDown, increase, decrease, showOnScreen,
moveCursorForwardByCharacter, moveCursorBackwardByCharacter, setSelection, copy, cut, paste,
didGainAccessibilityFocus, didLoseAccessibilityFocus, dismiss, moveCursorForwardByWord,
moveCursorBackwardByWord, setText]  with flags: isButton,isFocusable  without flags:
hasCheckedState, isChecked, isCheckStateMixed, isSelected, hasSelectedState, isSlider,
isKeyboardKey, isLink, isTextField, isReadOnly, isFocused, hasEnabledState, isEnabled,
isInMutuallyExclusiveGroup, isHeader, isObscured, isMultiline, namesRoute, scopesRoute, isHidden,
isImage, isLiveRegion, hasToggledState, isToggled, hasImplicitScrolling, hasExpandedState,
isExpanded, hasRequiredState, isRequired  with validation result: SemanticsValidationResult.none
  Actual: SemanticsNode:<SemanticsNode#4(Rect.fromLTRB(0.0, 0.0, 133.8, 54.0), actions: [focus],
flags: [isFocusable])>
   Which: label was

When the exception was thrown, this was the stack:
#4      main.<anonymous closure>.<anonymous closure> (file:///app/test/core/widgets/glass_card_test.dart:17:7)
<asynchronous suspension>
#5      testWidgets.<anonymous closure>.<anonymous closure> (package:flutter_test/src/widget_tester.dart:192:15)
<asynchronous suspension>
#6      TestWidgetsFlutterBinding._runTestBody (package:flutter_test/src/binding.dart:1682:5)
<asynchronous suspension>
<asynchronous suspension>
(elided one frame from package:stack_trace)

This was caught by the test expectation on the following line:
  file:///app/test/core/widgets/glass_card_test.dart line 17
The test description was:
  has semantic button when onTap is provided
════════════════════════════════════════════════════════════════════════════════════════════════════
00:42 +406 -1: /app/test/core/widgets/compact_amount_text_test.dart: CompactAmountText Copy Button Tooltip Copy button with "Copy amount" tooltip is tappable and shows copied snackbar
00:43 +406 -1: /app/test/core/widgets/glass_card_test.dart: GlassCard has semantic button when onTap is provided [E]
  Test failed. See exception logs above.
  The test description was: has semantic button when onTap is provided

00:43 +407 -1: /app/test/core/widgets/glass_card_test.dart: GlassCard has no semantic button when onTap is null
00:43 +408 -1: /app/test/core/widgets/glass_card_test.dart: GlassCard has no semantic button when onTap is null
00:43 +409 -1: /app/test/core/widgets/glass_card_test.dart: GlassCard excludes child semantics when semanticLabel is provided
00:43 +410 -1: /app/test/core/widgets/glass_card_test.dart: GlassCard GlassCard with blur: 0 removes shadows for performance
00:43 +411 -1: /app/test/core/widgets/glass_card_test.dart: GlassCard supports selected state
══╡ EXCEPTION CAUGHT BY FLUTTER TEST FRAMEWORK ╞════════════════════════════════════════════════════
The following TestFailure was thrown running a test:
Expected: has semantics with label: Content with actions: [tap, focus]  without actions: [longPress,
scrollLeft, scrollRight, scrollUp, scrollDown, increase, decrease, showOnScreen,
moveCursorForwardByCharacter, moveCursorBackwardByCharacter, setSelection, copy, cut, paste,
didGainAccessibilityFocus, didLoseAccessibilityFocus, dismiss, moveCursorForwardByWord,
moveCursorBackwardByWord, setText]  with flags: isSelected,hasSelectedState,isButton,isFocusable
without flags: hasCheckedState, isChecked, isCheckStateMixed, isSlider, isKeyboardKey, isLink,
isTextField, isReadOnly, isFocused, hasEnabledState, isEnabled, isInMutuallyExclusiveGroup,
isHeader, isObscured, isMultiline, namesRoute, scopesRoute, isHidden, isImage, isLiveRegion,
hasToggledState, isToggled, hasImplicitScrolling, hasExpandedState, isExpanded, hasRequiredState,
isRequired  with validation result: SemanticsValidationResult.none
  Actual: SemanticsNode:<SemanticsNode#4(Rect.fromLTRB(0.0, 0.0, 133.8, 54.0), actions: [focus],
flags: [isFocusable])>
   Which: label was

When the exception was thrown, this was the stack:
#4      main.<anonymous closure>.<anonymous closure> (file:///app/test/core/widgets/glass_card_test.dart:131:7)
<asynchronous suspension>
#5      testWidgets.<anonymous closure>.<anonymous closure> (package:flutter_test/src/widget_tester.dart:192:15)
<asynchronous suspension>
#6      TestWidgetsFlutterBinding._runTestBody (package:flutter_test/src/binding.dart:1682:5)
<asynchronous suspension>
<asynchronous suspension>
(elided one frame from package:stack_trace)

This was caught by the test expectation on the following line:
  file:///app/test/core/widgets/glass_card_test.dart line 131
The test description was:
  supports selected state
════════════════════════════════════════════════════════════════════════════════════════════════════
00:43 +411 -2: /app/test/core/widgets/glass_card_test.dart: GlassCard supports selected state [E]
  Test failed. See exception logs above.
  The test description was: supports selected state

00:43 +411 -2: /app/test/core/widgets/glass_card_test.dart: GlassHeroCard has semantic button when onTap is provided
══╡ EXCEPTION CAUGHT BY FLUTTER TEST FRAMEWORK ╞════════════════════════════════════════════════════
The following TestFailure was thrown running a test:
Expected: has semantics with label: Hero Content with actions: [tap]  without actions: [focus,
longPress, scrollLeft, scrollRight, scrollUp, scrollDown, increase, decrease, showOnScreen,
moveCursorForwardByCharacter, moveCursorBackwardByCharacter, setSelection, copy, cut, paste,
didGainAccessibilityFocus, didLoseAccessibilityFocus, dismiss, moveCursorForwardByWord,
moveCursorBackwardByWord, setText]  with flags: isButton  without flags: hasCheckedState, isChecked,
isCheckStateMixed, isSelected, hasSelectedState, isSlider, isKeyboardKey, isLink, isTextField,
isReadOnly, isFocused, isFocusable, hasEnabledState, isEnabled, isInMutuallyExclusiveGroup,
isHeader, isObscured, isMultiline, namesRoute, scopesRoute, isHidden, isImage, isLiveRegion,
hasToggledState, isToggled, hasImplicitScrolling, hasExpandedState, isExpanded, hasRequiredState,
isRequired  with validation result: SemanticsValidationResult.none
  Actual: SemanticsNode:<SemanticsNode#4(Rect.fromLTRB(0.0, 0.0, 211.0, 60.0), actions: [focus,
tap], flags: [isButton, isFocusable], label: "Hero Content", textDirection: ltr)>
   Which: missing actions: [] unexpected actions: [focus]

When the exception was thrown, this was the stack:
#4      main.<anonymous closure>.<anonymous closure> (file:///app/test/core/widgets/glass_card_test.dart:162:7)
<asynchronous suspension>
#5      testWidgets.<anonymous closure>.<anonymous closure> (package:flutter_test/src/widget_tester.dart:192:15)
<asynchronous suspension>
#6      TestWidgetsFlutterBinding._runTestBody (package:flutter_test/src/binding.dart:1682:5)
<asynchronous suspension>
<asynchronous suspension>
(elided one frame from package:stack_trace)

This was caught by the test expectation on the following line:
  file:///app/test/core/widgets/glass_card_test.dart line 162
The test description was:
  has semantic button when onTap is provided
════════════════════════════════════════════════════════════════════════════════════════════════════
00:43 +411 -3: /app/test/core/widgets/glass_card_test.dart: GlassHeroCard has semantic button when onTap is provided [E]
  Test failed. See exception logs above.
  The test description was: has semantic button when onTap is provided

00:43 +411 -3: /app/test/core/widgets/glass_card_test.dart: GlassHeroCard excludes child semantics when semanticLabel is provided
00:43 +412 -3: /app/test/core/widgets/glass_card_test.dart: GlassHeroCard supports selected state
══╡ EXCEPTION CAUGHT BY FLUTTER TEST FRAMEWORK ╞════════════════════════════════════════════════════
The following TestFailure was thrown running a test:
Expected: has semantics with label: Hero Content with actions: [tap]  without actions: [focus,
longPress, scrollLeft, scrollRight, scrollUp, scrollDown, increase, decrease, showOnScreen,
moveCursorForwardByCharacter, moveCursorBackwardByCharacter, setSelection, copy, cut, paste,
didGainAccessibilityFocus, didLoseAccessibilityFocus, dismiss, moveCursorForwardByWord,
moveCursorBackwardByWord, setText]  with flags: isSelected,hasSelectedState,isButton  without flags:
hasCheckedState, isChecked, isCheckStateMixed, isSlider, isKeyboardKey, isLink, isTextField,
isReadOnly, isFocused, isFocusable, hasEnabledState, isEnabled, isInMutuallyExclusiveGroup,
isHeader, isObscured, isMultiline, namesRoute, scopesRoute, isHidden, isImage, isLiveRegion,
hasToggledState, isToggled, hasImplicitScrolling, hasExpandedState, isExpanded, hasRequiredState,
isRequired  with validation result: SemanticsValidationResult.none
  Actual: SemanticsNode:<SemanticsNode#4(Rect.fromLTRB(0.0, 0.0, 211.0, 60.0), actions: [focus,
tap], flags: [isSelected, isButton, isFocusable, hasSelectedState], label: "Hero Content",
textDirection: ltr)>
   Which: missing actions: [] unexpected actions: [focus]

When the exception was thrown, this was the stack:
#4      main.<anonymous closure>.<anonymous closure> (file:///app/test/core/widgets/glass_card_test.dart:216:7)
<asynchronous suspension>
#5      testWidgets.<anonymous closure>.<anonymous closure> (package:flutter_test/src/widget_tester.dart:192:15)
<asynchronous suspension>
#6      TestWidgetsFlutterBinding._runTestBody (package:flutter_test/src/binding.dart:1682:5)
<asynchronous suspension>
<asynchronous suspension>
(elided one frame from package:stack_trace)

This was caught by the test expectation on the following line:
  file:///app/test/core/widgets/glass_card_test.dart line 216
The test description was:
  supports selected state
════════════════════════════════════════════════════════════════════════════════════════════════════
00:43 +412 -4: /app/test/core/widgets/glass_card_test.dart: GlassHeroCard supports selected state [E]
  Test failed. See exception logs above.
  The test description was: supports selected state

00:44 +412 -4: /app/test/core/widgets/app_text_field_test.dart: AppTextField shows clear button only when text is not empty
00:46 +413 -4: /app/test/core/router/navigation_extensions_test.dart: SafeNavigationExtension safePop pops when canPop returns true
00:46 +414 -4: /app/test/core/router/navigation_extensions_test.dart: SafeNavigationExtension safePop pops when canPop returns true
00:46 +415 -4: /app/test/core/router/navigation_extensions_test.dart: SafeNavigationExtension safePop pops when canPop returns true
00:46 +416 -4: /app/test/core/router/navigation_extensions_test.dart: SafeNavigationExtension safePop pops when canPop returns true
00:46 +417 -4: /app/test/core/router/navigation_extensions_test.dart: SafeNavigationExtension safePop pops when canPop returns true
00:46 +418 -4: /app/test/core/router/navigation_extensions_test.dart: SafeNavigationExtension safePop navigates to fallback when canPop returns false
00:46 +419 -4: /app/test/core/router/navigation_extensions_test.dart: SafeNavigationExtension safePop uses custom fallback route
00:46 +420 -4: /app/test/core/router/navigation_extensions_test.dart: SafeNavigationExtension safePopWithResult pops with result when canPop returns true
00:46 +421 -4: /app/test/core/router/navigation_extensions_test.dart: SafeNavigationExtension safePopWithResult navigates to fallback (discarding result) when canPop returns false
00:47 +422 -4: /app/test/core/analytics/analytics_service_test.dart: AnalyticsEvents should have correct core conversion event names
00:47 +423 -4: /app/test/core/analytics/analytics_service_test.dart: AnalyticsEvents should have correct feature adoption event names
00:47 +424 -4: /app/test/core/analytics/analytics_service_test.dart: AnalyticsEvents should have correct error event names
00:48 +425 -4: /app/test/core/calculations/investment_projector_test.dart: InvestmentProjector calculateMaturityValue should return principal when inputs are invalid
00:48 +426 -4: /app/test/core/calculations/investment_projector_test.dart: InvestmentProjector calculateMaturityValue should calculate simple interest when compounding is none
00:48 +427 -4: /app/test/core/calculations/investment_projector_test.dart: InvestmentProjector calculateMaturityValue should calculate quarterly compounding correctly
00:48 +428 -4: /app/test/core/calculations/investment_projector_test.dart: InvestmentProjector calculateMaturityValue should calculate monthly compounding correctly
00:48 +429 -4: /app/test/core/calculations/investment_projector_test.dart: InvestmentProjector calculateMaturityValue should calculate annual compounding correctly
00:48 +430 -4: /app/test/core/calculations/investment_projector_test.dart: InvestmentProjector calculateMaturityValue should handle fractional tenure months
00:48 +431 -4: /app/test/core/calculations/investment_projector_test.dart: InvestmentProjector calculateInterestEarned should calculate interest as maturity minus principal
00:48 +432 -4: /app/test/core/calculations/investment_projector_test.dart: InvestmentProjector calculateEffectiveAnnualRate should return 0 for zero or negative rate
00:48 +433 -4: /app/test/core/calculations/investment_projector_test.dart: InvestmentProjector calculateEffectiveAnnualRate should return nominal rate for simple interest
00:48 +434 -4: /app/test/core/calculations/investment_projector_test.dart: InvestmentProjector calculateEffectiveAnnualRate should calculate EAR for quarterly compounding
00:48 +435 -4: /app/test/core/calculations/investment_projector_test.dart: InvestmentProjector calculateEffectiveAnnualRate should calculate EAR for monthly compounding
00:48 +436 -4: /app/test/core/calculations/investment_projector_test.dart: InvestmentProjector calculateMaturityDate should return null for null inputs
00:48 +437 -4: /app/test/core/calculations/investment_projector_test.dart: InvestmentProjector calculateMaturityDate should return null for zero or negative tenure
00:48 +438 -4: /app/test/core/calculations/investment_projector_test.dart: InvestmentProjector calculateMaturityDate should add months correctly
00:48 +439 -4: /app/test/core/calculations/investment_projector_test.dart: InvestmentProjector calculateMaturityDate should handle year overflow
00:48 +440 -4: /app/test/core/calculations/investment_projector_test.dart: InvestmentProjector calculateMaturityDate should handle day overflow for short months
00:48 +441 -4: /app/test/core/calculations/investment_projector_test.dart: InvestmentProjector calculateMaturityDate should handle day overflow for non-leap year
00:48 +442 -4: /app/test/core/calculations/investment_projector_test.dart: InvestmentProjector getProjectionSummary should return null for invalid inputs
00:48 +443 -4: /app/test/core/calculations/investment_projector_test.dart: InvestmentProjector getProjectionSummary should return complete projection summary
00:48 +444 -4: /app/test/core/calculations/investment_projector_test.dart: InvestmentProjector getProjectionSummary hasCompoundingBenefit should be true when EAR differs
00:48 +445 -4: /app/test/core/calculations/investment_projector_test.dart: InvestmentProjector getProjectionSummary hasCompoundingBenefit should be false for simple interest
00:48 +446 -4: /app/test/core/calculations/investment_projector_test.dart: InvestmentProjector getProjectionSummary tenureYears should convert months to years
00:48 +447 -4: /app/test/core/calculations/xirr_solver_benchmark_test.dart: Benchmark calculateXirr - Large Dataset
Benchmark Result: Time taken for 1000 XIRR calculations (260 cash flows each): 101ms
Average time per calculation: 101.379µs
00:49 +448 -4: /app/test/core/calculations/xirr_solver_test.dart: XirrSolver calculateXirr - Basic Scenarios should calculate correct XIRR for simple 1-year investment with 10% return
00:49 +449 -4: /app/test/core/calculations/xirr_solver_test.dart: XirrSolver calculateXirr - Basic Scenarios should calculate correct XIRR for 2-year investment with 50% return
00:49 +450 -4: /app/test/core/calculations/xirr_solver_test.dart: XirrSolver calculateXirr - Basic Scenarios should calculate correct XIRR for 6-month investment with 5% return
00:49 +451 -4: /app/test/core/calculations/xirr_solver_test.dart: XirrSolver calculateXirr - Basic Scenarios should calculate correct XIRR for 3-month investment with 2% return
00:49 +452 -4: /app/test/core/calculations/xirr_solver_test.dart: XirrSolver calculateXirr - Basic Scenarios should calculate correct XIRR for 5-year investment with 100% return
00:49 +453 -4: /app/test/core/calculations/xirr_solver_test.dart: XirrSolver calculateXirr - Multiple Cash Flows (SIP) should calculate correct XIRR for monthly SIP with positive returns
00:49 +454 -4: /app/test/core/calculations/xirr_solver_test.dart: XirrSolver calculateXirr - Multiple Cash Flows (SIP) should calculate correct XIRR for quarterly investments
00:49 +455 -4: /app/test/core/calculations/xirr_solver_test.dart: XirrSolver calculateXirr - Edge Cases should handle single cash flow (return null or zero)
00:49 +456 -4: /app/test/core/calculations/xirr_solver_test.dart: XirrSolver calculateXirr - Edge Cases should handle all outflows (no returns yet)
00:49 +457 -4: /app/test/core/calculations/xirr_solver_test.dart: XirrSolver calculateXirr - Edge Cases should handle all inflows (no investments)
00:49 +458 -4: /app/test/core/calculations/xirr_solver_test.dart: XirrSolver calculateXirr - Edge Cases should handle zero return (break-even)
00:49 +459 -4: /app/test/core/calculations/xirr_solver_test.dart: XirrSolver calculateXirr - Edge Cases should handle negative return (loss)
00:49 +460 -4: /app/test/core/calculations/xirr_solver_test.dart: XirrSolver calculateXirr - Edge Cases should handle total loss
00:49 +461 -4: /app/test/core/calculations/xirr_solver_test.dart: XirrSolver calculateXirr - Approximation Formula Tests (Bug Fix Verification) REGRESSION TEST: 1-year investment should show 10% not 0.0267%
00:49 +462 -4: /app/test/core/calculations/xirr_solver_test.dart: XirrSolver calculateXirr - Approximation Formula Tests (Bug Fix Verification) REGRESSION TEST: 2-year investment should show 22.47% not 0.0558%
00:49 +463 -4: /app/test/core/calculations/xirr_solver_test.dart: XirrSolver calculateXirr - Approximation Formula Tests (Bug Fix Verification) REGRESSION TEST: 6-month investment should show 10.25% not 0.0268%
00:49 +464 -4: /app/test/core/calculations/xirr_solver_test.dart: XirrSolver calculateXirr - Approximation Formula Tests (Bug Fix Verification) REGRESSION TEST: Very short period (30 days) should annualize correctly
00:49 +465 -4: /app/test/core/calculations/xirr_solver_test.dart: XirrSolver calculateXirr - Approximation Formula Tests (Bug Fix Verification) REGRESSION TEST: Very long period (10 years) should annualize correctly
00:49 +466 -4: /app/test/core/calculations/xirr_solver_test.dart: XirrSolver calculateXirr - Approximation Formula Tests (Bug Fix Verification) REGRESSION TEST: Negative return should annualize correctly
00:49 +467 -4: /app/test/core/calculations/xirr_solver_test.dart: XirrSolver calculateXirr - Real-World Scenarios Fixed Deposit: 8% annual interest for 1 year
00:49 +468 -4: /app/test/core/calculations/xirr_solver_test.dart: XirrSolver calculateXirr - Real-World Scenarios Recurring Deposit: Monthly deposits with 7% annual return
00:49 +469 -4: /app/test/core/calculations/xirr_solver_test.dart: XirrSolver calculateXirr - Real-World Scenarios Mutual Fund SIP: Monthly SIP with market volatility
00:49 +470 -4: /app/test/core/calculations/xirr_solver_test.dart: XirrSolver calculateXirr - Real-World Scenarios P2P Lending: Quarterly interest payments
00:49 +471 -4: /app/test/core/calculations/xirr_solver_test.dart: XirrSolver calculateXirr - Real-World Scenarios Stock Investment: Buy and sell with dividend
00:49 +472 -4: /app/test/core/calculations/xirr_solver_test.dart: XirrSolver calculateXirr - Performance Tests should handle large number of cash flows efficiently
00:50 +473 -4: /app/test/core/calculations/financial_calculator_edge_cases_test.dart: FinancialCalculator - Edge Cases calculateCAGR - Edge Cases should return 0 for zero startValue
00:50 +474 -4: /app/test/core/calculations/financial_calculator_edge_cases_test.dart: FinancialCalculator - Edge Cases calculateCAGR - Edge Cases should return 0 for negative startValue
00:50 +475 -4: /app/test/core/calculations/financial_calculator_edge_cases_test.dart: FinancialCalculator - Edge Cases calculateCAGR - Edge Cases should return 0 for zero years
00:50 +476 -4: /app/test/core/calculations/financial_calculator_edge_cases_test.dart: FinancialCalculator - Edge Cases calculateCAGR - Edge Cases should return 0 for negative years
00:50 +477 -4: /app/test/core/calculations/financial_calculator_edge_cases_test.dart: FinancialCalculator - Edge Cases calculateCAGR - Edge Cases should handle zero endValue (total loss)
00:50 +478 -4: /app/test/core/calculations/financial_calculator_edge_cases_test.dart: FinancialCalculator - Edge Cases calculateCAGR - Edge Cases should handle very large numbers without overflow
00:50 +479 -4: /app/test/core/calculations/financial_calculator_edge_cases_test.dart: FinancialCalculator - Edge Cases calculateCAGR - Edge Cases should handle very small fractional years
00:50 +480 -4: /app/test/core/calculations/financial_calculator_edge_cases_test.dart: FinancialCalculator - Edge Cases calculateCAGR - Edge Cases should handle same start and end value (break-even)
00:50 +481 -4: /app/test/core/calculations/financial_calculator_edge_cases_test.dart: FinancialCalculator - Edge Cases calculateMOIC - Edge Cases should return 0 for zero invested (division by zero protection)
00:50 +482 -4: /app/test/core/calculations/financial_calculator_edge_cases_test.dart: FinancialCalculator - Edge Cases calculateMOIC - Edge Cases should handle zero returned (total loss)
00:50 +483 -4: /app/test/core/calculations/financial_calculator_edge_cases_test.dart: FinancialCalculator - Edge Cases calculateMOIC - Edge Cases should handle negative returned value
00:50 +484 -4: /app/test/core/calculations/financial_calculator_edge_cases_test.dart: FinancialCalculator - Edge Cases calculateMOIC - Edge Cases should handle very large numbers
00:50 +485 -4: /app/test/core/calculations/financial_calculator_edge_cases_test.dart: FinancialCalculator - Edge Cases calculateMOIC - Edge Cases should handle very small numbers
00:50 +486 -4: /app/test/core/calculations/financial_calculator_edge_cases_test.dart: FinancialCalculator - Edge Cases calculateAbsoluteReturn - Edge Cases should return 0 for zero invested (division by zero protection)
00:50 +487 -4: /app/test/core/calculations/financial_calculator_edge_cases_test.dart: FinancialCalculator - Edge Cases calculateAbsoluteReturn - Edge Cases should handle zero returned (total loss)
00:50 +488 -4: /app/test/core/calculations/financial_calculator_edge_cases_test.dart: FinancialCalculator - Edge Cases calculateAbsoluteReturn - Edge Cases should handle negative returned value
00:50 +489 -4: /app/test/core/calculations/financial_calculator_edge_cases_test.dart: FinancialCalculator - Edge Cases calculateAbsoluteReturn - Edge Cases should handle very large numbers
00:50 +490 -4: /app/test/core/calculations/financial_calculator_edge_cases_test.dart: FinancialCalculator - Edge Cases calculateAbsoluteReturn - Edge Cases should handle very small numbers
00:50 +491 -4: /app/test/core/calculations/financial_calculator_edge_cases_test.dart: FinancialCalculator - Edge Cases calculateNetCashFlow - Edge Cases should handle zero invested
00:50 +492 -4: /app/test/core/calculations/financial_calculator_edge_cases_test.dart: FinancialCalculator - Edge Cases calculateNetCashFlow - Edge Cases should handle zero returned
00:50 +493 -4: /app/test/core/calculations/financial_calculator_edge_cases_test.dart: FinancialCalculator - Edge Cases calculateNetCashFlow - Edge Cases should handle negative values
00:50 +494 -4: /app/test/core/calculations/financial_calculator_edge_cases_test.dart: FinancialCalculator - Edge Cases calculateNetCashFlow - Edge Cases should handle very large numbers
00:50 +495 -4: /app/test/core/calculations/financial_calculator_edge_cases_test.dart: FinancialCalculator - Edge Cases calculateXirrFromCashFlows - Edge Cases should return 0 for empty cash flows
00:50 +496 -4: /app/test/core/calculations/financial_calculator_edge_cases_test.dart: FinancialCalculator - Edge Cases calculateXirrFromCashFlows - Edge Cases should handle single cash flow
00:50 +497 -4: /app/test/core/calculations/financial_calculator_edge_cases_test.dart: FinancialCalculator - Edge Cases calculateXirrFromCashFlows - Edge Cases should handle same-day transactions
00:51 +498 -4: /app/test/core/calculations/financial_calculator_test.dart: XirrSolver should calculate XIRR correctly for simple case
00:51 +499 -4: /app/test/core/calculations/financial_calculator_test.dart: XirrSolver should calculate XIRR for multiple cash flows
00:51 +500 -4: /app/test/core/calculations/financial_calculator_test.dart: FinancialCalculator calculateCAGR
00:51 +501 -4: /app/test/core/calculations/financial_calculator_test.dart: FinancialCalculator calculateMOIC
00:51 +502 -4: /app/test/core/calculations/financial_calculator_test.dart: FinancialCalculator calculateAbsoluteReturn
00:51 +503 -4: /app/test/core/calculations/financial_calculator_test.dart: FinancialCalculator calculateTotalInvested
00:52 +504 -4: /app/test/widget_test.dart: App renders correctly
00:53 +505 -4: /app/test/widget_test.dart: App renders correctly
00:53 +505 -4: /app/test/features/settings/presentation/providers/currency_switch_provider_test.dart: CurrencySwitchProvider - Optimized Currency Switch Tests Debouncing debounces rapid currency changes
  Skip: Timer-based tests are flaky in Dart test environment
00:53 +505 ~1 -4: /app/test/widget_test.dart: App renders correctly
00:53 +505 ~1 -4: /app/test/features/settings/presentation/providers/currency_switch_provider_test.dart: CurrencySwitchProvider - Optimized Currency Switch Tests Debouncing processes currency change after debounce delay
📊 FakeAnalytics: currency_switch_started {from_currency: USD, to_currency: EUR}
📊 FakeAnalytics: currency_changed {currency: EUR, locale: de_DE}
📊 FakeAnalytics: currency_switch_completed {from_currency: USD, to_currency: EUR, rates_fetched: 0}
━━━━━━━━━━━━━━━━━━━━━━━━━━━━━━━━━━━━━━━━━━━━━━━━━━
ℹ️ INFO: Currency switched successfully (no rates needed)
Metadata:
  from: USD
  to: EUR
━━━━━━━━━━━━━━━━━━━━━━━━━━━━━━━━━━━━━━━━━━━━━━━━━━

00:53 +506 ~1 -4: /app/test/widget_test.dart: App renders correctly
00:53 +506 ~1 -4: /app/test/features/settings/presentation/providers/currency_switch_provider_test.dart: CurrencySwitchProvider - Optimized Currency Switch Tests Connectivity Check fails immediately when offline
━━━━━━━━━━━━━━━━━━━━━━━━━━━━━━━━━━━━━━━━━━━━━━━━━━
⚠️ WARN: Currency switch aborted - no internet connection
Metadata:
  from: USD
  to: EUR
━━━━━━━━━━━━━━━━━━━━━━━━━━━━━━━━━━━━━━━━━━━━━━━━━━

📊 FakeAnalytics: currency_changed {currency: USD, locale: en_US}
📊 FakeAnalytics: currency_switch_failed {from_currency: USD, to_currency: EUR, error_type: NetworkException}
━━━━━━━━━━━━━━━━━━━━━━━━━━━━━━━━━━━━━━━━━━━━━━━━━━
🔴 ERROR: Currency switch failed - rolled back to USD
Metadata:
  from: USD
  to: EUR
  rolledBack: true
Error: NetworkException: No network connection available
Stack Trace:
#0      CurrencySwitch._switchCurrencyImmediate (package:inv_tracker/features/settings/presentation/providers/currency_switch_provider.dart:190:9)
<asynchronous suspension>
#1      main.<anonymous closure>.<anonymous closure>.<anonymous closure> (file:///app/test/features/settings/presentation/providers/currency_switch_provider_test.dart:186:9)
<asynchronous suspension>
#2      Declarer.test.<anonymous closure>.<anonymous closure> (package:test_api/src/backend/declarer.dart:253:15)
<asynchronous suspension>
#3      Declarer.test.<anonymous closure> (package:test_api/src/backend/declarer.dart:250:11)
<asynchronous suspension>
#4      Invoker._waitForOutstandingCallbacks.<anonymous closure> (package:test_api/src/backend/invoker.dart:318:9)
<asynchronous suspension>

━━━━━━━━━━━━━━━━━━━━━━━━━━━━━━━━━━━━━━━━━━━━━━━━━━

00:53 +507 ~1 -4: /app/test/widget_test.dart: App renders correctly
00:53 +507 ~1 -4: /app/test/features/settings/presentation/providers/currency_switch_provider_test.dart: CurrencySwitchProvider - Optimized Currency Switch Tests Connectivity Check proceeds when online
📊 FakeAnalytics: currency_switch_started {from_currency: USD, to_currency: EUR}
📊 FakeAnalytics: currency_changed {currency: EUR, locale: de_DE}
📊 FakeAnalytics: currency_switch_completed {from_currency: USD, to_currency: EUR, rates_fetched: 0}
━━━━━━━━━━━━━━━━━━━━━━━━━━━━━━━━━━━━━━━━━━━━━━━━━━
ℹ️ INFO: Currency switched successfully (no rates needed)
Metadata:
  from: USD
  to: EUR
━━━━━━━━━━━━━━━━━━━━━━━━━━━━━━━━━━━━━━━━━━━━━━━━━━

00:53 +508 ~1 -4: /app/test/widget_test.dart: App renders correctly
00:53 +508 ~1 -4: /app/test/features/settings/presentation/providers/currency_switch_provider_test.dart: CurrencySwitchProvider - Optimized Currency Switch Tests Optimistic UI Updates updates currency immediately before fetching rates
📊 FakeAnalytics: currency_switch_started {from_currency: USD, to_currency: EUR}
📊 FakeAnalytics: currency_changed {currency: EUR, locale: de_DE}
📊 FakeAnalytics: currency_switch_completed {from_currency: USD, to_currency: EUR, rates_fetched: 0}
━━━━━━━━━━━━━━━━━━━━━━━━━━━━━━━━━━━━━━━━━━━━━━━━━━
ℹ️ INFO: Currency switched successfully (no rates needed)
Metadata:
  from: USD
  to: EUR
━━━━━━━━━━━━━━━━━━━━━━━━━━━━━━━━━━━━━━━━━━━━━━━━━━

00:53 +509 ~1 -4: /app/test/widget_test.dart: App renders correctly
00:53 +509 ~1 -4: /app/test/features/settings/presentation/providers/currency_switch_provider_test.dart: CurrencySwitchProvider - Optimized Currency Switch Tests Optimistic UI Updates clears cache after optimistic update
📊 FakeAnalytics: currency_switch_started {from_currency: USD, to_currency: EUR}
📊 FakeAnalytics: currency_changed {currency: EUR, locale: de_DE}
📊 FakeAnalytics: currency_switch_completed {from_currency: USD, to_currency: EUR, rates_fetched: 0}
━━━━━━━━━━━━━━━━━━━━━━━━━━━━━━━━━━━━━━━━━━━━━━━━━━
ℹ️ INFO: Currency switched successfully (no rates needed)
Metadata:
  from: USD
  to: EUR
━━━━━━━━━━━━━━━━━━━━━━━━━━━━━━━━━━━━━━━━━━━━━━━━━━

00:53 +510 ~1 -4: /app/test/widget_test.dart: App renders correctly
00:53 +510 ~1 -4: /app/test/features/settings/presentation/providers/currency_switch_provider_test.dart: CurrencySwitchProvider - Optimized Currency Switch Tests No Rates to Fetch (Short-circuit) succeeds immediately when no investments exist
📊 FakeAnalytics: currency_switch_started {from_currency: USD, to_currency: EUR}
📊 FakeAnalytics: currency_changed {currency: EUR, locale: de_DE}
📊 FakeAnalytics: currency_switch_completed {from_currency: USD, to_currency: EUR, rates_fetched: 0}
━━━━━━━━━━━━━━━━━━━━━━━━━━━━━━━━━━━━━━━━━━━━━━━━━━
ℹ️ INFO: Currency switched successfully (no rates needed)
Metadata:
  from: USD
  to: EUR
━━━━━━━━━━━━━━━━━━━━━━━━━━━━━━━━━━━━━━━━━━━━━━━━━━

00:53 +511 ~1 -4: /app/test/widget_test.dart: App renders correctly
00:53 +512 ~1 -4: /app/test/widget_test.dart: App renders correctly
00:53 +512 ~1 -4: /app/test/features/settings/presentation/providers/currency_switch_provider_test.dart: CurrencySwitchProvider - Optimized Currency Switch Tests Reset State resets to idle state
📊 FakeAnalytics: currency_switch_started {from_currency: USD, to_currency: EUR}
📊 FakeAnalytics: currency_changed {currency: EUR, locale: de_DE}
📊 FakeAnalytics: currency_switch_completed {from_currency: USD, to_currency: EUR, rates_fetched: 0}
━━━━━━━━━━━━━━━━━━━━━━━━━━━━━━━━━━━━━━━━━━━━━━━━━━
ℹ️ INFO: Currency switched successfully (no rates needed)
Metadata:
  from: USD
  to: EUR
━━━━━━━━━━━━━━━━━━━━━━━━━━━━━━━━━━━━━━━━━━━━━━━━━━

00:53 +513 ~1 -4: /app/test/widget_test.dart: App renders correctly
00:53 +513 ~1 -4: /app/test/features/settings/presentation/providers/currency_switch_provider_test.dart: CurrencySwitchProvider - Optimized Currency Switch Tests Analytics Tracking logs currency_switch_started event
📊 FakeAnalytics: currency_switch_started {from_currency: USD, to_currency: EUR}
📊 FakeAnalytics: currency_changed {currency: EUR, locale: de_DE}
📊 FakeAnalytics: currency_switch_completed {from_currency: USD, to_currency: EUR, rates_fetched: 0}
━━━━━━━━━━━━━━━━━━━━━━━━━━━━━━━━━━━━━━━━━━━━━━━━━━
ℹ️ INFO: Currency switched successfully (no rates needed)
Metadata:
  from: USD
  to: EUR
━━━━━━━━━━━━━━━━━━━━━━━━━━━━━━━━━━━━━━━━━━━━━━━━━━

00:53 +514 ~1 -4: /app/test/widget_test.dart: App renders correctly
00:53 +514 ~1 -4: /app/test/features/settings/presentation/providers/currency_switch_provider_test.dart: CurrencySwitchProvider - Optimized Currency Switch Tests Analytics Tracking logs currency_switch_completed event on success
📊 FakeAnalytics: currency_switch_started {from_currency: USD, to_currency: EUR}
📊 FakeAnalytics: currency_changed {currency: EUR, locale: de_DE}
📊 FakeAnalytics: currency_switch_completed {from_currency: USD, to_currency: EUR, rates_fetched: 0}
━━━━━━━━━━━━━━━━━━━━━━━━━━━━━━━━━━━━━━━━━━━━━━━━━━
ℹ️ INFO: Currency switched successfully (no rates needed)
Metadata:
  from: USD
  to: EUR
━━━━━━━━━━━━━━━━━━━━━━━━━━━━━━━━━━━━━━━━━━━━━━━━━━

00:53 +515 ~1 -4: /app/test/widget_test.dart: App renders correctly
━━━━━━━━━━━━━━━━━━━━━━━━━━━━━━━━━━━━━━━━━━━━━━━━━━
ℹ️ INFO: Currency cache initialized
Metadata:
  currencies: 0
  baseCurrency: INR
━━━━━━━━━━━━━━━━━━━━━━━━━━━━━━━━━━━━━━━━━━━━━━━━━━

━━━━━━━━━━━━━━━━━━━━━━━━━━━━━━━━━━━━━━━━━━━━━━━━━━
ℹ️ INFO: New user detected - activation sequence scheduled
━━━━━━━━━━━━━━━━━━━━━━━━━━━━━━━━━━━━━━━━━━━━━━━━━━

00:54 +516 ~1 -4: /app/test/widget_test.dart: App renders correctly
00:54 +517 ~1 -4: /app/test/widget_test.dart: App renders correctly
00:54 +518 ~1 -4: /app/test/widget_test.dart: App renders correctly
00:54 +519 ~1 -4: /app/test/widget_test.dart: App renders correctly
00:54 +520 ~1 -4: /app/test/widget_test.dart: App renders correctly
00:54 +520 ~1 -4: /app/test/features/settings/presentation/providers/settings_provider_test.dart: SettingsNotifier setThemeMode updates state and persists
📊 FakeAnalytics: theme_changed {theme: dark}
00:54 +521 ~1 -4: /app/test/widget_test.dart: App renders correctly
00:54 +521 ~1 -4: /app/test/features/settings/presentation/providers/settings_provider_test.dart: SettingsNotifier setThemeMode works for all theme modes
📊 FakeAnalytics: theme_changed {theme: system}
📊 FakeAnalytics: theme_changed {theme: light}
📊 FakeAnalytics: theme_changed {theme: dark}
00:54 +522 ~1 -4: /app/test/widget_test.dart: App renders correctly
00:54 +522 ~1 -4: /app/test/features/settings/presentation/providers/settings_provider_test.dart: SettingsNotifier setCurrency updates state and persists
📊 FakeAnalytics: currency_changed {currency: EUR, locale: de_DE}
00:54 +523 ~1 -4: /app/test/widget_test.dart: App renders correctly
00:54 +523 ~1 -4: /app/test/features/settings/presentation/providers/settings_provider_test.dart: SettingsNotifier setCurrency works for all supported currencies
📊 FakeAnalytics: currency_changed {currency: INR, locale: en_IN}
📊 FakeAnalytics: currency_changed {currency: USD, locale: en_US}
📊 FakeAnalytics: currency_changed {currency: EUR, locale: de_DE}
00:54 +523 ~1 -4: /app/test/widget_test.dart: App renders correctly
📊 FakeAnalytics: empty_state_viewed {screen: overview}
00:54 +523 ~1 -4: /app/test/features/settings/presentation/providers/settings_provider_test.dart: SettingsNotifier setCurrency works for all supported currencies
📊 FakeAnalytics: currency_changed {currency: GBP, locale: en_GB}
📊 FakeAnalytics: currency_changed {currency: JPY, locale: ja_JP}
00:54 +524 ~1 -4: /app/test/widget_test.dart: App renders correctly
📊 FakeAnalytics: empty_state_viewed {screen: overview}
00:54 +524 ~1 -4: /app/test/features/settings/presentation/providers/settings_provider_test.dart: SettingsNotifier setLocale updates state and persists
📊 FakeAnalytics: locale_changed {locale: en_US}
00:54 +525 ~1 -4: /app/test/widget_test.dart: App renders correctly
00:54 +525 ~1 -4: /app/test/features/settings/presentation/providers/settings_provider_test.dart: SettingsNotifier setLocale works for different locales
📊 FakeAnalytics: locale_changed {locale: en_US}
📊 FakeAnalytics: locale_changed {locale: en_IN}
📊 FakeAnalytics: locale_changed {locale: en_GB}
📊 FakeAnalytics: locale_changed {locale: de_DE}
📊 FakeAnalytics: locale_changed {locale: ja_JP}
00:54 +526 ~1 -4: /app/test/widget_test.dart: App renders correctly
00:54 +526 ~1 -4: /app/test/features/settings/presentation/providers/settings_provider_test.dart: SettingsNotifier setDateFormatPattern updates state and persists
📊 FakeAnalytics: date_format_changed {pattern: mdy}
00:54 +527 ~1 -4: /app/test/widget_test.dart: App renders correctly
00:54 +527 ~1 -4: /app/test/features/settings/presentation/providers/settings_provider_test.dart: SettingsNotifier setDateFormatPattern works for all patterns
📊 FakeAnalytics: date_format_changed {pattern: mdy}
📊 FakeAnalytics: date_format_changed {pattern: dmy}
📊 FakeAnalytics: date_format_changed {pattern: ymd}
00:54 +528 ~1 -4: /app/test/widget_test.dart: App renders correctly
00:54 +529 ~1 -4: /app/test/widget_test.dart: App renders correctly
📊 FakeAnalytics: empty_state_viewed {screen: overview}
📊 FakeAnalytics: empty_state_viewed {screen: overview}
📊 FakeAnalytics: empty_state_viewed {screen: overview}
📊 FakeAnalytics: empty_state_viewed {screen: overview}
📊 FakeAnalytics: empty_state_viewed {screen: overview}
📊 FakeAnalytics: empty_state_viewed {screen: overview}
📊 FakeAnalytics: empty_state_viewed {screen: overview}
📊 FakeAnalytics: empty_state_viewed {screen: overview}
📊 FakeAnalytics: empty_state_viewed {screen: overview}
📊 FakeAnalytics: empty_state_viewed {screen: overview}
📊 FakeAnalytics: empty_state_viewed {screen: overview}
📊 FakeAnalytics: empty_state_viewed {screen: overview}
📊 FakeAnalytics: empty_state_viewed {screen: overview}
📊 FakeAnalytics: empty_state_viewed {screen: overview}
📊 FakeAnalytics: empty_state_viewed {screen: overview}
📊 FakeAnalytics: empty_state_viewed {screen: overview}
📊 FakeAnalytics: empty_state_viewed {screen: overview}
📊 FakeAnalytics: empty_state_viewed {screen: overview}
📊 FakeAnalytics: empty_state_viewed {screen: overview}
00:55 +529 ~1 -4: /app/test/features/settings/presentation/providers/currency_switch_provider_parallel_test.dart: CurrencySwitchProvider - Parallel Rate Fetching Tests Parallel Fetching with Multiple Currencies fetches rates in parallel for multiple currencies
📊 FakeAnalytics: currency_switch_started {from_currency: USD, to_currency: INR}
📊 FakeAnalytics: currency_changed {currency: INR, locale: en_IN}
00:55 +529 ~1 -4: /app/test/widget_test.dart: App renders correctly
📊 FakeAnalytics: empty_state_viewed {screen: overview}
00:55 +529 ~1 -4: /app/test/features/settings/presentation/providers/currency_switch_provider_parallel_test.dart: CurrencySwitchProvider - Parallel Rate Fetching Tests Parallel Fetching with Multiple Currencies fetches rates in parallel for multiple currencies
📊 FakeAnalytics: currency_switch_completed {from_currency: USD, to_currency: INR, rates_fetched: 3}
━━━━━━━━━━━━━━━━━━━━━━━━━━━━━━━━━━━━━━━━━━━━━━━━━━
ℹ️ INFO: Currency switched successfully
Metadata:
  from: USD
  to: INR
  ratesFetched: 3
━━━━━━━━━━━━━━━━━━━━━━━━━━━━━━━━━━━━━━━━━━━━━━━━━━

00:55 +530 ~1 -4: /app/test/widget_test.dart: App renders correctly
00:55 +530 ~1 -4: /app/test/features/settings/presentation/providers/currency_switch_provider_parallel_test.dart: CurrencySwitchProvider - Parallel Rate Fetching Tests Parallel Fetching with Multiple Currencies updates progress during parallel fetching
📊 FakeAnalytics: currency_switch_started {from_currency: USD, to_currency: INR}
📊 FakeAnalytics: currency_changed {currency: INR, locale: en_IN}
00:55 +530 ~1 -4: /app/test/widget_test.dart: App renders correctly
📊 FakeAnalytics: empty_state_viewed {screen: overview}
📊 FakeAnalytics: empty_state_viewed {screen: overview}
📊 FakeAnalytics: empty_state_viewed {screen: overview}
📊 FakeAnalytics: empty_state_viewed {screen: overview}
00:56 +530 ~1 -4: /app/test/features/settings/presentation/providers/currency_switch_provider_parallel_test.dart: CurrencySwitchProvider - Parallel Rate Fetching Tests Parallel Fetching with Multiple Currencies updates progress during parallel fetching
📊 FakeAnalytics: currency_switch_completed {from_currency: USD, to_currency: INR, rates_fetched: 2}
━━━━━━━━━━━━━━━━━━━━━━━━━━━━━━━━━━━━━━━━━━━━━━━━━━
ℹ️ INFO: Currency switched successfully
Metadata:
  from: USD
  to: INR
  ratesFetched: 2
━━━━━━━━━━━━━━━━━━━━━━━━━━━━━━━━━━━━━━━━━━━━━━━━━━

00:56 +531 ~1 -4: /app/test/widget_test.dart: App renders correctly
00:56 +531 ~1 -4: /app/test/features/settings/presentation/providers/currency_switch_provider_parallel_test.dart: CurrencySwitchProvider - Parallel Rate Fetching Tests Error Handling During Parallel Fetching handles rate fetch failure gracefully
📊 FakeAnalytics: currency_switch_started {from_currency: USD, to_currency: INR}
📊 FakeAnalytics: currency_changed {currency: INR, locale: en_IN}
📊 FakeAnalytics: currency_changed {currency: USD, locale: en_US}
📊 FakeAnalytics: currency_switch_failed {from_currency: USD, to_currency: INR, error_type: _Exception}
━━━━━━━━━━━━━━━━━━━━━━━━━━━━━━━━━━━━━━━━━━━━━━━━━━
🔴 ERROR: Currency switch failed - rolled back to USD
Metadata:
  from: USD
  to: INR
  rolledBack: true
Error: Exception: API error
Stack Trace:
#0      When.thenThrow.<anonymous closure> (package:mocktail/src/mocktail.dart:249:7)
#1      Mock.noSuchMethod (package:mocktail/src/mocktail.dart:131:37)
#2      MockCurrencyConversionService.getRate (file:///app/test/features/settings/presentation/providers/currency_switch_provider_parallel_test.dart:18:7)
#3      CurrencySwitch._switchCurrencyImmediate.<anonymous closure> (package:inv_tracker/features/settings/presentation/providers/currency_switch_provider.dart:289:46)
#4      MappedIterator.moveNext (dart:_internal/iterable.dart:420:20)
#5      new _GrowableList._ofEfficientLengthIterable (dart:core-patch/growable_array.dart:194:27)
#6      new _GrowableList.of (dart:core-patch/growable_array.dart:154:28)
#7      new List.of (dart:core-patch/array_patch.dart:39:18)
#8      Iterable.toList (dart:core/iterable.dart:517:7)
#9      CurrencySwitch._switchCurrencyImmediate (package:inv_tracker/features/settings/presentation/providers/currency_switch_provider.dart:303:10)
<asynchronous suspension>
#10     main.<anonymous closure>.<anonymous closure>.<anonymous closure> (file:///app/test/features/settings/presentation/providers/currency_switch_provider_parallel_test.dart:411:9)
<asynchronous suspension>
#11     Declarer.test.<anonymous closure>.<anonymous closure> (package:test_api/src/backend/declarer.dart:253:15)
<asynchronous suspension>
#12     Declarer.test.<anonymous closure> (package:test_api/src/backend/declarer.dart:250:11)
<asynchronous suspension>
#13     Invoker._waitForOutstandingCallbacks.<anonymous closure> (package:test_api/src/backend/invoker.dart:318:9)
<asynchronous suspension>

━━━━━━━━━━━━━━━━━━━━━━━━━━━━━━━━━━━━━━━━━━━━━━━━━━

00:56 +532 ~1 -4: /app/test/widget_test.dart: App renders correctly
━━━━━━━━━━━━━━━━━━━━━━━━━━━━━━━━━━━━━━━━━━━━━━━━━━
🔍 DEBUG: Version check completed but no latestVersion available
━━━━━━━━━━━━━━━━━━━━━━━━━━━━━━━━━━━━━━━━━━━━━━━━━━

📊 FakeAnalytics: empty_state_viewed {screen: overview}
📊 FakeAnalytics: empty_state_viewed {screen: overview}
📊 FakeAnalytics: empty_state_viewed {screen: overview}
📊 FakeAnalytics: empty_state_viewed {screen: overview}
📊 FakeAnalytics: empty_state_viewed {screen: overview}
00:57 +533 ~1 -4: /app/test/features/settings/data/services/export_service_test.dart: ExportService - Multi-Currency Support (Rule 21.4) CSV Header Format includes Currency column in header
00:57 +534 ~1 -4: /app/test/features/settings/data/services/export_service_test.dart: ExportService - Multi-Currency Support (Rule 21.4) Currency Preservation preserves original currency for each cash flow
00:57 +535 ~1 -4: /app/test/features/settings/data/services/export_service_test.dart: ExportService - Multi-Currency Support (Rule 21.4) Currency Preservation handles multiple currencies in same export
00:57 +536 ~1 -4: /app/test/features/settings/data/services/export_service_test.dart: ExportService - Multi-Currency Support (Rule 21.4) Data Integrity (Rule 21.1) does not convert amounts during export
00:58 +537 ~1 -4: /app/test/features/settings/data/services/data_export_service_test.dart: exportAsZip sanitizes document filenames preventing path traversal
━━━━━━━━━━━━━━━━━━━━━━━━━━━━━━━━━━━━━━━━━━━━━━━━━━
ℹ️ INFO: Starting data export
━━━━━━━━━━━━━━━━━━━━━━━━━━━━━━━━━━━━━━━━━━━━━━━━━━

━━━━━━━━━━━━━━━━━━━━━━━━━━━━━━━━━━━━━━━━━━━━━━━━━━
ℹ️ INFO: Data export: fetched all data
Metadata:
  activeCashFlows: 0
  archivedCashFlows: 0
  goals: 0
  archivedGoals: 0
  documents: 1
━━━━━━━━━━━━━━━━━━━━━━━━━━━━━━━━━━━━━━━━━━━━━━━━━━

━━━━━━━━━━━━━━━━━━━━━━━━━━━━━━━━━━━━━━━━━━━━━━━━━━
ℹ️ INFO: Documents export summary
Metadata:
  total: 1
  added: 1
  failed: 0
━━━━━━━━━━━━━━━━━━━━━━━━━━━━━━━━━━━━━━━━━━━━━━━━━━

━━━━━━━━━━━━━━━━━━━━━━━━━━━━━━━━━━━━━━━━━━━━━━━━━━
ℹ️ INFO: Export saved
Metadata:
  filePath: /tmp/OJIMTZ/InvTrack_Export_1778261047974.zip
  fileSizeKB: 1.2
━━━━━━━━━━━━━━━━━━━━━━━━━━━━━━━━━━━━━━━━━━━━━━━━━━

00:58 +538 ~1 -4: /app/test/features/settings/data/services/data_import_service_test.dart: (setUpAll)
00:59 +538 ~1 -4: /app/test/features/settings/data/services/data_import_service_test.dart: DataImportService importFromZip - Basic Validation returns error for invalid ZIP data
━━━━━━━━━━━━━━━━━━━━━━━━━━━━━━━━━━━━━━━━━━━━━━━━━━
ℹ️ INFO: Starting ZIP import
Metadata:
  strategy: merge
━━━━━━━━━━━━━━━━━━━━━━━━━━━━━━━━━━━━━━━━━━━━━━━━━━

00:59 +539 ~1 -4: /app/test/features/settings/data/services/data_import_service_test.dart: DataImportService importFromZip - Basic Validation returns error for empty ZIP archive (missing metadata)
━━━━━━━━━━━━━━━━━━━━━━━━━━━━━━━━━━━━━━━━━━━━━━━━━━
ℹ️ INFO: Starting ZIP import
Metadata:
  strategy: merge
━━━━━━━━━━━━━━━━━━━━━━━━━━━━━━━━━━━━━━━━━━━━━━━━━━

00:59 +540 ~1 -4: /app/test/features/settings/data/services/data_import_service_test.dart: DataImportService importFromZip - Basic Validation returns error for missing metadata.json
━━━━━━━━━━━━━━━━━━━━━━━━━━━━━━━━━━━━━━━━━━━━━━━━━━
ℹ️ INFO: Starting ZIP import
Metadata:
  strategy: merge
━━━━━━━━━━━━━━━━━━━━━━━━━━━━━━━━━━━━━━━━━━━━━━━━━━

00:59 +541 ~1 -4: /app/test/features/settings/data/services/data_import_service_test.dart: DataImportService importFromZip - Cashflows Import imports cashflows successfully
━━━━━━━━━━━━━━━━━━━━━━━━━━━━━━━━━━━━━━━━━━━━━━━━━━
ℹ️ INFO: Starting ZIP import
Metadata:
  strategy: merge
━━━━━━━━━━━━━━━━━━━━━━━━━━━━━━━━━━━━━━━━━━━━━━━━━━

━━━━━━━━━━━━━━━━━━━━━━━━━━━━━━━━━━━━━━━━━━━━━━━━━━
ℹ️ INFO: Import complete
Metadata:
  investments: 1
  cashflows: 2
  goals: 0
  documents: 0
  fireSettings: false
━━━━━━━━━━━━━━━━━━━━━━━━━━━━━━━━━━━━━━━━━━━━━━━━━━

00:59 +542 ~1 -4: /app/test/features/settings/data/services/data_import_service_test.dart: DataImportService importFromZip - Cashflows Import groups cashflows by investment name
━━━━━━━━━━━━━━━━━━━━━━━━━━━━━━━━━━━━━━━━━━━━━━━━━━
ℹ️ INFO: Starting ZIP import
Metadata:
  strategy: merge
━━━━━━━━━━━━━━━━━━━━━━━━━━━━━━━━━━━━━━━━━━━━━━━━━━

━━━━━━━━━━━━━━━━━━━━━━━━━━━━━━━━━━━━━━━━━━━━━━━━━━
ℹ️ INFO: Import complete
Metadata:
  investments: 2
  cashflows: 3
  goals: 0
  documents: 0
  fireSettings: false
━━━━━━━━━━━━━━━━━━━━━━━━━━━━━━━━━━━━━━━━━━━━━━━━━━

00:59 +543 ~1 -4: /app/test/features/settings/data/services/data_import_service_test.dart: DataImportService importFromZip - Goals Import imports goals successfully
━━━━━━━━━━━━━━━━━━━━━━━━━━━━━━━━━━━━━━━━━━━━━━━━━━
ℹ️ INFO: Starting ZIP import
Metadata:
  strategy: merge
━━━━━━━━━━━━━━━━━━━━━━━━━━━━━━━━━━━━━━━━━━━━━━━━━━

━━━━━━━━━━━━━━━━━━━━━━━━━━━━━━━━━━━━━━━━━━━━━━━━━━
ℹ️ INFO: Import complete
Metadata:
  investments: 0
  cashflows: 0
  goals: 1
  documents: 0
  fireSettings: false
━━━━━━━━━━━━━━━━━━━━━━━━━━━━━━━━━━━━━━━━━━━━━━━━━━

00:59 +544 ~1 -4: /app/test/features/settings/data/services/data_import_service_test.dart: DataImportService importFromZip - Archived Data imports archived cashflows
━━━━━━━━━━━━━━━━━━━━━━━━━━━━━━━━━━━━━━━━━━━━━━━━━━
ℹ️ INFO: Starting ZIP import
Metadata:
  strategy: merge
━━━━━━━━━━━━━━━━━━━━━━━━━━━━━━━━━━━━━━━━━━━━━━━━━━

━━━━━━━━━━━━━━━━━━━━━━━━━━━━━━━━━━━━━━━━━━━━━━━━━━
ℹ️ INFO: Import complete
Metadata:
  investments: 1
  cashflows: 1
  goals: 0
  documents: 0
  fireSettings: false
━━━━━━━━━━━━━━━━━━━━━━━━━━━━━━━━━━━━━━━━━━━━━━━━━━

00:59 +545 ~1 -4: /app/test/features/settings/data/services/data_import_service_test.dart: DataImportService importFromZip - Archived Data imports archived goals
━━━━━━━━━━━━━━━━━━━━━━━━━━━━━━━━━━━━━━━━━━━━━━━━━━
ℹ️ INFO: Starting ZIP import
Metadata:
  strategy: merge
━━━━━━━━━━━━━━━━━━━━━━━━━━━━━━━━━━━━━━━━━━━━━━━━━━

━━━━━━━━━━━━━━━━━━━━━━━━━━━━━━━━━━━━━━━━━━━━━━━━━━
ℹ️ INFO: Import complete
Metadata:
  investments: 0
  cashflows: 0
  goals: 1
  documents: 0
  fireSettings: false
━━━━━━━━━━━━━━━━━━━━━━━━━━━━━━━━━━━━━━━━━━━━━━━━━━

00:59 +546 ~1 -4: /app/test/features/settings/data/services/data_import_service_test.dart: DataImportService importFromZip - FIRE Settings Import imports FIRE settings successfully
━━━━━━━━━━━━━━━━━━━━━━━━━━━━━━━━━━━━━━━━━━━━━━━━━━
ℹ️ INFO: Starting ZIP import
Metadata:
  strategy: merge
━━━━━━━━━━━━━━━━━━━━━━━━━━━━━━━━━━━━━━━━━━━━━━━━━━

━━━━━━━━━━━━━━━━━━━━━━━━━━━━━━━━━━━━━━━━━━━━━━━━━━
ℹ️ INFO: FIRE settings imported successfully
━━━━━━━━━━━━━━━━━━━━━━━━━━━━━━━━━━━━━━━━━━━━━━━━━━

━━━━━━━━━━━━━━━━━━━━━━━━━━━━━━━━━━━━━━━━━━━━━━━━━━
ℹ️ INFO: Import complete
Metadata:
  investments: 0
  cashflows: 0
  goals: 0
  documents: 0
  fireSettings: true
━━━━━━━━━━━━━━━━━━━━━━━━━━━━━━━━━━━━━━━━━━━━━━━━━━

00:59 +547 ~1 -4: /app/test/features/settings/data/services/data_import_service_test.dart: DataImportService importFromZip - FIRE Settings Import handles missing FIRE settings gracefully
━━━━━━━━━━━━━━━━━━━━━━━━━━━━━━━━━━━━━━━━━━━━━━━━━━
ℹ️ INFO: Starting ZIP import
Metadata:
  strategy: merge
━━━━━━━━━━━━━━━━━━━━━━━━━━━━━━━━━━━━━━━━━━━━━━━━━━

━━━━━━━━━━━━━━━━━━━━━━━━━━━━━━━━━━━━━━━━━━━━━━━━━━
ℹ️ INFO: Import complete
Metadata:
  investments: 0
  cashflows: 0
  goals: 0
  documents: 0
  fireSettings: false
━━━━━━━━━━━━━━━━━━━━━━━━━━━━━━━━━━━━━━━━━━━━━━━━━━

00:59 +548 ~1 -4: /app/test/features/settings/data/services/data_import_service_test.dart: DataImportService importFromZip - FIRE Settings Import handles invalid FIRE settings JSON with warning
━━━━━━━━━━━━━━━━━━━━━━━━━━━━━━━━━━━━━━━━━━━━━━━━━━
ℹ️ INFO: Starting ZIP import
Metadata:
  strategy: merge
━━━━━━━━━━━━━━━━━━━━━━━━━━━━━━━━━━━━━━━━━━━━━━━━━━

━━━━━━━━━━━━━━━━━━━━━━━━━━━━━━━━━━━━━━━━━━━━━━━━━━
ℹ️ INFO: Import complete
Metadata:
  investments: 0
  cashflows: 0
  goals: 0
  documents: 0
  fireSettings: false
━━━━━━━━━━━━━━━━━━━━━━━━━━━━━━━━━━━━━━━━━━━━━━━━━━

00:59 +549 ~1 -4: /app/test/features/settings/data/services/data_import_service_test.dart: DataImportService importFromZip - FIRE Settings Import does not import FIRE settings when repository is null
━━━━━━━━━━━━━━━━━━━━━━━━━━━━━━━━━━━━━━━━━━━━━━━━━━
ℹ️ INFO: Starting ZIP import
Metadata:
  strategy: merge
━━━━━━━━━━━━━━━━━━━━━━━━━━━━━━━━━━━━━━━━━━━━━━━━━━

━━━━━━━━━━━━━━━━━━━━━━━━━━━━━━━━━━━━━━━━━━━━━━━━━━
ℹ️ INFO: Import complete
Metadata:
  investments: 0
  cashflows: 0
  goals: 0
  documents: 0
  fireSettings: false
━━━━━━━━━━━━━━━━━━━━━━━━━━━━━━━━━━━━━━━━━━━━━━━━━━

00:59 +550 ~1 -4: /app/test/features/settings/data/services/data_import_service_test.dart: (tearDownAll)
00:59 +550 ~1 -4: /app/test/features/settings/data/services/multi_currency_export_import_test.dart: Multi-Currency Export/Import Round-Trip preserves currency information in CSV export
━━━━━━━━━━━━━━━━━━━━━━━━━━━━━━━━━━━━━━━━━━━━━━━━━━
ℹ️ INFO: Starting data export
━━━━━━━━━━━━━━━━━━━━━━━━━━━━━━━━━━━━━━━━━━━━━━━━━━

━━━━━━━━━━━━━━━━━━━━━━━━━━━━━━━━━━━━━━━━━━━━━━━━━━
ℹ️ INFO: Data export: fetched all data
Metadata:
  activeCashFlows: 3
  archivedCashFlows: 0
  goals: 0
  archivedGoals: 0
  documents: 0
━━━━━━━━━━━━━━━━━━━━━━━━━━━━━━━━━━━━━━━━━━━━━━━━━━

━━━━━━━━━━━━━━━━━━━━━━━━━━━━━━━━━━━━━━━━━━━━━━━━━━
ℹ️ INFO: Documents export summary
Metadata:
  total: 0
  added: 0
  failed: 0
━━━━━━━━━━━━━━━━━━━━━━━━━━━━━━━━━━━━━━━━━━━━━━━━━━

━━━━━━━━━━━━━━━━━━━━━━━━━━━━━━━━━━━━━━━━━━━━━━━━━━
ℹ️ INFO: Export saved
Metadata:
  filePath: /tmp/MITXKO/InvTrack_Export_1778261049552.zip
  fileSizeKB: 1.1
━━━━━━━━━━━━━━━━━━━━━━━━━━━━━━━━━━━━━━━━━━━━━━━━━━

00:59 +551 ~1 -4: /app/test/features/settings/data/services/multi_currency_export_import_test.dart: Multi-Currency Export/Import Round-Trip round-trip preserves all currency data
━━━━━━━━━━━━━━━━━━━━━━━━━━━━━━━━━━━━━━━━━━━━━━━━━━
ℹ️ INFO: Starting data export
━━━━━━━━━━━━━━━━━━━━━━━━━━━━━━━━━━━━━━━━━━━━━━━━━━

━━━━━━━━━━━━━━━━━━━━━━━━━━━━━━━━━━━━━━━━━━━━━━━━━━
ℹ️ INFO: Data export: fetched all data
Metadata:
  activeCashFlows: 3
  archivedCashFlows: 0
  goals: 0
  archivedGoals: 0
  documents: 0
━━━━━━━━━━━━━━━━━━━━━━━━━━━━━━━━━━━━━━━━━━━━━━━━━━

━━━━━━━━━━━━━━━━━━━━━━━━━━━━━━━━━━━━━━━━━━━━━━━━━━
ℹ️ INFO: Documents export summary
Metadata:
  total: 0
  added: 0
  failed: 0
━━━━━━━━━━━━━━━━━━━━━━━━━━━━━━━━━━━━━━━━━━━━━━━━━━

━━━━━━━━━━━━━━━━━━━━━━━━━━━━━━━━━━━━━━━━━━━━━━━━━━
ℹ️ INFO: Export saved
Metadata:
  filePath: /tmp/PPEFLE/InvTrack_Export_1778261049604.zip
  fileSizeKB: 1.1
━━━━━━━━━━━━━━━━━━━━━━━━━━━━━━━━━━━━━━━━━━━━━━━━━━

━━━━━━━━━━━━━━━━━━━━━━━━━━━━━━━━━━━━━━━━━━━━━━━━━━
ℹ️ INFO: Starting ZIP import
Metadata:
  strategy: replace
━━━━━━━━━━━━━━━━━━━━━━━━━━━━━━━━━━━━━━━━━━━━━━━━━━

━━━━━━━━━━━━━━━━━━━━━━━━━━━━━━━━━━━━━━━━━━━━━━━━━━
ℹ️ INFO: Import complete
Metadata:
  investments: 1
  cashflows: 3
  goals: 0
  documents: 0
  fireSettings: false
━━━━━━━━━━━━━━━━━━━━━━━━━━━━━━━━━━━━━━━━━━━━━━━━━━

01:00 +552 ~1 -4: /app/test/features/settings/data/services/multi_currency_export_import_test.dart: Multi-Currency Export/Import Round-Trip handles missing currency column (backward compatibility)
━━━━━━━━━━━━━━━━━━━━━━━━━━━━━━━━━━━━━━━━━━━━━━━━━━
ℹ️ INFO: Starting ZIP import
Metadata:
  strategy: merge
━━━━━━━━━━━━━━━━━━━━━━━━━━━━━━━━━━━━━━━━━━━━━━━━━━

━━━━━━━━━━━━━━━━━━━━━━━━━━━━━━━━━━━━━━━━━━━━━━━━━━
ℹ️ INFO: Import complete
Metadata:
  investments: 1
  cashflows: 2
  goals: 0
  documents: 0
  fireSettings: false
━━━━━━━━━━━━━━━━━━━━━━━━━━━━━━━━━━━━━━━━━━━━━━━━━━

01:00 +553 ~1 -4: /app/test/features/settings/data/services/multi_currency_export_import_test.dart: Multi-Currency Export/Import Round-Trip preserves currency across multiple investments
━━━━━━━━━━━━━━━━━━━━━━━━━━━━━━━━━━━━━━━━━━━━━━━━━━
ℹ️ INFO: Starting data export
━━━━━━━━━━━━━━━━━━━━━━━━━━━━━━━━━━━━━━━━━━━━━━━━━━

━━━━━━━━━━━━━━━━━━━━━━━━━━━━━━━━━━━━━━━━━━━━━━━━━━
ℹ️ INFO: Data export: fetched all data
Metadata:
  activeCashFlows: 2
  archivedCashFlows: 0
  goals: 0
  archivedGoals: 0
  documents: 0
━━━━━━━━━━━━━━━━━━━━━━━━━━━━━━━━━━━━━━━━━━━━━━━━━━

━━━━━━━━━━━━━━━━━━━━━━━━━━━━━━━━━━━━━━━━━━━━━━━━━━
ℹ️ INFO: Documents export summary
Metadata:
  total: 0
  added: 0
  failed: 0
━━━━━━━━━━━━━━━━━━━━━━━━━━━━━━━━━━━━━━━━━━━━━━━━━━

━━━━━━━━━━━━━━━━━━━━━━━━━━━━━━━━━━━━━━━━━━━━━━━━━━
ℹ️ INFO: Export saved
Metadata:
  filePath: /tmp/MMPKSI/InvTrack_Export_1778261049689.zip
  fileSizeKB: 1.1
━━━━━━━━━━━━━━━━━━━━━━━━━━━━━━━━━━━━━━━━━━━━━━━━━━

━━━━━━━━━━━━━━━━━━━━━━━━━━━━━━━━━━━━━━━━━━━━━━━━━━
ℹ️ INFO: Starting ZIP import
Metadata:
  strategy: replace
━━━━━━━━━━━━━━━━━━━━━━━━━━━━━━━━━━━━━━━━━━━━━━━━━━

━━━━━━━━━━━━━━━━━━━━━━━━━━━━━━━━━━━━━━━━━━━━━━━━━━
ℹ️ INFO: Import complete
Metadata:
  investments: 2
  cashflows: 2
  goals: 0
  documents: 0
  fireSettings: false
━━━━━━━━━━━━━━━━━━━━━━━━━━━━━━━━━━━━━━━━━━━━━━━━━━

01:00 +554 ~1 -4: /app/test/features/settings/data/services/sample_data_service_test.dart: SampleDataService - Multi-Currency Support (Rule 21.5) Multi-Currency Portfolio creates investments in multiple currencies
01:00 +555 ~1 -4: /app/test/features/settings/data/services/sample_data_service_test.dart: SampleDataService - Multi-Currency Support (Rule 21.5) Multi-Currency Portfolio creates cash flows with matching currencies
01:00 +556 ~1 -4: /app/test/features/settings/data/services/sample_data_service_test.dart: SampleDataService - Multi-Currency Support (Rule 21.5) Multi-Currency Portfolio includes INR investment (Indian Rupees)
01:00 +557 ~1 -4: /app/test/features/settings/data/services/sample_data_service_test.dart: SampleDataService - Multi-Currency Support (Rule 21.5) Multi-Currency Portfolio includes USD investment (US Dollars)
01:00 +558 ~1 -4: /app/test/features/settings/data/services/sample_data_service_test.dart: SampleDataService - Multi-Currency Support (Rule 21.5) Multi-Currency Portfolio includes EUR investment (Euros)
01:00 +559 ~1 -4: /app/test/features/settings/data/services/sample_data_service_test.dart: SampleDataService - Multi-Currency Support (Rule 21.5) Data Integrity (Rule 21.1) does not convert amounts based on currency
01:00 +560 ~1 -4: /app/test/features/settings/data/services/sample_data_service_test.dart: SampleDataService - Multi-Currency Support (Rule 21.5) Data Integrity (Rule 21.1) preserves original currency for all cash flows
01:01 +561 ~1 -4: /app/test/features/goals/presentation/widgets/goal_card_test.dart: GoalCard Multi-Currency Tests displays goal progress message with correct currency symbol
01:01 +562 ~1 -4: /app/test/features/goals/presentation/widgets/goal_card_test.dart: GoalCard Multi-Currency Tests displays goal progress message with correct currency symbol
01:02 +563 ~1 -4: /app/test/features/goals/presentation/widgets/goal_card_test.dart: GoalCard Multi-Currency Tests displays goal progress message with correct currency symbol
01:02 +564 ~1 -4: /app/test/features/goals/presentation/widgets/goal_card_test.dart: GoalCard Multi-Currency Tests displays goal progress message with correct currency symbol
01:02 +565 ~1 -4: /app/test/features/goals/presentation/widgets/goal_card_test.dart: GoalCard Multi-Currency Tests displays goal progress message with correct currency symbol
01:02 +566 ~1 -4: /app/test/features/goals/presentation/widgets/goal_card_test.dart: GoalCard Multi-Currency Tests displays goal progress message with correct currency symbol
01:02 +567 ~1 -4: /app/test/features/goals/presentation/widgets/goal_card_test.dart: GoalCard Multi-Currency Tests displays goal progress message with correct currency symbol
01:02 +568 ~1 -4: /app/test/features/goals/presentation/widgets/goal_card_test.dart: GoalCard Multi-Currency Tests displays goal progress message with correct currency symbol
01:02 +569 ~1 -4: /app/test/features/goals/presentation/widgets/goal_card_test.dart: GoalCard Multi-Currency Tests displays goal progress message with correct currency symbol
01:02 +570 ~1 -4: /app/test/features/goals/presentation/widgets/goal_card_test.dart: GoalCard Multi-Currency Tests displays goal progress message with correct currency symbol
01:02 +571 ~1 -4: /app/test/features/goals/presentation/widgets/goal_card_test.dart: GoalCard Multi-Currency Tests displays goal progress message with correct currency symbol
01:02 +572 ~1 -4: /app/test/features/goals/presentation/widgets/goal_card_test.dart: GoalCard Multi-Currency Tests displays goal progress message with correct currency symbol
01:02 +573 ~1 -4: /app/test/features/goals/presentation/widgets/goal_card_test.dart: GoalCard Multi-Currency Tests displays goal progress message with correct currency symbol
01:02 +574 ~1 -4: /app/test/features/goals/presentation/widgets/goal_card_test.dart: GoalCard Multi-Currency Tests shows progress with locale-aware formatting (Indian locale)
01:02 +575 ~1 -4: /app/test/features/goals/presentation/widgets/goal_card_test.dart: GoalCard Multi-Currency Tests shows progress with locale-aware formatting (Western locale)
01:02 +576 ~1 -4: /app/test/features/goals/presentation/widgets/goal_card_test.dart: GoalCard Multi-Currency Tests shows correct progress percentage
01:02 +577 ~1 -4: /app/test/features/goals/presentation/widgets/goal_card_test.dart: GoalCard Multi-Currency Tests handles income goals with monthly amounts
01:03 +578 ~1 -4: /app/test/features/goals/presentation/providers/goal_progress_multi_currency_test.dart: Multi-Currency Goal Progress - TDD Tests calculateMultiCurrency: goal progress % remains stable when base currency changes
01:03 +579 ~1 -4: /app/test/features/goals/presentation/providers/goal_progress_multi_currency_test.dart: Multi-Currency Goal Progress - TDD Tests REGRESSION: goal progress % stable across currency switches (Rule 21.3)
01:04 +580 ~1 -4: /app/test/features/goals/presentation/providers/goal_notifier_test.dart: GoalNotifier - bulkDelete should delete multiple goals
━━━━━━━━━━━━━━━━━━━━━━━━━━━━━━━━━━━━━━━━━━━━━━━━━━
🔍 DEBUG: Performance not initialized, skipping trace
Metadata:
  trace: goal_bulk_delete
━━━━━━━━━━━━━━━━━━━━━━━━━━━━━━━━━━━━━━━━━━━━━━━━━━

📊 FakeAnalytics: goal_deleted {goal_id: goal-1}
📊 FakeAnalytics: goal_deleted {goal_id: goal-2}
01:04 +581 ~1 -4: /app/test/features/goals/presentation/providers/goal_notifier_test.dart: GoalNotifier - bulkDelete should return 0 for empty list
01:04 +582 ~1 -4: /app/test/features/goals/presentation/providers/goal_notifier_test.dart: GoalNotifier - bulkDelete should delete all goals when all ids provided
━━━━━━━━━━━━━━━━━━━━━━━━━━━━━━━━━━━━━━━━━━━━━━━━━━
🔍 DEBUG: Performance not initialized, skipping trace
Metadata:
  trace: goal_bulk_delete
━━━━━━━━━━━━━━━━━━━━━━━━━━━━━━━━━━━━━━━━━━━━━━━━━━

📊 FakeAnalytics: goal_deleted {goal_id: goal-1}
📊 FakeAnalytics: goal_deleted {goal_id: goal-2}
📊 FakeAnalytics: goal_deleted {goal_id: goal-3}
01:04 +583 ~1 -4: /app/test/features/goals/presentation/providers/goal_notifier_test.dart: GoalNotifier - bulkDelete should log analytics for each deleted goal
━━━━━━━━━━━━━━━━━━━━━━━━━━━━━━━━━━━━━━━━━━━━━━━━━━
🔍 DEBUG: Performance not initialized, skipping trace
Metadata:
  trace: goal_bulk_delete
━━━━━━━━━━━━━━━━━━━━━━━━━━━━━━━━━━━━━━━━━━━━━━━━━━

📊 FakeAnalytics: goal_deleted {goal_id: goal-1}
📊 FakeAnalytics: goal_deleted {goal_id: goal-2}
01:04 +584 ~1 -4: /app/test/features/goals/presentation/providers/goal_notifier_test.dart: GoalNotifier - bulkDelete should set loading state during delete
━━━━━━━━━━━━━━━━━━━━━━━━━━━━━━━━━━━━━━━━━━━━━━━━━━
🔍 DEBUG: Performance not initialized, skipping trace
Metadata:
  trace: goal_bulk_delete
━━━━━━━━━━━━━━━━━━━━━━━━━━━━━━━━━━━━━━━━━━━━━━━━━━

📊 FakeAnalytics: goal_deleted {goal_id: goal-1}
01:04 +585 ~1 -4: /app/test/features/goals/presentation/providers/goal_notifier_test.dart: GoalNotifier - deleteGoal should delete single goal
━━━━━━━━━━━━━━━━━━━━━━━━━━━━━━━━━━━━━━━━━━━━━━━━━━
🔍 DEBUG: Performance not initialized, skipping trace
Metadata:
  trace: goal_delete
━━━━━━━━━━━━━━━━━━━━━━━━━━━━━━━━━━━━━━━━━━━━━━━━━━

📊 FakeAnalytics: goal_deleted {goal_id: goal-1}
01:04 +586 ~1 -4: /app/test/features/goals/presentation/providers/goal_notifier_test.dart: GoalNotifier - deleteGoal should log analytics for deleted goal
━━━━━━━━━━━━━━━━━━━━━━━━━━━━━━━━━━━━━━━━━━━━━━━━━━
🔍 DEBUG: Performance not initialized, skipping trace
Metadata:
  trace: goal_delete
━━━━━━━━━━━━━━━━━━━━━━━━━━━━━━━━━━━━━━━━━━━━━━━━━━

📊 FakeAnalytics: goal_deleted {goal_id: goal-1}
01:04 +587 ~1 -4: /app/test/features/goals/presentation/providers/goal_notifier_test.dart: GoalNotifier - deleteArchivedGoal should delete archived goal
━━━━━━━━━━━━━━━━━━━━━━━━━━━━━━━━━━━━━━━━━━━━━━━━━━
🔍 DEBUG: Performance not initialized, skipping trace
Metadata:
  trace: goal_delete_archived
━━━━━━━━━━━━━━━━━━━━━━━━━━━━━━━━━━━━━━━━━━━━━━━━━━

📊 FakeAnalytics: goal_deleted {goal_id: archived-goal-1}
01:04 +588 ~1 -4: /app/test/features/goals/presentation/providers/goal_notifier_test.dart: GoalNotifier - deleteArchivedGoal should log analytics for deleted archived goal
━━━━━━━━━━━━━━━━━━━━━━━━━━━━━━━━━━━━━━━━━━━━━━━━━━
🔍 DEBUG: Performance not initialized, skipping trace
Metadata:
  trace: goal_delete_archived
━━━━━━━━━━━━━━━━━━━━━━━━━━━━━━━━━━━━━━━━━━━━━━━━━━

📊 FakeAnalytics: goal_deleted {goal_id: archived-goal-1}
01:04 +589 ~1 -4: /app/test/features/goals/presentation/providers/goal_notifier_test.dart: GoalNotifier - bulkDelete with isArchived should delete archived goals when isArchived is true
━━━━━━━━━━━━━━━━━━━━━━━━━━━━━━━━━━━━━━━━━━━━━━━━━━
🔍 DEBUG: Performance not initialized, skipping trace
Metadata:
  trace: goal_bulk_delete
━━━━━━━━━━━━━━━━━━━━━━━━━━━━━━━━━━━━━━━━━━━━━━━━━━

📊 FakeAnalytics: goal_deleted {goal_id: archived-1}
📊 FakeAnalytics: goal_deleted {goal_id: archived-2}
01:04 +590 ~1 -4: /app/test/features/goals/presentation/providers/goal_notifier_test.dart: GoalNotifier - bulkDelete with isArchived should delete active goals when isArchived is false (default)
━━━━━━━━━━━━━━━━━━━━━━━━━━━━━━━━━━━━━━━━━━━━━━━━━━
🔍 DEBUG: Performance not initialized, skipping trace
Metadata:
  trace: goal_bulk_delete
━━━━━━━━━━━━━━━━━━━━━━━━━━━━━━━━━━━━━━━━━━━━━━━━━━

📊 FakeAnalytics: goal_deleted {goal_id: goal-1}
📊 FakeAnalytics: goal_deleted {goal_id: goal-2}
01:04 +591 ~1 -4: /app/test/features/goals/domain/entities/goal_entity_test.dart: GoalEntity color getter returns correct Color from colorValue
01:04 +592 ~1 -4: /app/test/features/goals/domain/entities/goal_entity_test.dart: GoalEntity hasDeadline returns true when targetDate is set
01:04 +593 ~1 -4: /app/test/features/goals/domain/entities/goal_entity_test.dart: GoalEntity hasDeadline returns false when targetDate is null
01:04 +594 ~1 -4: /app/test/features/goals/domain/entities/goal_entity_test.dart: GoalEntity type can be incomeTarget
01:04 +595 ~1 -4: /app/test/features/goals/domain/entities/goal_entity_test.dart: GoalEntity type can be targetDate
01:04 +596 ~1 -4: /app/test/features/goals/domain/entities/goal_entity_test.dart: GoalEntity copyWith creates new instance with updated values
01:04 +597 ~1 -4: /app/test/features/goals/domain/entities/goal_entity_test.dart: GoalEntity equality works correctly
01:04 +598 ~1 -4: /app/test/features/goals/domain/entities/goal_entity_test.dart: GoalType displayName returns correct names
01:04 +599 ~1 -4: /app/test/features/goals/domain/entities/goal_entity_test.dart: GoalType icon returns correct icons
01:04 +600 ~1 -4: /app/test/features/goals/domain/entities/goal_entity_test.dart: GoalType fromString returns correct enum value
01:04 +601 ~1 -4: /app/test/features/goals/domain/entities/goal_entity_test.dart: GoalType fromString returns default for unknown value
01:04 +602 ~1 -4: /app/test/features/goals/domain/entities/goal_entity_test.dart: GoalTrackingMode displayName returns correct names
01:04 +603 ~1 -4: /app/test/features/goals/domain/entities/goal_entity_test.dart: GoalTrackingMode fromString returns correct enum value
01:04 +604 ~1 -4: /app/test/features/goals/domain/entities/goal_entity_test.dart: GoalStatus displayName returns correct names
01:04 +605 ~1 -4: /app/test/features/goals/domain/entities/goal_entity_test.dart: GoalStatus icon returns correct icons
01:04 +606 ~1 -4: /app/test/features/goals/domain/entities/goal_entity_test.dart: GoalColors available contains expected colors
01:04 +607 ~1 -4: /app/test/features/goals/domain/entities/goal_entity_test.dart: GoalColors defaultColor returns first available color
01:04 +608 ~1 -4: /app/test/features/goals/domain/entities/goal_entity_test.dart: GoalIcons available contains expected icons
01:04 +609 ~1 -4: /app/test/features/goals/domain/entities/goal_entity_test.dart: GoalIcons defaultIcon is in available list
01:05 +610 ~1 -4: /app/test/features/goals/domain/entities/goal_progress_test.dart: GoalMilestone forPercentage returns correct milestone
01:05 +611 ~1 -4: /app/test/features/goals/domain/entities/goal_progress_test.dart: GoalMilestone achievedMilestones returns correct milestones
01:05 +612 ~1 -4: /app/test/features/goals/domain/entities/goal_progress_test.dart: GoalMilestone displayName returns correct names
01:05 +613 ~1 -4: /app/test/features/goals/domain/entities/goal_progress_test.dart: GoalMilestone emoji returns correct emoji
01:05 +614 ~1 -4: /app/test/features/goals/domain/entities/goal_progress_test.dart: GoalProgress progressMessage shows correct format for amount goals
01:05 +615 ~1 -4: /app/test/features/goals/domain/entities/goal_progress_test.dart: GoalProgress progressMessage shows correct format for income goals
01:05 +616 ~1 -4: /app/test/features/goals/domain/entities/goal_progress_test.dart: GoalProgress statusMessage for ahead status shows encouragement
01:05 +617 ~1 -4: /app/test/features/goals/domain/entities/goal_progress_test.dart: GoalProgress achieved status shows goal complete
01:06 +618 ~1 -4: /app/test/features/goals/data/repositories/fake_goal_repository_test.dart: FakeGoalRepository - Basic CRUD createGoal adds goal to repository
01:06 +619 ~1 -4: /app/test/features/goals/data/repositories/fake_goal_repository_test.dart: FakeGoalRepository - Basic CRUD getAllGoals returns all goals
01:06 +620 ~1 -4: /app/test/features/goals/data/repositories/fake_goal_repository_test.dart: FakeGoalRepository - Basic CRUD getGoalById returns correct goal
01:06 +621 ~1 -4: /app/test/features/goals/data/repositories/fake_goal_repository_test.dart: FakeGoalRepository - Basic CRUD getGoalById returns null for non-existent id
01:06 +622 ~1 -4: /app/test/features/goals/data/repositories/fake_goal_repository_test.dart: FakeGoalRepository - Basic CRUD updateGoal modifies existing goal
01:06 +623 ~1 -4: /app/test/features/goals/data/repositories/fake_goal_repository_test.dart: FakeGoalRepository - Basic CRUD deleteGoal removes goal
01:06 +624 ~1 -4: /app/test/features/goals/data/repositories/fake_goal_repository_test.dart: FakeGoalRepository - Archive/Unarchive archiveGoal moves goal to archived collection
01:06 +625 ~1 -4: /app/test/features/goals/data/repositories/fake_goal_repository_test.dart: FakeGoalRepository - Archive/Unarchive unarchiveGoal moves goal back to active collection
01:06 +626 ~1 -4: /app/test/features/goals/data/repositories/fake_goal_repository_test.dart: FakeGoalRepository - Streams watchAllGoals returns stream with active goals only
01:06 +627 ~1 -4: /app/test/features/goals/data/repositories/fake_goal_repository_test.dart: FakeGoalRepository - Streams watchActiveGoals returns only active goals
01:06 +628 ~1 -4: /app/test/features/goals/data/repositories/fake_goal_repository_test.dart: FakeGoalRepository - Streams watchArchivedGoals returns only archived goals
01:06 +629 ~1 -4: /app/test/features/goals/data/repositories/fake_goal_repository_test.dart: FakeGoalRepository - Streams watchGoalById returns stream for specific goal
01:06 +630 ~1 -4: /app/test/features/goals/data/repositories/fake_goal_repository_test.dart: FakeGoalRepository - Streams watchGoalById returns null for non-existent goal
01:06 +631 ~1 -4: /app/test/features/goals/data/repositories/fake_goal_repository_test.dart: FakeGoalRepository - Linked Investments getGoalsForInvestment returns goals linked to investment
01:07 +632 ~1 -4: /app/test/features/reports/domain/entities/report_configuration_test.dart: ReportConfiguration Factory constructors weeklySummary creates correct configuration
01:07 +633 ~1 -4: /app/test/features/reports/domain/entities/report_configuration_test.dart: ReportConfiguration Factory constructors weeklySummary with custom dates
01:07 +634 ~1 -4: /app/test/features/reports/domain/entities/report_configuration_test.dart: ReportConfiguration Factory constructors weeklySummary with notification context
01:07 +635 ~1 -4: /app/test/features/reports/domain/entities/report_configuration_test.dart: ReportConfiguration Factory constructors monthlyIncome creates correct configuration
01:07 +636 ~1 -4: /app/test/features/reports/domain/entities/report_configuration_test.dart: ReportConfiguration Factory constructors fyReport creates correct configuration
01:07 +637 ~1 -4: /app/test/features/reports/domain/entities/report_configuration_test.dart: ReportConfiguration Factory constructors maturityCalendar with investment and days
01:07 +638 ~1 -4: /app/test/features/reports/domain/entities/report_configuration_test.dart: ReportConfiguration Factory constructors goalProgress with goal ID and milestone
01:07 +639 ~1 -4: /app/test/features/reports/domain/entities/report_configuration_test.dart: ReportConfiguration Factory constructors performance creates correct configuration
01:07 +640 ~1 -4: /app/test/features/reports/domain/entities/report_configuration_test.dart: ReportConfiguration Factory constructors actionRequired creates correct configuration
01:07 +641 ~1 -4: /app/test/features/reports/domain/entities/report_configuration_test.dart: ReportConfiguration Factory constructors portfolioHealth creates correct configuration
01:07 +642 ~1 -4: /app/test/features/reports/domain/entities/report_configuration_test.dart: ReportConfiguration Query parameter serialization toQueryParams includes all fields
01:07 +643 ~1 -4: /app/test/features/reports/domain/entities/report_configuration_test.dart: ReportConfiguration Query parameter serialization toQueryParams includes notification context
01:07 +644 ~1 -4: /app/test/features/reports/domain/entities/report_configuration_test.dart: ReportConfiguration Query parameter serialization fromQueryParams reconstructs configuration
01:07 +645 ~1 -4: /app/test/features/reports/data/services/action_required_service_test.dart: ActionRequiredService should identify overdue maturities
01:07 +646 ~1 -4: /app/test/features/reports/data/services/action_required_service_test.dart: ActionRequiredService should identify critical maturities within 7 days
01:07 +647 ~1 -4: /app/test/features/reports/data/services/action_required_service_test.dart: ActionRequiredService should identify high priority maturities within 30 days
01:07 +648 ~1 -4: /app/test/features/reports/data/services/action_required_service_test.dart: ActionRequiredService should ignore closed investments
01:07 +649 ~1 -4: /app/test/features/reports/data/services/action_required_service_test.dart: ActionRequiredService should handle empty data
01:07 +650 ~1 -4: /app/test/features/reports/data/services/action_required_service_test.dart: ActionRequiredService should count actions by priority
01:08 +651 ~1 -4: /app/test/features/reports/data/services/fy_report_service_test.dart: FYReportService should calculate FY totals correctly
01:08 +652 ~1 -4: /app/test/features/reports/data/services/fy_report_service_test.dart: FYReportService should filter out cashflows outside FY period
01:08 +653 ~1 -4: /app/test/features/reports/data/services/fy_report_service_test.dart: FYReportService should categorize dividend and interest income
01:08 +654 ~1 -4: /app/test/features/reports/data/services/fy_report_service_test.dart: FYReportService should handle empty data
01:08 +655 ~1 -4: /app/test/features/reports/data/services/fy_report_service_test.dart: FYReportService should calculate correct FY start and end dates
01:08 +656 ~1 -4: /app/test/features/reports/data/services/fy_report_service_test.dart: FYReportService should generate monthly breakdown with 12 months
01:09 +657 ~1 -4: /app/test/features/reports/data/services/monthly_income_service_test.dart: MonthlyIncomeService should calculate total income for the month
01:09 +658 ~1 -4: /app/test/features/reports/data/services/monthly_income_service_test.dart: MonthlyIncomeService should calculate all cashflow types
01:09 +659 ~1 -4: /app/test/features/reports/data/services/monthly_income_service_test.dart: MonthlyIncomeService should group income by type
01:09 +660 ~1 -4: /app/test/features/reports/data/services/monthly_income_service_test.dart: MonthlyIncomeService should identify top income earners
01:09 +661 ~1 -4: /app/test/features/reports/data/services/monthly_income_service_test.dart: MonthlyIncomeService should filter out transactions from other months
01:09 +662 ~1 -4: /app/test/features/reports/data/services/monthly_income_service_test.dart: MonthlyIncomeService should handle empty data
01:10 +663 ~1 -4: /app/test/features/reports/data/services/weekly_summary_service_test.dart: WeeklySummaryService should calculate totals for the week
━━━━━━━━━━━━━━━━━━━━━━━━━━━━━━━━━━━━━━━━━━━━━━━━━━
ℹ️ INFO: Generating weekly summary
Metadata:
  start: 2024-01-01 00:00:00.000
  end: 2024-01-07 23:59:59.000
━━━━━━━━━━━━━━━━━━━━━━━━━━━━━━━━━━━━━━━━━━━━━━━━━━

01:10 +664 ~1 -4: /app/test/features/reports/data/services/weekly_summary_service_test.dart: WeeklySummaryService should handle empty data
━━━━━━━━━━━━━━━━━━━━━━━━━━━━━━━━━━━━━━━━━━━━━━━━━━
ℹ️ INFO: Generating weekly summary
Metadata:
  start: 2024-01-01 00:00:00.000
  end: 2024-01-07 23:59:59.000
━━━━━━━━━━━━━━━━━━━━━━━━━━━━━━━━━━━━━━━━━━━━━━━━━━

01:10 +665 ~1 -4: /app/test/features/reports/data/services/weekly_summary_service_test.dart: WeeklySummaryService should filter transactions outside the week
━━━━━━━━━━━━━━━━━━━━━━━━━━━━━━━━━━━━━━━━━━━━━━━━━━
ℹ️ INFO: Generating weekly summary
Metadata:
  start: 2024-01-01 00:00:00.000
  end: 2024-01-07 23:59:59.000
━━━━━━━━━━━━━━━━━━━━━━━━━━━━━━━━━━━━━━━━━━━━━━━━━━

01:10 +666 ~1 -4: /app/test/features/reports/data/services/weekly_summary_service_test.dart: WeeklySummaryService should identify new investments created during the week
━━━━━━━━━━━━━━━━━━━━━━━━━━━━━━━━━━━━━━━━━━━━━━━━━━
ℹ️ INFO: Generating weekly summary
Metadata:
  start: 2024-01-01 00:00:00.000
  end: 2024-01-07 23:59:59.000
━━━━━━━━━━━━━━━━━━━━━━━━━━━━━━━━━━━━━━━━━━━━━━━━━━

01:10 +667 ~1 -4: /app/test/features/reports/data/services/weekly_summary_service_test.dart: WeeklySummaryService should identify upcoming maturities
━━━━━━━━━━━━━━━━━━━━━━━━━━━━━━━━━━━━━━━━━━━━━━━━━━
ℹ️ INFO: Generating weekly summary
Metadata:
  start: 2024-01-01 00:00:00.000
  end: 2024-01-07 23:59:59.000
━━━━━━━━━━━━━━━━━━━━━━━━━━━━━━━━━━━━━━━━━━━━━━━━━━

01:10 +668 ~1 -4: /app/test/features/reports/data/services/weekly_summary_service_test.dart: WeeklySummaryService should find top performer by XIRR
━━━━━━━━━━━━━━━━━━━━━━━━━━━━━━━━━━━━━━━━━━━━━━━━━━
ℹ️ INFO: Generating weekly summary
Metadata:
  start: 2024-01-01 00:00:00.000
  end: 2024-01-07 23:59:59.000
━━━━━━━━━━━━━━━━━━━━━━━━━━━━━━━━━━━━━━━━━━━━━━━━━━

01:10 +669 ~1 -4: /app/test/features/reports/data/services/report_builder_service_test.dart: ReportBuilderService buildReport builds weekly summary report
01:10 +670 ~1 -4: /app/test/features/reports/data/services/report_builder_service_test.dart: ReportBuilderService buildReport builds monthly income report
01:10 +671 ~1 -4: /app/test/features/reports/data/services/report_builder_service_test.dart: ReportBuilderService buildReport builds maturity calendar report
01:10 +672 ~1 -4: /app/test/features/reports/data/services/report_builder_service_test.dart: ReportBuilderService buildReport builds filtered report by investment ID
01:10 +673 ~1 -4: /app/test/features/reports/data/services/report_builder_service_test.dart: ReportBuilderService buildReport builds filtered report by goal ID
01:10 +674 ~1 -4: /app/test/features/reports/data/services/report_builder_service_test.dart: ReportBuilderService applyFilters filters cashflows by date range
01:10 +675 ~1 -4: /app/test/features/reports/data/services/report_builder_service_test.dart: ReportBuilderService applyFilters filters investments by ID
01:11 +676 ~1 -4: /app/test/features/reports/data/services/maturity_calendar_service_test.dart: MaturityCalendarService should identify investments maturing in next 30 days
01:11 +677 ~1 -4: /app/test/features/reports/data/services/maturity_calendar_service_test.dart: MaturityCalendarService should identify investments maturing in next 90 days
01:11 +678 ~1 -4: /app/test/features/reports/data/services/maturity_calendar_service_test.dart: MaturityCalendarService should handle investments without maturity dates
01:11 +679 ~1 -4: /app/test/features/reports/data/services/maturity_calendar_service_test.dart: MaturityCalendarService should skip already matured investments
01:11 +680 ~1 -4: /app/test/features/reports/data/services/maturity_calendar_service_test.dart: MaturityCalendarService should handle empty data
01:12 +681 ~1 -4: /app/test/features/reports/data/services/goal_progress_service_test.dart: GoalProgressService should categorize goals by status
01:12 +682 ~1 -4: /app/test/features/reports/data/services/goal_progress_service_test.dart: GoalProgressService should calculate aggregate stats correctly
01:12 +683 ~1 -4: /app/test/features/reports/data/services/goal_progress_service_test.dart: GoalProgressService should handle empty data
01:12 +684 ~1 -4: /app/test/features/reports/data/services/portfolio_health_service_test.dart: PortfolioHealthService should calculate diversification correctly
01:12 +685 ~1 -4: /app/test/features/reports/data/services/portfolio_health_service_test.dart: PortfolioHealthService should calculate health score
01:12 +686 ~1 -4: /app/test/features/reports/data/services/portfolio_health_service_test.dart: PortfolioHealthService should handle empty portfolio
01:12 +687 ~1 -4: /app/test/features/reports/data/services/portfolio_health_service_test.dart: PortfolioHealthService should exclude closed investments from health calculation
01:13 +688 ~1 -4: /app/test/features/reports/data/services/performance_report_service_test.dart: PerformanceReportService should identify top performers by XIRR
01:13 +689 ~1 -4: /app/test/features/reports/data/services/performance_report_service_test.dart: PerformanceReportService should calculate average and median XIRR
01:13 +690 ~1 -4: /app/test/features/reports/data/services/performance_report_service_test.dart: PerformanceReportService should count profitable vs loss-making investments
01:13 +691 ~1 -4: /app/test/features/reports/data/services/performance_report_service_test.dart: PerformanceReportService should handle empty data
01:14 +692 ~1 -4: /app/test/features/reports/data/services/report_cache_service_test.dart: ReportCacheService should cache and retrieve data
━━━━━━━━━━━━━━━━━━━━━━━━━━━━━━━━━━━━━━━━━━━━━━━━━━
🔍 DEBUG: Cache set for weekly_summary_2024-01-01_2024-01-31
Metadata:
  expiresAt: 2026-05-08 17:29:23.863835
━━━━━━━━━━━━━━━━━━━━━━━━━━━━━━━━━━━━━━━━━━━━━━━━━━

━━━━━━━━━━━━━━━━━━━━━━━━━━━━━━━━━━━━━━━━━━━━━━━━━━
🔍 DEBUG: Cache hit for weekly_summary_2024-01-01_2024-01-31
━━━━━━━━━━━━━━━━━━━━━━━━━━━━━━━━━━━━━━━━━━━━━━━━━━

01:14 +693 ~1 -4: /app/test/features/reports/data/services/report_cache_service_test.dart: ReportCacheService should return null for cache miss
━━━━━━━━━━━━━━━━━━━━━━━━━━━━━━━━━━━━━━━━━━━━━━━━━━
🔍 DEBUG: Cache miss for weekly_summary_2024-01-01_2024-01-31
━━━━━━━━━━━━━━━━━━━━━━━━━━━━━━━━━━━━━━━━━━━━━━━━━━

01:14 +694 ~1 -4: /app/test/features/reports/data/services/report_cache_service_test.dart: ReportCacheService should clear cache for specific report type
━━━━━━━━━━━━━━━━━━━━━━━━━━━━━━━━━━━━━━━━━━━━━━━━━━
🔍 DEBUG: Cache set for weekly_summary_2024-01-01_2024-01-31
Metadata:
  expiresAt: 2026-05-08 17:29:23.894305
━━━━━━━━━━━━━━━━━━━━━━━━━━━━━━━━━━━━━━━━━━━━━━━━━━

━━━━━━━━━━━━━━━━━━━━━━━━━━━━━━━━━━━━━━━━━━━━━━━━━━
🔍 DEBUG: Cache hit for weekly_summary_2024-01-01_2024-01-31
━━━━━━━━━━━━━━━━━━━━━━━━━━━━━━━━━━━━━━━━━━━━━━━━━━

━━━━━━━━━━━━━━━━━━━━━━━━━━━━━━━━━━━━━━━━━━━━━━━━━━
🔍 DEBUG: Cache cleared for type: weekly_summary
━━━━━━━━━━━━━━━━━━━━━━━━━━━━━━━━━━━━━━━━━━━━━━━━━━

━━━━━━━━━━━━━━━━━━━━━━━━━━━━━━━━━━━━━━━━━━━━━━━━━━
🔍 DEBUG: Cache miss for weekly_summary_2024-01-01_2024-01-31
━━━━━━━━━━━━━━━━━━━━━━━━━━━━━━━━━━━━━━━━━━━━━━━━━━

01:14 +695 ~1 -4: /app/test/features/reports/data/services/report_cache_service_test.dart: ReportCacheService should clear all cache
━━━━━━━━━━━━━━━━━━━━━━━━━━━━━━━━━━━━━━━━━━━━━━━━━━
🔍 DEBUG: Cache set for weekly_summary_2024-01-01_2024-01-31
Metadata:
  expiresAt: 2026-05-08 17:29:23.901640
━━━━━━━━━━━━━━━━━━━━━━━━━━━━━━━━━━━━━━━━━━━━━━━━━━

━━━━━━━━━━━━━━━━━━━━━━━━━━━━━━━━━━━━━━━━━━━━━━━━━━
🔍 DEBUG: Cache set for monthly_income_2024-01-01_2024-01-31
Metadata:
  expiresAt: 2026-05-08 17:29:23.902850
━━━━━━━━━━━━━━━━━━━━━━━━━━━━━━━━━━━━━━━━━━━━━━━━━━

━━━━━━━━━━━━━━━━━━━━━━━━━━━━━━━━━━━━━━━━━━━━━━━━━━
🔍 DEBUG: Cache hit for weekly_summary_2024-01-01_2024-01-31
━━━━━━━━━━━━━━━━━━━━━━━━━━━━━━━━━━━━━━━━━━━━━━━━━━

━━━━━━━━━━━━━━━━━━━━━━━━━━━━━━━━━━━━━━━━━━━━━━━━━━
🔍 DEBUG: Cache hit for monthly_income_2024-01-01_2024-01-31
━━━━━━━━━━━━━━━━━━━━━━━━━━━━━━━━━━━━━━━━━━━━━━━━━━

━━━━━━━━━━━━━━━━━━━━━━━━━━━━━━━━━━━━━━━━━━━━━━━━━━
🔍 DEBUG: All cache cleared
━━━━━━━━━━━━━━━━━━━━━━━━━━━━━━━━━━━━━━━━━━━━━━━━━━

━━━━━━━━━━━━━━━━━━━━━━━━━━━━━━━━━━━━━━━━━━━━━━━━━━
🔍 DEBUG: Cache miss for weekly_summary_2024-01-01_2024-01-31
━━━━━━━━━━━━━━━━━━━━━━━━━━━━━━━━━━━━━━━━━━━━━━━━━━

━━━━━━━━━━━━━━━━━━━━━━━━━━━━━━━━━━━━━━━━━━━━━━━━━━
🔍 DEBUG: Cache miss for monthly_income_2024-01-01_2024-01-31
━━━━━━━━━━━━━━━━━━━━━━━━━━━━━━━━━━━━━━━━━━━━━━━━━━

01:14 +696 ~1 -4: /app/test/features/reports/data/services/report_cache_service_test.dart: ReportCacheService should handle different report types independently
━━━━━━━━━━━━━━━━━━━━━━━━━━━━━━━━━━━━━━━━━━━━━━━━━━
🔍 DEBUG: Cache set for weekly_summary_2024-01-01_2024-01-31
Metadata:
  expiresAt: 2026-05-08 17:29:23.915410
━━━━━━━━━━━━━━━━━━━━━━━━━━━━━━━━━━━━━━━━━━━━━━━━━━

━━━━━━━━━━━━━━━━━━━━━━━━━━━━━━━━━━━━━━━━━━━━━━━━━━
🔍 DEBUG: Cache set for monthly_income_2024-01-01_2024-01-31
Metadata:
  expiresAt: 2026-05-08 17:29:23.917343
━━━━━━━━━━━━━━━━━━━━━━━━━━━━━━━━━━━━━━━━━━━━━━━━━━

━━━━━━━━━━━━━━━━━━━━━━━━━━━━━━━━━━━━━━━━━━━━━━━━━━
🔍 DEBUG: Cache hit for weekly_summary_2024-01-01_2024-01-31
━━━━━━━━━━━━━━━━━━━━━━━━━━━━━━━━━━━━━━━━━━━━━━━━━━

━━━━━━━━━━━━━━━━━━━━━━━━━━━━━━━━━━━━━━━━━━━━━━━━━━
🔍 DEBUG: Cache hit for monthly_income_2024-01-01_2024-01-31
━━━━━━━━━━━━━━━━━━━━━━━━━━━━━━━━━━━━━━━━━━━━━━━━━━

01:14 +697 ~1 -4: /app/test/features/reports/data/services/report_cache_service_test.dart: ReportCacheService should handle different periods independently
━━━━━━━━━━━━━━━━━━━━━━━━━━━━━━━━━━━━━━━━━━━━━━━━━━
🔍 DEBUG: Cache set for weekly_summary_2024-01-01_2024-01-31
Metadata:
  expiresAt: 2026-05-08 17:29:23.925046
━━━━━━━━━━━━━━━━━━━━━━━━━━━━━━━━━━━━━━━━━━━━━━━━━━

━━━━━━━━━━━━━━━━━━━━━━━━━━━━━━━━━━━━━━━━━━━━━━━━━━
🔍 DEBUG: Cache set for weekly_summary_2024-02-01_2024-02-29
Metadata:
  expiresAt: 2026-05-08 17:29:23.926112
━━━━━━━━━━━━━━━━━━━━━━━━━━━━━━━━━━━━━━━━━━━━━━━━━━

━━━━━━━━━━━━━━━━━━━━━━━━━━━━━━━━━━━━━━━━━━━━━━━━━━
🔍 DEBUG: Cache hit for weekly_summary_2024-01-01_2024-01-31
━━━━━━━━━━━━━━━━━━━━━━━━━━━━━━━━━━━━━━━━━━━━━━━━━━

━━━━━━━━━━━━━━━━━━━━━━━━━━━━━━━━━━━━━━━━━━━━━━━━━━
🔍 DEBUG: Cache hit for weekly_summary_2024-02-01_2024-02-29
━━━━━━━━━━━━━━━━━━━━━━━━━━━━━━━━━━━━━━━━━━━━━━━━━━

01:14 +698 ~1 -4: /app/test/features/security/presentation/widgets/privacy_protection_wrapper_test.dart: PrivacyProtectionWrapper shows overlay when inactive/paused
01:15 +699 ~1 -4: /app/test/features/security/presentation/widgets/privacy_protection_wrapper_test.dart: PrivacyProtectionWrapper shows overlay when inactive/paused
01:15 +700 ~1 -4: /app/test/features/security/presentation/widgets/privacy_protection_wrapper_test.dart: PrivacyProtectionWrapper shows overlay when inactive/paused
01:15 +701 ~1 -4: /app/test/features/security/presentation/providers/security_notifier_test.dart: SecurityNotifier Tests Initial State starts with default state
01:15 +702 ~1 -4: /app/test/features/security/presentation/providers/security_notifier_test.dart: SecurityNotifier Tests Initial State starts with default state
01:15 +703 ~1 -4: /app/test/features/security/presentation/widgets/privacy_protection_wrapper_test.dart: PrivacyProtectionWrapper overlay contains ColoredBox with app colors
01:15 +704 ~1 -4: /app/test/features/security/presentation/widgets/privacy_protection_wrapper_test.dart: PrivacyProtectionWrapper overlay contains ColoredBox with app colors
01:15 +705 ~1 -4: /app/test/features/security/presentation/providers/security_notifier_test.dart: SecurityNotifier Tests PIN Operations setPin creates PIN and sets hasPin to true
01:15 +706 ~1 -4: /app/test/features/security/presentation/providers/security_notifier_test.dart: SecurityNotifier Tests PIN Operations setPin creates PIN and sets hasPin to true
01:16 +707 ~1 -4: /app/test/features/security/presentation/providers/security_notifier_test.dart: SecurityNotifier Tests PIN Operations setPin creates PIN and sets hasPin to true
01:16 +708 ~1 -4: /app/test/features/security/presentation/providers/security_notifier_test.dart: SecurityNotifier Tests PIN Operations setPin creates PIN and sets hasPin to true
01:16 +709 ~1 -4: /app/test/features/security/presentation/providers/security_notifier_test.dart: SecurityNotifier Tests PIN Operations setPin creates PIN and sets hasPin to true
01:16 +710 ~1 -4: /app/test/features/security/presentation/providers/security_notifier_test.dart: SecurityNotifier Tests PIN Operations setPin creates PIN and sets hasPin to true
📊 FakeAnalytics: security_enabled {method: passcode}
01:16 +711 ~1 -4: /app/test/features/security/presentation/providers/security_notifier_test.dart: SecurityNotifier Tests PIN Operations removePin removes PIN and disables biometrics
📊 FakeAnalytics: security_enabled {method: passcode}
📊 FakeAnalytics: security_disabled
01:17 +712 ~1 -4: /app/test/features/security/presentation/providers/security_notifier_test.dart: SecurityNotifier Tests Unlock Operations unlockWithPin returns true for correct PIN
📊 FakeAnalytics: security_enabled {method: passcode}
01:19 +712 ~1 -4: /app/test/features/security/presentation/screens/passcode_screen_test.dart: PasscodeScreen enables secure mode on init and disables on dispose
━━━━━━━━━━━━━━━━━━━━━━━━━━━━━━━━━━━━━━━━━━━━━━━━━━
🔍 DEBUG: Biometrics not enabled or not available
━━━━━━━━━━━━━━━━━━━━━━━━━━━━━━━━━━━━━━━━━━━━━━━━━━

01:19 +713 ~1 -4: /app/test/features/security/presentation/screens/passcode_screen_test.dart: PasscodeScreen enables secure mode on init and disables on dispose
01:19 +714 ~1 -4: /app/test/features/security/presentation/providers/security_notifier_test.dart: SecurityNotifier Tests Unlock Operations unlockWithPin returns false for incorrect PIN
01:19 +715 ~1 -4: /app/test/features/security/presentation/providers/security_notifier_test.dart: SecurityNotifier Tests Unlock Operations unlockWithBiometrics returns false when biometrics disabled
01:19 +716 ~1 -4: /app/test/features/security/presentation/providers/security_notifier_test.dart: SecurityNotifier Tests Unlock Operations unlockWithBiometrics unlocks when biometrics enabled and auth succeeds
📊 FakeAnalytics: security_enabled {method: passcode}
🔐 FakeLocalAuth: stopAuthentication called (call #1)
🔐 FakeLocalAuth: authenticate called (call #1)
━━━━━━━━━━━━━━━━━━━━━━━━━━━━━━━━━━━━━━━━━━━━━━━━━━
🔍 DEBUG: Biometric auth result
Metadata:
  result: true
━━━━━━━━━━━━━━━━━━━━━━━━━━━━━━━━━━━━━━━━━━━━━━━━━━

📊 FakeAnalytics: security_enabled {method: biometric}
🔐 FakeLocalAuth: stopAuthentication called (call #2)
🔐 FakeLocalAuth: authenticate called (call #2)
━━━━━━━━━━━━━━━━━━━━━━━━━━━━━━━━━━━━━━━━━━━━━━━━━━
🔍 DEBUG: Biometric auth result
Metadata:
  result: true
━━━━━━━━━━━━━━━━━━━━━━━━━━━━━━━━━━━━━━━━━━━━━━━━━━

01:20 +717 ~1 -4: /app/test/features/security/presentation/providers/security_notifier_test.dart: SecurityNotifier Tests Unlock Operations unlockWithBiometrics keeps locked when auth fails
📊 FakeAnalytics: security_enabled {method: passcode}
🔐 FakeLocalAuth: stopAuthentication called (call #1)
🔐 FakeLocalAuth: authenticate called (call #1)
━━━━━━━━━━━━━━━━━━━━━━━━━━━━━━━━━━━━━━━━━━━━━━━━━━
🔍 DEBUG: Biometric auth result
Metadata:
  result: true
━━━━━━━━━━━━━━━━━━━━━━━━━━━━━━━━━━━━━━━━━━━━━━━━━━

📊 FakeAnalytics: security_enabled {method: biometric}
🔐 FakeLocalAuth: stopAuthentication called (call #2)
🔐 FakeLocalAuth: authenticate called (call #2)
━━━━━━━━━━━━━━━━━━━━━━━━━━━━━━━━━━━━━━━━━━━━━━━━━━
🔍 DEBUG: Biometric auth result
Metadata:
  result: false
━━━━━━━━━━━━━━━━━━━━━━━━━━━━━━━━━━━━━━━━━━━━━━━━━━

01:21 +718 ~1 -4: /app/test/features/security/presentation/providers/security_notifier_test.dart: SecurityNotifier Tests Biometric Toggle toggleBiometrics enables biometrics on successful auth
🔐 FakeLocalAuth: stopAuthentication called (call #1)
🔐 FakeLocalAuth: authenticate called (call #1)
━━━━━━━━━━━━━━━━━━━━━━━━━━━━━━━━━━━━━━━━━━━━━━━━━━
🔍 DEBUG: Biometric auth result
Metadata:
  result: true
━━━━━━━━━━━━━━━━━━━━━━━━━━━━━━━━━━━━━━━━━━━━━━━━━━

📊 FakeAnalytics: security_enabled {method: biometric}
01:21 +719 ~1 -4: /app/test/features/security/presentation/providers/security_notifier_test.dart: SecurityNotifier Tests Biometric Toggle toggleBiometrics does not enable biometrics on failed auth
🔐 FakeLocalAuth: stopAuthentication called (call #1)
🔐 FakeLocalAuth: authenticate called (call #1)
━━━━━━━━━━━━━━━━━━━━━━━━━━━━━━━━━━━━━━━━━━━━━━━━━━
🔍 DEBUG: Biometric auth result
Metadata:
  result: false
━━━━━━━━━━━━━━━━━━━━━━━━━━━━━━━━━━━━━━━━━━━━━━━━━━

01:21 +720 ~1 -4: /app/test/features/security/presentation/providers/security_notifier_test.dart: SecurityNotifier Tests Biometric Toggle toggleBiometrics disables biometrics without auth
🔐 FakeLocalAuth: stopAuthentication called (call #1)
🔐 FakeLocalAuth: authenticate called (call #1)
━━━━━━━━━━━━━━━━━━━━━━━━━━━━━━━━━━━━━━━━━━━━━━━━━━
🔍 DEBUG: Biometric auth result
Metadata:
  result: true
━━━━━━━━━━━━━━━━━━━━━━━━━━━━━━━━━━━━━━━━━━━━━━━━━━

📊 FakeAnalytics: security_enabled {method: biometric}
01:21 +721 ~1 -4: /app/test/features/security/presentation/providers/security_notifier_test.dart: SecurityNotifier Tests Lock App lockApp sets isLocked to true
01:21 +722 ~1 -4: /app/test/features/security/presentation/providers/security_notifier_test.dart: SecurityNotifier Tests Lock App lockApp sets isLocked to true
📊 FakeAnalytics: security_enabled {method: passcode}
01:22 +723 ~1 -4: /app/test/features/security/data/services/security_service_test.dart: SecurityService - PIN Management hasPin returns true after PIN is set
01:23 +724 ~1 -4: /app/test/features/security/presentation/providers/security_notifier_test.dart: SecurityNotifier Tests Auto-Lock Suspension for Picker Operations suspendAutoLock prevents auto-lock during picker operations
📊 FakeAnalytics: security_enabled {method: passcode}
━━━━━━━━━━━━━━━━━━━━━━━━━━━━━━━━━━━━━━━━━━━━━━━━━━
🔍 DEBUG: Suspending auto-lock for picker operation
━━━━━━━━━━━━━━━━━━━━━━━━━━━━━━━━━━━━━━━━━━━━━━━━━━

01:24 +725 ~1 -4: /app/test/features/security/data/services/security_service_test.dart: SecurityService - PIN Management setPin stores PBKDF2 hashed PIN (v3)
01:24 +726 ~1 -4: /app/test/features/security/presentation/providers/security_notifier_test.dart: SecurityNotifier Tests Auto-Lock Suspension for Picker Operations resumeAutoLock re-enables auto-lock
📊 FakeAnalytics: security_enabled {method: passcode}
━━━━━━━━━━━━━━━━━━━━━━━━━━━━━━━━━━━━━━━━━━━━━━━━━━
🔍 DEBUG: Suspending auto-lock for picker operation
━━━━━━━━━━━━━━━━━━━━━━━━━━━━━━━━━━━━━━━━━━━━━━━━━━

━━━━━━━━━━━━━━━━━━━━━━━━━━━━━━━━━━━━━━━━━━━━━━━━━━
🔍 DEBUG: Resuming auto-lock after picker operation
━━━━━━━━━━━━━━━━━━━━━━━━━━━━━━━━━━━━━━━━━━━━━━━━━━

01:25 +727 ~1 -4: /app/test/features/security/data/services/security_service_test.dart: SecurityService - PIN Management verifyPin returns true for correct PIN (hashed storage)
01:26 +728 ~1 -4: /app/test/features/security/presentation/providers/security_notifier_test.dart: SecurityNotifier Tests Auto-Lock Suspension for Picker Operations resumeAutoLock resets pause time to prevent immediate lock
📊 FakeAnalytics: security_enabled {method: passcode}
━━━━━━━━━━━━━━━━━━━━━━━━━━━━━━━━━━━━━━━━━━━━━━━━━━
🔍 DEBUG: Suspending auto-lock for picker operation
━━━━━━━━━━━━━━━━━━━━━━━━━━━━━━━━━━━━━━━━━━━━━━━━━━

━━━━━━━━━━━━━━━━━━━━━━━━━━━━━━━━━━━━━━━━━━━━━━━━━━
🔍 DEBUG: Resuming auto-lock after picker operation
━━━━━━━━━━━━━━━━━━━━━━━━━━━━━━━━━━━━━━━━━━━━━━━━━━

01:27 +729 ~1 -4: /app/test/features/security/data/services/security_service_test.dart: SecurityService - PIN Management verifyPin returns false for incorrect PIN
01:27 +730 ~1 -4: /app/test/features/security/data/services/security_service_test.dart: SecurityService - PIN Management verifyPin upgrades legacy plaintext PIN to PBKDF2 hash
01:28 +731 ~1 -4: /app/test/features/security/data/services/security_service_test.dart: SecurityService - PIN Management verifyPin upgrades legacy plaintext PIN to PBKDF2 hash
01:28 +732 ~1 -4: /app/test/features/security/data/services/security_service_test.dart: SecurityService - PIN Management verifyPin upgrades legacy plaintext PIN to PBKDF2 hash
01:28 +733 ~1 -4: /app/test/features/security/data/services/security_service_test.dart: SecurityService - PIN Management verifyPin upgrades legacy plaintext PIN to PBKDF2 hash
01:28 +734 ~1 -4: /app/test/features/security/data/services/security_service_test.dart: SecurityService - PIN Management verifyPin upgrades legacy plaintext PIN to PBKDF2 hash
01:29 +735 ~1 -4: /app/test/features/security/data/services/security_service_test.dart: SecurityService - PIN Management verifyPin upgrades low iteration PBKDF2 hash
01:30 +735 ~1 -4: /app/test/features/fire_number/presentation/providers/fire_notifier_test.dart: FireSettingsNotifier - Analytics Privacy completeSetup logs monthly_expenses_range (not exact monthly_expenses)
📊 FakeAnalytics: fire_settings_saved {fire_type: lean, target_fire_age: 55, is_setup_complete: 1}
📊 FakeAnalytics: fire_setup_completed {fire_type: lean, monthly_expenses_range: 50k_1L, target_fire_age: 55}
01:30 +736 ~1 -4: /app/test/features/fire_number/presentation/providers/fire_notifier_test.dart: FireSettingsNotifier - Analytics Privacy completeSetup logs monthly_expenses_range (not exact monthly_expenses)
01:30 +737 ~1 -4: /app/test/features/security/data/services/security_service_test.dart: SecurityService - PIN Management verifyPin upgrades legacy unsalted hash to PBKDF2 hash
01:30 +737 ~1 -4: /app/test/features/fire_number/presentation/providers/fire_notifier_test.dart: FireSettingsNotifier - Analytics Privacy completeSetup uses correct range buckets for different amounts
📊 FakeAnalytics: fire_settings_saved {fire_type: regular, target_fire_age: 45, is_setup_complete: 1}
📊 FakeAnalytics: fire_setup_completed {fire_type: regular, monthly_expenses_range: under_1k, target_fire_age: 45}
📊 FakeAnalytics: fire_settings_saved {fire_type: regular, target_fire_age: 45, is_setup_complete: 1}
📊 FakeAnalytics: fire_setup_completed {fire_type: regular, monthly_expenses_range: 1k_10k, target_fire_age: 45}
📊 FakeAnalytics: fire_settings_saved {fire_type: regular, target_fire_age: 45, is_setup_complete: 1}
📊 FakeAnalytics: fire_setup_completed {fire_type: regular, monthly_expenses_range: 10k_50k, target_fire_age: 45}
📊 FakeAnalytics: fire_settings_saved {fire_type: regular, target_fire_age: 45, is_setup_complete: 1}
📊 FakeAnalytics: fire_setup_completed {fire_type: regular, monthly_expenses_range: 50k_1L, target_fire_age: 45}
📊 FakeAnalytics: fire_settings_saved {fire_type: regular, target_fire_age: 45, is_setup_complete: 1}
📊 FakeAnalytics: fire_setup_completed {fire_type: regular, monthly_expenses_range: 1L_5L, target_fire_age: 45}
📊 FakeAnalytics: fire_settings_saved {fire_type: regular, target_fire_age: 45, is_setup_complete: 1}
📊 FakeAnalytics: fire_setup_completed {fire_type: regular, monthly_expenses_range: 5L_10L, target_fire_age: 45}
📊 FakeAnalytics: fire_settings_saved {fire_type: regular, target_fire_age: 45, is_setup_complete: 1}
📊 FakeAnalytics: fire_setup_completed {fire_type: regular, monthly_expenses_range: over_10L, target_fire_age: 45}
01:30 +738 ~1 -4: /app/test/features/security/data/services/security_service_test.dart: SecurityService - PIN Management verifyPin upgrades legacy unsalted hash to PBKDF2 hash
01:30 +738 ~1 -4: /app/test/features/fire_number/presentation/providers/fire_notifier_test.dart: FireSettingsNotifier - Analytics Privacy saveSettings does not log exact monetary amounts
📊 FakeAnalytics: fire_settings_saved {fire_type: regular, target_fire_age: 45, is_setup_complete: 0}
01:30 +739 ~1 -4: /app/test/features/security/data/services/security_service_test.dart: SecurityService - PIN Management verifyPin upgrades legacy unsalted hash to PBKDF2 hash
01:31 +740 ~1 -4: /app/test/features/fire_number/presentation/screens/fire_setup_screen_test.dart: FireSetupScreen has accessible tooltips on buttons
01:33 +741 ~1 -4: /app/test/features/fire_number/presentation/screens/fire_setup_screen_test.dart: FireSetupScreen has accessible tooltips on buttons
01:33 +742 ~1 -4: /app/test/features/security/data/services/security_service_test.dart: SecurityService - PIN Management removePin removes the PIN and disables biometrics
01:33 +743 ~1 -4: /app/test/features/security/data/services/security_service_test.dart: SecurityService - Rate Limiting verifyPin increments failed attempts on incorrect PIN (SecureStorage)
01:35 +744 ~1 -4: /app/test/features/security/data/services/security_service_test.dart: SecurityService - Rate Limiting verifyPin increments failed attempts on incorrect PIN (SecureStorage)
01:35 +745 ~1 -4: /app/test/features/security/data/services/security_service_test.dart: SecurityService - Rate Limiting verifyPin increments failed attempts on incorrect PIN (SecureStorage)
01:35 +746 ~1 -4: /app/test/features/security/data/services/security_service_test.dart: SecurityService - Rate Limiting verifyPin increments failed attempts on incorrect PIN (SecureStorage)
01:35 +747 ~1 -4: /app/test/features/security/data/services/security_service_test.dart: SecurityService - Rate Limiting verifyPin increments failed attempts on incorrect PIN (SecureStorage)
01:35 +748 ~1 -4: /app/test/features/security/data/services/security_service_test.dart: SecurityService - Rate Limiting verifyPin increments failed attempts on incorrect PIN (SecureStorage)
01:35 +749 ~1 -4: /app/test/features/security/data/services/security_service_test.dart: SecurityService - Rate Limiting verifyPin increments failed attempts on incorrect PIN (SecureStorage)
01:35 +750 ~1 -4: /app/test/features/security/data/services/security_service_test.dart: SecurityService - Rate Limiting verifyPin increments failed attempts on incorrect PIN (SecureStorage)
01:35 +751 ~1 -4: /app/test/features/security/data/services/security_service_test.dart: SecurityService - Rate Limiting verifyPin increments failed attempts on incorrect PIN (SecureStorage)
01:36 +752 ~1 -4: /app/test/features/security/data/services/security_service_test.dart: SecurityService - Rate Limiting verifyPin increments failed attempts on incorrect PIN (SecureStorage)
01:36 +753 ~1 -4: /app/test/features/security/data/services/security_service_test.dart: SecurityService - Rate Limiting verifyPin resets failed attempts on correct PIN
01:36 +754 ~1 -4: /app/test/features/security/data/services/security_service_test.dart: SecurityService - Rate Limiting verifyPin resets failed attempts on correct PIN
01:36 +755 ~1 -4: /app/test/features/security/data/services/security_service_test.dart: SecurityService - Rate Limiting verifyPin resets failed attempts on correct PIN
01:36 +756 ~1 -4: /app/test/features/security/data/services/security_service_test.dart: SecurityService - Rate Limiting verifyPin resets failed attempts on correct PIN
01:36 +757 ~1 -4: /app/test/features/security/data/services/security_service_test.dart: SecurityService - Rate Limiting verifyPin resets failed attempts on correct PIN
01:36 +758 ~1 -4: /app/test/features/security/data/services/security_service_test.dart: SecurityService - Rate Limiting verifyPin resets failed attempts on correct PIN
01:36 +759 ~1 -4: /app/test/features/security/data/services/security_service_test.dart: SecurityService - Rate Limiting verifyPin resets failed attempts on correct PIN
01:36 +760 ~1 -4: /app/test/features/security/data/services/security_service_test.dart: SecurityService - Rate Limiting verifyPin resets failed attempts on correct PIN
01:36 +761 ~1 -4: /app/test/features/security/data/services/security_service_test.dart: SecurityService - Rate Limiting verifyPin resets failed attempts on correct PIN
01:36 +762 ~1 -4: /app/test/features/security/data/services/security_service_test.dart: SecurityService - Rate Limiting verifyPin resets failed attempts on correct PIN
01:36 +763 ~1 -4: /app/test/features/security/data/services/security_service_test.dart: SecurityService - Rate Limiting verifyPin resets failed attempts on correct PIN
01:36 +764 ~1 -4: /app/test/features/security/data/services/security_service_test.dart: SecurityService - Rate Limiting verifyPin resets failed attempts on correct PIN
01:36 +765 ~1 -4: /app/test/features/security/data/services/security_service_test.dart: SecurityService - Rate Limiting verifyPin resets failed attempts on correct PIN
01:36 +766 ~1 -4: /app/test/features/security/data/services/security_service_test.dart: SecurityService - Rate Limiting verifyPin resets failed attempts on correct PIN
01:36 +767 ~1 -4: /app/test/features/security/data/services/security_service_test.dart: SecurityService - Rate Limiting verifyPin resets failed attempts on correct PIN
01:36 +768 ~1 -4: /app/test/features/security/data/services/security_service_test.dart: SecurityService - Rate Limiting verifyPin resets failed attempts on correct PIN
01:36 +769 ~1 -4: /app/test/features/security/data/services/security_service_test.dart: SecurityService - Rate Limiting verifyPin resets failed attempts on correct PIN
01:36 +770 ~1 -4: /app/test/features/security/data/services/security_service_test.dart: SecurityService - Rate Limiting verifyPin resets failed attempts on correct PIN
01:37 +771 ~1 -4: /app/test/features/security/data/services/security_service_test.dart: SecurityService - Rate Limiting verifyPin resets failed attempts on correct PIN
01:37 +772 ~1 -4: /app/test/features/security/data/services/security_service_test.dart: SecurityService - Rate Limiting verifyPin resets failed attempts on correct PIN
01:37 +773 ~1 -4: /app/test/features/security/data/services/security_service_test.dart: SecurityService - Rate Limiting verifyPin resets failed attempts on correct PIN
01:37 +774 ~1 -4: /app/test/features/security/data/services/security_service_test.dart: SecurityService - Rate Limiting verifyPin resets failed attempts on correct PIN
01:37 +775 ~1 -4: /app/test/features/security/data/services/security_service_test.dart: SecurityService - Rate Limiting verifyPin resets failed attempts on correct PIN
01:37 +776 ~1 -4: /app/test/features/security/data/services/security_service_test.dart: SecurityService - Rate Limiting verifyPin resets failed attempts on correct PIN
01:37 +777 ~1 -4: /app/test/features/security/data/services/security_service_test.dart: SecurityService - Rate Limiting verifyPin resets failed attempts on correct PIN
01:37 +778 ~1 -4: /app/test/features/security/data/services/security_service_test.dart: SecurityService - Rate Limiting verifyPin resets failed attempts on correct PIN
01:37 +779 ~1 -4: /app/test/features/security/data/services/security_service_test.dart: SecurityService - Rate Limiting verifyPin resets failed attempts on correct PIN
01:37 +780 ~1 -4: /app/test/features/security/data/services/security_service_test.dart: SecurityService - Rate Limiting verifyPin resets failed attempts on correct PIN
01:37 +781 ~1 -4: /app/test/features/security/data/services/security_service_test.dart: SecurityService - Rate Limiting verifyPin resets failed attempts on correct PIN
01:37 +782 ~1 -4: /app/test/features/security/data/services/security_service_test.dart: SecurityService - Rate Limiting verifyPin resets failed attempts on correct PIN
01:37 +783 ~1 -4: /app/test/features/security/data/services/security_service_test.dart: SecurityService - Rate Limiting verifyPin resets failed attempts on correct PIN
01:37 +784 ~1 -4: /app/test/features/security/data/services/security_service_test.dart: SecurityService - Rate Limiting verifyPin resets failed attempts on correct PIN
01:37 +785 ~1 -4: /app/test/features/security/data/services/security_service_test.dart: SecurityService - Rate Limiting verifyPin resets failed attempts on correct PIN
01:37 +786 ~1 -4: /app/test/features/security/data/services/security_service_test.dart: SecurityService - Rate Limiting verifyPin resets failed attempts on correct PIN
01:37 +787 ~1 -4: /app/test/features/security/data/services/security_service_test.dart: SecurityService - Rate Limiting verifyPin resets failed attempts on correct PIN
01:37 +788 ~1 -4: /app/test/features/security/data/services/security_service_test.dart: SecurityService - Rate Limiting verifyPin resets failed attempts on correct PIN
01:37 +789 ~1 -4: /app/test/features/security/data/services/security_service_test.dart: SecurityService - Rate Limiting verifyPin resets failed attempts on correct PIN
01:37 +790 ~1 -4: /app/test/features/security/data/services/security_service_test.dart: SecurityService - Rate Limiting verifyPin resets failed attempts on correct PIN
01:37 +791 ~1 -4: /app/test/features/security/data/services/security_service_test.dart: SecurityService - Rate Limiting verifyPin resets failed attempts on correct PIN
01:37 +792 ~1 -4: /app/test/features/security/data/services/security_service_test.dart: SecurityService - Rate Limiting verifyPin resets failed attempts on correct PIN
01:37 +793 ~1 -4: /app/test/features/security/data/services/security_service_test.dart: SecurityService - Rate Limiting verifyPin resets failed attempts on correct PIN
01:37 +794 ~1 -4: /app/test/features/security/data/services/security_service_test.dart: SecurityService - Rate Limiting verifyPin resets failed attempts on correct PIN
01:39 +795 ~1 -4: /app/test/features/security/data/services/security_service_test.dart: SecurityService - Rate Limiting verifyPin resets failed attempts on correct PIN
01:39 +796 ~1 -4: /app/test/features/security/data/services/security_service_test.dart: SecurityService - Rate Limiting verifyPin resets failed attempts on correct PIN
01:39 +797 ~1 -4: /app/test/features/security/data/services/security_service_test.dart: SecurityService - Rate Limiting verifyPin resets failed attempts on correct PIN
01:39 +798 ~1 -4: /app/test/features/security/data/services/security_service_test.dart: SecurityService - Rate Limiting verifyPin resets failed attempts on correct PIN
01:39 +799 ~1 -4: /app/test/features/security/data/services/security_service_test.dart: SecurityService - Rate Limiting verifyPin resets failed attempts on correct PIN
01:39 +800 ~1 -4: /app/test/features/security/data/services/security_service_test.dart: SecurityService - Rate Limiting verifyPin resets failed attempts on correct PIN
01:39 +801 ~1 -4: /app/test/features/security/data/services/security_service_test.dart: SecurityService - Rate Limiting verifyPin resets failed attempts on correct PIN
01:39 +802 ~1 -4: /app/test/features/security/data/services/security_service_test.dart: SecurityService - Rate Limiting verifyPin resets failed attempts on correct PIN
01:39 +803 ~1 -4: /app/test/features/security/data/services/security_service_test.dart: SecurityService - Rate Limiting verifyPin resets failed attempts on correct PIN
01:39 +804 ~1 -4: /app/test/features/security/data/services/security_service_test.dart: SecurityService - Rate Limiting verifyPin resets failed attempts on correct PIN
01:39 +805 ~1 -4: /app/test/features/security/data/services/security_service_test.dart: SecurityService - Rate Limiting verifyPin resets failed attempts on correct PIN
01:39 +806 ~1 -4: /app/test/features/security/data/services/security_service_test.dart: SecurityService - Rate Limiting verifyPin resets failed attempts on correct PIN
01:39 +807 ~1 -4: /app/test/features/security/data/services/security_service_test.dart: SecurityService - Rate Limiting verifyPin resets failed attempts on correct PIN
01:39 +808 ~1 -4: /app/test/features/security/data/services/security_service_test.dart: SecurityService - Rate Limiting verifyPin resets failed attempts on correct PIN
01:39 +809 ~1 -4: /app/test/features/security/data/services/security_service_test.dart: SecurityService - Rate Limiting verifyPin resets failed attempts on correct PIN
01:39 +810 ~1 -4: /app/test/features/security/data/services/security_service_test.dart: SecurityService - Rate Limiting verifyPin resets failed attempts on correct PIN
01:39 +811 ~1 -4: /app/test/features/security/data/services/security_service_test.dart: SecurityService - Rate Limiting verifyPin locks out after max attempts
01:40 +812 ~1 -4: /app/test/features/security/data/services/security_service_test.dart: SecurityService - Rate Limiting verifyPin locks out after max attempts
01:40 +813 ~1 -4: /app/test/features/security/data/services/security_service_test.dart: SecurityService - Rate Limiting verifyPin locks out after max attempts
01:40 +814 ~1 -4: /app/test/features/security/data/services/security_service_test.dart: SecurityService - Rate Limiting verifyPin locks out after max attempts
01:40 +815 ~1 -4: /app/test/features/security/data/services/security_service_test.dart: SecurityService - Rate Limiting verifyPin locks out after max attempts
01:40 +816 ~1 -4: /app/test/features/security/data/services/security_service_test.dart: SecurityService - Rate Limiting verifyPin locks out after max attempts
01:40 +817 ~1 -4: /app/test/features/security/data/services/security_service_test.dart: SecurityService - Rate Limiting verifyPin locks out after max attempts
01:40 +818 ~1 -4: /app/test/features/security/data/services/security_service_test.dart: SecurityService - Rate Limiting verifyPin locks out after max attempts
01:40 +819 ~1 -4: /app/test/features/security/data/services/security_service_test.dart: SecurityService - Rate Limiting verifyPin locks out after max attempts
01:40 +820 ~1 -4: /app/test/features/security/data/services/security_service_test.dart: SecurityService - Rate Limiting verifyPin locks out after max attempts
01:40 +821 ~1 -4: /app/test/features/security/data/services/security_service_test.dart: SecurityService - Rate Limiting verifyPin locks out after max attempts
01:40 +822 ~1 -4: /app/test/features/security/data/services/security_service_test.dart: SecurityService - Rate Limiting verifyPin locks out after max attempts
01:40 +823 ~1 -4: /app/test/features/security/data/services/security_service_test.dart: SecurityService - Rate Limiting verifyPin locks out after max attempts
01:40 +824 ~1 -4: /app/test/features/security/data/services/security_service_test.dart: SecurityService - Rate Limiting verifyPin locks out after max attempts
01:41 +825 ~1 -4: /app/test/features/security/data/services/security_service_test.dart: SecurityService - Rate Limiting verifyPin locks out after max attempts
01:41 +826 ~1 -4: /app/test/features/security/data/services/security_service_test.dart: SecurityService - Rate Limiting verifyPin locks out after max attempts
01:41 +827 ~1 -4: /app/test/features/security/data/services/security_service_test.dart: SecurityService - Rate Limiting verifyPin locks out after max attempts
01:41 +828 ~1 -4: /app/test/features/security/data/services/security_service_test.dart: SecurityService - Rate Limiting verifyPin locks out after max attempts
01:41 +829 ~1 -4: /app/test/features/security/data/services/security_service_test.dart: SecurityService - Rate Limiting verifyPin locks out after max attempts
01:41 +830 ~1 -4: /app/test/features/security/data/services/security_service_test.dart: SecurityService - Rate Limiting verifyPin locks out after max attempts
01:41 +831 ~1 -4: /app/test/features/security/data/services/security_service_test.dart: SecurityService - Rate Limiting verifyPin locks out after max attempts
01:41 +832 ~1 -4: /app/test/features/security/data/services/security_service_test.dart: SecurityService - Rate Limiting verifyPin locks out after max attempts
01:41 +833 ~1 -4: /app/test/features/security/data/services/security_service_test.dart: SecurityService - Rate Limiting verifyPin locks out after max attempts
01:41 +834 ~1 -4: /app/test/features/security/data/services/security_service_test.dart: SecurityService - Rate Limiting verifyPin locks out after max attempts
01:41 +835 ~1 -4: /app/test/features/security/data/services/security_service_test.dart: SecurityService - Rate Limiting verifyPin locks out after max attempts
01:41 +836 ~1 -4: /app/test/features/security/data/services/security_service_test.dart: SecurityService - Rate Limiting verifyPin locks out after max attempts
01:41 +837 ~1 -4: /app/test/features/security/data/services/security_service_test.dart: SecurityService - Rate Limiting verifyPin locks out after max attempts
01:41 +838 ~1 -4: /app/test/features/security/data/services/security_service_test.dart: SecurityService - Rate Limiting verifyPin locks out after max attempts
01:43 +839 ~1 -4: /app/test/features/security/data/services/security_service_test.dart: SecurityService - Rate Limiting verifyPin locks out after max attempts
01:43 +840 ~1 -4: /app/test/features/security/data/services/security_service_test.dart: SecurityService - Rate Limiting verifyPin locks out after max attempts
01:43 +841 ~1 -4: /app/test/features/security/data/services/security_service_test.dart: SecurityService - Rate Limiting verifyPin locks out after max attempts
01:43 +842 ~1 -4: /app/test/features/security/data/services/security_service_test.dart: SecurityService - Rate Limiting verifyPin locks out after max attempts
01:43 +843 ~1 -4: /app/test/features/security/data/services/security_service_test.dart: SecurityService - Rate Limiting verifyPin locks out after max attempts
01:43 +844 ~1 -4: /app/test/features/security/data/services/security_service_test.dart: SecurityService - Rate Limiting verifyPin locks out after max attempts
01:43 +845 ~1 -4: /app/test/features/security/data/services/security_service_test.dart: SecurityService - Rate Limiting verifyPin locks out after max attempts
01:43 +846 ~1 -4: /app/test/features/security/data/services/security_service_test.dart: SecurityService - Rate Limiting verifyPin locks out after max attempts
01:43 +847 ~1 -4: /app/test/features/security/data/services/security_service_test.dart: SecurityService - Rate Limiting verifyPin locks out after max attempts
01:43 +848 ~1 -4: /app/test/features/security/data/services/security_service_test.dart: SecurityService - Rate Limiting Lockout expires after duration
01:44 +848 ~1 -4: /app/test/features/portfolio_health/data/services/health_score_auto_save_service_test.dart: HealthScoreAutoSaveService start creates timer
━━━━━━━━━━━━━━━━━━━━━━━━━━━━━━━━━━━━━━━━━━━━━━━━━━
🔍 DEBUG: HealthScoreAutoSaveService stopped
━━━━━━━━━━━━━━━━━━━━━━━━━━━━━━━━━━━━━━━━━━━━━━━━━━

━━━━━━━━━━━━━━━━━━━━━━━━━━━━━━━━━━━━━━━━━━━━━━━━━━
🔍 DEBUG: HealthScoreAutoSaveService started
━━━━━━━━━━━━━━━━━━━━━━━━━━━━━━━━━━━━━━━━━━━━━━━━━━

━━━━━━━━━━━━━━━━━━━━━━━━━━━━━━━━━━━━━━━━━━━━━━━━━━
🔍 DEBUG: HealthScoreAutoSaveService stopped
━━━━━━━━━━━━━━━━━━━━━━━━━━━━━━━━━━━━━━━━━━━━━━━━━━

━━━━━━━━━━━━━━━━━━━━━━━━━━━━━━━━━━━━━━━━━━━━━━━━━━
🔍 DEBUG: HealthScoreAutoSaveService stopped
━━━━━━━━━━━━━━━━━━━━━━━━━━━━━━━━━━━━━━━━━━━━━━━━━━

01:44 +849 ~1 -4: /app/test/features/security/data/services/security_service_test.dart: SecurityService - Rate Limiting Lockout expires after duration
01:44 +849 ~1 -4: /app/test/features/portfolio_health/data/services/health_score_auto_save_service_test.dart: HealthScoreAutoSaveService stop cancels timer
━━━━━━━━━━━━━━━━━━━━━━━━━━━━━━━━━━━━━━━━━━━━━━━━━━
🔍 DEBUG: HealthScoreAutoSaveService stopped
━━━━━━━━━━━━━━━━━━━━━━━━━━━━━━━━━━━━━━━━━━━━━━━━━━

━━━━━━━━━━━━━━━━━━━━━━━━━━━━━━━━━━━━━━━━━━━━━━━━━━
🔍 DEBUG: HealthScoreAutoSaveService started
━━━━━━━━━━━━━━━━━━━━━━━━━━━━━━━━━━━━━━━━━━━━━━━━━━

━━━━━━━━━━━━━━━━━━━━━━━━━━━━━━━━━━━━━━━━━━━━━━━━━━
🔍 DEBUG: HealthScoreAutoSaveService stopped
━━━━━━━━━━━━━━━━━━━━━━━━━━━━━━━━━━━━━━━━━━━━━━━━━━

━━━━━━━━━━━━━━━━━━━━━━━━━━━━━━━━━━━━━━━━━━━━━━━━━━
🔍 DEBUG: HealthScoreAutoSaveService stopped
━━━━━━━━━━━━━━━━━━━━━━━━━━━━━━━━━━━━━━━━━━━━━━━━━━

━━━━━━━━━━━━━━━━━━━━━━━━━━━━━━━━━━━━━━━━━━━━━━━━━━
🔍 DEBUG: HealthScoreAutoSaveService stopped
━━━━━━━━━━━━━━━━━━━━━━━━━━━━━━━━━━━━━━━━━━━━━━━━━━

01:44 +850 ~1 -4: /app/test/features/security/data/services/security_service_test.dart: SecurityService - Rate Limiting Lockout expires after duration
01:44 +850 ~1 -4: /app/test/features/portfolio_health/data/services/health_score_auto_save_service_test.dart: HealthScoreAutoSaveService updateScore stores current score
━━━━━━━━━━━━━━━━━━━━━━━━━━━━━━━━━━━━━━━━━━━━━━━━━━
🔍 DEBUG: HealthScoreAutoSaveService stopped
━━━━━━━━━━━━━━━━━━━━━━━━━━━━━━━━━━━━━━━━━━━━━━━━━━

01:44 +851 ~1 -4: /app/test/features/security/data/services/security_service_test.dart: SecurityService - Rate Limiting Lockout expires after duration
01:44 +851 ~1 -4: /app/test/features/portfolio_health/data/services/health_score_auto_save_service_test.dart: HealthScoreAutoSaveService forceSave saves current score immediately
━━━━━━━━━━━━━━━━━━━━━━━━━━━━━━━━━━━━━━━━━━━━━━━━━━
🔍 DEBUG: Health score snapshot force-saved
━━━━━━━━━━━━━━━━━━━━━━━━━━━━━━━━━━━━━━━━━━━━━━━━━━

━━━━━━━━━━━━━━━━━━━━━━━━━━━━━━━━━━━━━━━━━━━━━━━━━━
🔍 DEBUG: HealthScoreAutoSaveService stopped
━━━━━━━━━━━━━━━━━━━━━━━━━━━━━━━━━━━━━━━━━━━━━━━━━━

01:44 +852 ~1 -4: /app/test/features/security/data/services/security_service_test.dart: SecurityService - Rate Limiting Lockout expires after duration
01:44 +852 ~1 -4: /app/test/features/portfolio_health/data/services/health_score_auto_save_service_test.dart: HealthScoreAutoSaveService forceSave does nothing if no score set
━━━━━━━━━━━━━━━━━━━━━━━━━━━━━━━━━━━━━━━━━━━━━━━━━━
🔍 DEBUG: HealthScoreAutoSaveService stopped
━━━━━━━━━━━━━━━━━━━━━━━━━━━━━━━━━━━━━━━━━━━━━━━━━━

01:44 +853 ~1 -4: /app/test/features/security/data/services/security_service_test.dart: SecurityService - Rate Limiting Lockout expires after duration
01:44 +853 ~1 -4: /app/test/features/portfolio_health/data/services/health_score_auto_save_service_test.dart: HealthScoreAutoSaveService forceSave rethrows errors
━━━━━━━━━━━━━━━━━━━━━━━━━━━━━━━━━━━━━━━━━━━━━━━━━━
🔴 ERROR: Failed to force-save health score snapshot
Error: Exception: Save failed
Stack Trace:
#0      When.thenThrow.<anonymous closure> (package:mocktail/src/mocktail.dart:249:7)
#1      Mock.noSuchMethod (package:mocktail/src/mocktail.dart:131:37)
#2      MockHealthScoreRepository.saveSnapshot (file:///app/test/features/portfolio_health/data/services/health_score_auto_save_service_test.dart:16:7)
#3      HealthScoreAutoSaveService.forceSave (package:inv_tracker/features/portfolio_health/data/services/health_score_auto_save_service.dart:132:25)
#4      main.<anonymous closure>.<anonymous closure>.<anonymous closure> (file:///app/test/features/portfolio_health/data/services/health_score_auto_save_service_test.dart:103:23)
#5      Throws.matchAsync (package:matcher/src/expect/throws_matcher.dart:85:37)
#6      _expect (package:matcher/src/expect/expect.dart:137:26)
#7      expect (package:matcher/src/expect/expect.dart:65:3)
#8      expect (package:flutter_test/src/widget_tester.dart:473:18)
#9      main.<anonymous closure>.<anonymous closure> (file:///app/test/features/portfolio_health/data/services/health_score_auto_save_service_test.dart:102:7)
#10     Declarer.test.<anonymous closure>.<anonymous closure> (package:test_api/src/backend/declarer.dart:253:25)
<asynchronous suspension>
#11     Declarer.test.<anonymous closure> (package:test_api/src/backend/declarer.dart:250:11)
<asynchronous suspension>
#12     Invoker._waitForOutstandingCallbacks.<anonymous closure> (package:test_api/src/backend/invoker.dart:318:9)
<asynchronous suspension>

━━━━━━━━━━━━━━━━━━━━━━━━━━━━━━━━━━━━━━━━━━━━━━━━━━

━━━━━━━━━━━━━━━━━━━━━━━━━━━━━━━━━━━━━━━━━━━━━━━━━━
🔍 DEBUG: HealthScoreAutoSaveService stopped
━━━━━━━━━━━━━━━━━━━━━━━━━━━━━━━━━━━━━━━━━━━━━━━━━━

01:44 +854 ~1 -4: /app/test/features/security/data/services/security_service_test.dart: SecurityService - Rate Limiting Lockout expires after duration
01:44 +854 ~1 -4: /app/test/features/portfolio_health/data/services/health_score_auto_save_service_test.dart: HealthScoreAutoSaveService forceSave queues if already saving
━━━━━━━━━━━━━━━━━━━━━━━━━━━━━━━━━━━━━━━━━━━━━━━━━━
🔍 DEBUG: Health score snapshot force-saved
━━━━━━━━━━━━━━━━━━━━━━━━━━━━━━━━━━━━━━━━━━━━━━━━━━

━━━━━━━━━━━━━━━━━━━━━━━━━━━━━━━━━━━━━━━━━━━━━━━━━━
🔍 DEBUG: HealthScoreAutoSaveService stopped
━━━━━━━━━━━━━━━━━━━━━━━━━━━━━━━━━━━━━━━━━━━━━━━━━━

01:44 +855 ~1 -4: /app/test/features/security/data/services/security_service_test.dart: SecurityService - Rate Limiting Lockout expires after duration
01:44 +855 ~1 -4: /app/test/features/portfolio_health/data/services/health_score_auto_save_service_test.dart: HealthScoreAutoSaveService dispose stops timer and clears score
━━━━━━━━━━━━━━━━━━━━━━━━━━━━━━━━━━━━━━━━━━━━━━━━━━
🔍 DEBUG: HealthScoreAutoSaveService stopped
━━━━━━━━━━━━━━━━━━━━━━━━━━━━━━━━━━━━━━━━━━━━━━━━━━

━━━━━━━━━━━━━━━━━━━━━━━━━━━━━━━━━━━━━━━━━━━━━━━━━━
🔍 DEBUG: HealthScoreAutoSaveService started
━━━━━━━━━━━━━━━━━━━━━━━━━━━━━━━━━━━━━━━━━━━━━━━━━━

━━━━━━━━━━━━━━━━━━━━━━━━━━━━━━━━━━━━━━━━━━━━━━━━━━
🔍 DEBUG: HealthScoreAutoSaveService stopped
━━━━━━━━━━━━━━━━━━━━━━━━━━━━━━━━━━━━━━━━━━━━━━━━━━

━━━━━━━━━━━━━━━━━━━━━━━━━━━━━━━━━━━━━━━━━━━━━━━━━━
🔍 DEBUG: HealthScoreAutoSaveService stopped
━━━━━━━━━━━━━━━━━━━━━━━━━━━━━━━━━━━━━━━━━━━━━━━━━━

01:44 +856 ~1 -4: /app/test/features/security/data/services/security_service_test.dart: SecurityService - Rate Limiting Lockout expires after duration
01:45 +857 ~1 -4: /app/test/features/security/data/services/security_service_test.dart: SecurityService - Rate Limiting Lockout expires after duration
01:45 +858 ~1 -4: /app/test/features/security/data/services/security_service_test.dart: SecurityService - Rate Limiting Lockout expires after duration
01:46 +859 ~1 -4: /app/test/features/security/data/services/security_service_test.dart: SecurityService - Rate Limiting Lockout expires after duration
01:46 +860 ~1 -4: /app/test/features/security/data/services/security_service_test.dart: SecurityService - Rate Limiting Lockout expires after duration
01:46 +861 ~1 -4: /app/test/features/security/data/services/security_service_test.dart: SecurityService - Rate Limiting Lockout expires after duration
01:46 +862 ~1 -4: /app/test/features/security/data/services/security_service_test.dart: SecurityService - Rate Limiting Lockout expires after duration
01:46 +863 ~1 -4: /app/test/features/security/data/services/security_service_test.dart: SecurityService - Rate Limiting Lockout expires after duration
01:46 +864 ~1 -4: /app/test/features/security/data/services/security_service_test.dart: SecurityService - Rate Limiting Lockout expires after duration
01:46 +865 ~1 -4: /app/test/features/security/data/services/security_service_test.dart: SecurityService - Rate Limiting Lockout expires after duration
01:46 +866 ~1 -4: /app/test/features/security/data/services/security_service_test.dart: SecurityService - Rate Limiting Lockout expires after duration
01:46 +867 ~1 -4: /app/test/features/security/data/services/security_service_test.dart: SecurityService - Rate Limiting Lockout expires after duration
01:48 +868 ~1 -4: /app/test/features/security/data/services/security_service_test.dart: SecurityService - Rate Limiting Lockout expires after duration
01:48 +869 ~1 -4: /app/test/features/security/data/services/security_service_test.dart: SecurityService - Rate Limiting Lockout expires after duration
01:48 +870 ~1 -4: /app/test/features/security/data/services/security_service_test.dart: SecurityService - Rate Limiting Lockout expires after duration
01:48 +871 ~1 -4: /app/test/features/security/data/services/security_service_test.dart: SecurityService - Rate Limiting Lockout expires after duration
01:49 +872 ~1 -4: /app/test/features/security/data/services/security_service_test.dart: SecurityService - Storage Migration Migrates failed attempts from SharedPreferences to SecureStorage
01:50 +873 ~1 -4: /app/test/features/investment/presentation/widgets/investment_card_semantics_test.dart: InvestmentCard semantics include XIRR when available
01:50 +874 ~1 -4: /app/test/features/investment/presentation/widgets/investment_card_semantics_test.dart: InvestmentCard semantics include XIRR when available
01:50 +875 ~1 -4: /app/test/features/investment/presentation/widgets/investment_card_semantics_test.dart: InvestmentCard semantics include XIRR when available
01:51 +876 ~1 -4: /app/test/features/security/data/services/security_service_test.dart: SecurityService - Storage Migration user with existing PIN before upgrade is unlocked after upgrade
01:51 +877 ~1 -4: /app/test/features/security/data/services/security_service_test.dart: SecurityService - Storage Migration user with existing PIN before upgrade is unlocked after upgrade
01:51 +878 ~1 -4: /app/test/features/security/data/services/security_service_test.dart: SecurityService - Storage Migration Migrates PIN when both SharedPreferences and SecureStorage have user_pin
01:52 +879 ~1 -4: /app/test/features/security/data/services/security_service_test.dart: SecurityService - Storage Migration Concurrent hasPin calls safely migrate legacy PIN without race conditions
01:53 +880 ~1 -4: /app/test/features/investment/presentation/widgets/add_document_sheet_test.dart: AddDocumentSheet Initial State should display title
01:53 +881 ~1 -4: /app/test/features/investment/presentation/widgets/add_document_sheet_test.dart: AddDocumentSheet Initial State should display title
01:53 +882 ~1 -4: /app/test/features/investment/presentation/widgets/add_document_sheet_test.dart: AddDocumentSheet Initial State should display title
01:53 +883 ~1 -4: /app/test/features/investment/presentation/widgets/add_document_sheet_test.dart: AddDocumentSheet Initial State should display title
01:53 +883 ~1 -4: /app/test/features/security/data/services/security_service_test.dart: SecurityService - Biometrics authenticateWithBiometrics returns true on successful auth
🔐 FakeLocalAuth: stopAuthentication called (call #1)
🔐 FakeLocalAuth: authenticate called (call #1)
━━━━━━━━━━━━━━━━━━━━━━━━━━━━━━━━━━━━━━━━━━━━━━━━━━
🔍 DEBUG: Biometric auth result
Metadata:
  result: true
━━━━━━━━━━━━━━━━━━━━━━━━━━━━━━━━━━━━━━━━━━━━━━━━━━

01:53 +884 ~1 -4: /app/test/features/investment/presentation/widgets/add_document_sheet_test.dart: AddDocumentSheet Initial State should display title
01:53 +884 ~1 -4: /app/test/features/security/data/services/security_service_test.dart: SecurityService - Biometrics authenticateWithBiometrics returns false on failed auth
🔐 FakeLocalAuth: stopAuthentication called (call #1)
🔐 FakeLocalAuth: authenticate called (call #1)
━━━━━━━━━━━━━━━━━━━━━━━━━━━━━━━━━━━━━━━━━━━━━━━━━━
🔍 DEBUG: Biometric auth result
Metadata:
  result: false
━━━━━━━━━━━━━━━━━━━━━━━━━━━━━━━━━━━━━━━━━━━━━━━━━━

01:53 +885 ~1 -4: /app/test/features/investment/presentation/widgets/add_document_sheet_test.dart: AddDocumentSheet Initial State should display title
01:53 +885 ~1 -4: /app/test/features/security/data/services/security_service_test.dart: SecurityService - Biometrics authenticateWithBiometrics returns false when biometrics not available
━━━━━━━━━━━━━━━━━━━━━━━━━━━━━━━━━━━━━━━━━━━━━━━━━━
🔍 DEBUG: Biometrics not available on this device
━━━━━━━━━━━━━━━━━━━━━━━━━━━━━━━━━━━━━━━━━━━━━━━━━━

01:53 +886 ~1 -4: /app/test/features/investment/presentation/widgets/add_document_sheet_test.dart: AddDocumentSheet Initial State should display title
01:53 +886 ~1 -4: /app/test/features/security/data/services/security_service_test.dart: SecurityService - Biometrics authenticateWithBiometrics calls stopAuthentication before authenticate
🔐 FakeLocalAuth: stopAuthentication called (call #1)
🔐 FakeLocalAuth: authenticate called (call #1)
━━━━━━━━━━━━━━━━━━━━━━━━━━━━━━━━━━━━━━━━━━━━━━━━━━
🔍 DEBUG: Biometric auth result
Metadata:
  result: true
━━━━━━━━━━━━━━━━━━━━━━━━━━━━━━━━━━━━━━━━━━━━━━━━━━

01:53 +887 ~1 -4: /app/test/features/investment/presentation/widgets/add_document_sheet_test.dart: AddDocumentSheet Initial State should display title
01:53 +887 ~1 -4: /app/test/features/security/data/services/security_service_test.dart: SecurityService - Biometrics authenticateWithBiometrics returns false on PlatformException (NotAvailable)
🔐 FakeLocalAuth: stopAuthentication called (call #1)
🔐 FakeLocalAuth: authenticate called (call #1)
━━━━━━━━━━━━━━━━━━━━━━━━━━━━━━━━━━━━━━━━━━━━━━━━━━
⚠️ WARN: Biometric platform error
Metadata:
  code: NotAvailable
  message: Biometrics not available
Error: PlatformException(NotAvailable, Biometrics not available, null, null)
━━━━━━━━━━━━━━━━━━━━━━━━━━━━━━━━━━━━━━━━━━━━━━━━━━

01:53 +888 ~1 -4: /app/test/features/investment/presentation/widgets/add_document_sheet_test.dart: AddDocumentSheet Initial State should display title
01:53 +888 ~1 -4: /app/test/features/security/data/services/security_service_test.dart: SecurityService - Biometrics authenticateWithBiometrics returns false on PlatformException (NotEnrolled)
🔐 FakeLocalAuth: stopAuthentication called (call #1)
🔐 FakeLocalAuth: authenticate called (call #1)
━━━━━━━━━━━━━━━━━━━━━━━━━━━━━━━━━━━━━━━━━━━━━━━━━━
⚠️ WARN: Biometric platform error
Metadata:
  code: NotEnrolled
  message: Biometrics not available
Error: PlatformException(NotEnrolled, Biometrics not available, null, null)
━━━━━━━━━━━━━━━━━━━━━━━━━━━━━━━━━━━━━━━━━━━━━━━━━━

01:53 +889 ~1 -4: /app/test/features/investment/presentation/widgets/add_document_sheet_test.dart: AddDocumentSheet Initial State should display title
01:53 +889 ~1 -4: /app/test/features/security/data/services/security_service_test.dart: SecurityService - Biometrics authenticateWithBiometrics returns false on PlatformException (user cancelled)
🔐 FakeLocalAuth: stopAuthentication called (call #1)
🔐 FakeLocalAuth: authenticate called (call #1)
━━━━━━━━━━━━━━━━━━━━━━━━━━━━━━━━━━━━━━━━━━━━━━━━━━
⚠️ WARN: Biometric platform error
Metadata:
  code: UserCancelled
  message: Biometrics not available
Error: PlatformException(UserCancelled, Biometrics not available, null, null)
━━━━━━━━━━━━━━━━━━━━━━━━━━━━━━━━━━━━━━━━━━━━━━━━━━

01:53 +890 ~1 -4: /app/test/features/investment/presentation/widgets/add_document_sheet_test.dart: AddDocumentSheet Initial State should display title
01:53 +890 ~1 -4: /app/test/features/security/data/services/security_service_test.dart: SecurityService - Biometrics authenticateWithBiometrics returns false on generic exception
🔐 FakeLocalAuth: stopAuthentication called (call #1)
🔐 FakeLocalAuth: authenticate called (call #1)
━━━━━━━━━━━━━━━━━━━━━━━━━━━━━━━━━━━━━━━━━━━━━━━━━━
⚠️ WARN: Biometric auth error
Error: Exception: Generic biometric error
━━━━━━━━━━━━━━━━━━━━━━━━━━━━━━━━━━━━━━━━━━━━━━━━━━

01:53 +891 ~1 -4: /app/test/features/investment/presentation/widgets/add_document_sheet_test.dart: AddDocumentSheet Initial State should display title
01:53 +892 ~1 -4: /app/test/features/investment/presentation/widgets/add_document_sheet_test.dart: AddDocumentSheet Initial State should display title
01:53 +893 ~1 -4: /app/test/features/investment/presentation/widgets/add_document_sheet_test.dart: AddDocumentSheet Initial State should display title
01:53 +894 ~1 -4: /app/test/features/investment/presentation/widgets/add_document_sheet_test.dart: AddDocumentSheet Initial State should display title
01:53 +895 ~1 -4: /app/test/features/investment/presentation/widgets/add_document_sheet_test.dart: AddDocumentSheet Initial State should display title
01:54 +896 ~1 -4: /app/test/features/security/data/services/security_service_test.dart: SecurityService - Fail Securely verifyPin throws when reading failed attempts fails
01:54 +897 ~1 -4: /app/test/features/security/data/services/security_service_test.dart: SecurityService - Fail Securely verifyPin throws when reading failed attempts fails
01:54 +898 ~1 -4: /app/test/features/security/data/services/security_service_test.dart: SecurityService - Fail Securely verifyPin throws when reading failed attempts fails
01:54 +899 ~1 -4: /app/test/features/security/data/services/security_service_test.dart: SecurityService - Fail Securely verifyPin throws when reading failed attempts fails
01:54 +900 ~1 -4: /app/test/features/security/data/services/security_service_test.dart: SecurityService - Fail Securely verifyPin throws when reading failed attempts fails
01:54 +901 ~1 -4: /app/test/features/security/data/services/security_service_test.dart: SecurityService - Fail Securely verifyPin throws when reading failed attempts fails
01:54 +902 ~1 -4: /app/test/features/security/data/services/security_service_test.dart: SecurityService - Fail Securely verifyPin throws when reading failed attempts fails
01:54 +903 ~1 -4: /app/test/features/security/data/services/security_service_test.dart: SecurityService - Fail Securely verifyPin throws when reading failed attempts fails
01:56 +904 ~1 -4: /app/test/features/investment/presentation/widgets/investment_list_search_field_test.dart: InvestmentListSearchField has accessible buttons
01:57 +905 ~1 -4: /app/test/features/investment/presentation/widgets/investment_list_filter_tabs_test.dart: InvestmentListFilterTabs keyboard navigation test
01:57 +906 ~1 -4: /app/test/features/investment/presentation/widgets/investment_list_filter_tabs_test.dart: InvestmentListFilterTabs keyboard navigation test
01:59 +907 ~1 -4: /app/test/features/investment/presentation/widgets/transaction_fab_test.dart: TransactionFab has correct semantics
02:00 +908 ~1 -4: /app/test/features/investment/presentation/widgets/document_list_widget_test.dart: DocumentListWidget Empty State should display empty state when no documents
02:01 +909 ~1 -4: /app/test/features/investment/presentation/widgets/document_list_widget_test.dart: DocumentListWidget Empty State should show empty state icon
02:01 +910 ~1 -4: /app/test/features/investment/presentation/widgets/document_list_widget_test.dart: DocumentListWidget Empty State should hide helper text in read-only mode
02:01 +911 ~1 -4: /app/test/features/investment/presentation/widgets/document_list_widget_test.dart: DocumentListWidget Document List should display list of documents
02:01 +912 ~1 -4: /app/test/features/investment/presentation/widgets/document_list_widget_test.dart: DocumentListWidget Document List should show document type badges
02:01 +913 ~1 -4: /app/test/features/investment/presentation/widgets/document_list_widget_test.dart: DocumentListWidget Document List should show PDF icon for PDF documents
02:01 +914 ~1 -4: /app/test/features/investment/presentation/widgets/document_list_widget_test.dart: DocumentListWidget Document Navigation should navigate to viewer when document is tapped
02:01 +915 ~1 -4: /app/test/features/investment/presentation/widgets/document_list_widget_test.dart: DocumentListWidget Document Navigation should navigate to viewer when document is tapped
02:01 +916 ~1 -4: /app/test/features/investment/presentation/widgets/document_list_widget_test.dart: DocumentListWidget Document Navigation should navigate to viewer when document is tapped
02:01 +917 ~1 -4: /app/test/features/investment/presentation/widgets/document_list_widget_test.dart: DocumentListWidget Document Navigation should navigate to viewer when document is tapped
02:02 +918 ~1 -4: /app/test/features/investment/presentation/widgets/document_list_widget_test.dart: DocumentListWidget Read Only Mode should hide swipe hint in read-only mode
02:02 +919 ~1 -4: /app/test/features/investment/presentation/widgets/document_list_widget_test.dart: DocumentListWidget Read Only Mode should show swipe hint in edit mode
02:02 +920 ~1 -4: /app/test/features/investment/presentation/providers/maturity_date_sort_test.dart: Maturity Date Sorting Logic investments with maturity dates should sort by date ascending
02:02 +921 ~1 -4: /app/test/features/investment/presentation/providers/maturity_date_sort_test.dart: Maturity Date Sorting Logic investments without maturity date should come last
02:02 +922 ~1 -4: /app/test/features/investment/presentation/providers/maturity_date_sort_test.dart: Maturity Date Sorting Logic multiple investments without maturity should maintain relative order
02:02 +923 ~1 -4: /app/test/features/investment/presentation/providers/maturity_date_sort_test.dart: Maturity Date Sorting Logic all investments without maturity should compare as equal
02:02 +924 ~1 -4: /app/test/features/investment/presentation/providers/maturity_date_sort_test.dart: Maturity Date Sorting Logic investment with maturity should come before one without
02:02 +925 ~1 -4: /app/test/features/investment/presentation/providers/maturity_date_sort_test.dart: Maturity Date Sorting Logic investment without maturity should come after one with
02:03 +926 ~1 -4: /app/test/features/investment/presentation/providers/investment_xirr_provider_test.dart: investmentXirrProvider (Bulk Calculation) should calculate XIRR for multiple investments via bulk provider
━━━━━━━━━━━━━━━━━━━━━━━━━━━━━━━━━━━━━━━━━━━━━━━━━━
🔍 DEBUG: Performance not initialized, skipping trace
Metadata:
  trace: bulk_xirr_calculation
━━━━━━━━━━━━━━━━━━━━━━━━━━━━━━━━━━━━━━━━━━━━━━━━━━

02:03 +927 ~1 -4: /app/test/features/investment/presentation/providers/investment_xirr_provider_test.dart: investmentXirrProvider (Bulk Calculation) should return 0.0 for investment with no cash flows
━━━━━━━━━━━━━━━━━━━━━━━━━━━━━━━━━━━━━━━━━━━━━━━━━━
🔍 DEBUG: Performance not initialized, skipping trace
Metadata:
  trace: bulk_xirr_calculation
━━━━━━━━━━━━━━━━━━━━━━━━━━━━━━━━━━━━━━━━━━━━━━━━━━

02:04 +928 ~1 -4: /app/test/features/investment/presentation/providers/investment_xirr_provider_test.dart: investmentXirrProvider (Bulk Calculation) should return 0.0 for investment with empty cash flows in bulk
━━━━━━━━━━━━━━━━━━━━━━━━━━━━━━━━━━━━━━━━━━━━━━━━━━
🔍 DEBUG: Performance not initialized, skipping trace
Metadata:
  trace: bulk_xirr_calculation
━━━━━━━━━━━━━━━━━━━━━━━━━━━━━━━━━━━━━━━━━━━━━━━━━━

02:04 +929 ~1 -4: /app/test/features/investment/presentation/providers/investment_stats_multi_currency_test.dart: InvestmentStats Multi-Currency Tests KNOWN ISSUE: stats aggregate mixed currencies without conversion
02:04 +930 ~1 -4: /app/test/features/investment/presentation/providers/investment_stats_multi_currency_test.dart: InvestmentStats Multi-Currency Tests verifies cash flows preserve original currency (Rule 21.2)
02:05 +931 ~1 -4: /app/test/features/investment/presentation/providers/base_currency_change_integration_test.dart: Base Currency Change Integration Tests changing base currency from USD to EUR updates global stats
📊 FakeAnalytics: currency_changed {currency: EUR, locale: de_DE}
02:05 +932 ~1 -4: /app/test/features/investment/presentation/providers/base_currency_change_integration_test.dart: Base Currency Change Integration Tests changing base currency updates investment-specific stats
📊 FakeAnalytics: currency_changed {currency: EUR, locale: de_DE}
02:06 +933 ~1 -4: /app/test/features/investment/presentation/providers/multi_currency_xirr_stability_test.dart: Multi-Currency XIRR Stability Tests XIRR remains identical when switching from USD to EUR to INR
02:07 +934 ~1 -4: /app/test/features/investment/presentation/providers/investment_stats_provider_test.dart: calculateStats should return empty stats for empty cash flows
02:07 +935 ~1 -4: /app/test/features/investment/presentation/providers/investment_stats_provider_test.dart: calculateStats should calculate stats correctly for single investment
02:07 +936 ~1 -4: /app/test/features/investment/presentation/providers/investment_stats_provider_test.dart: calculateStats should calculate stats correctly for investment with return
02:07 +937 ~1 -4: /app/test/features/investment/presentation/providers/investment_stats_provider_test.dart: calculateStats should calculate stats correctly for loss scenario
02:07 +938 ~1 -4: /app/test/features/investment/presentation/providers/investment_stats_provider_test.dart: calculateStats should handle fees as outflows
02:07 +939 ~1 -4: /app/test/features/investment/presentation/providers/investment_stats_provider_test.dart: calculateStats should handle income as inflows
02:07 +940 ~1 -4: /app/test/features/investment/presentation/providers/investment_stats_provider_test.dart: archivedInvestmentStatsProvider should return empty stats for non-existent archived investment
02:07 +941 ~1 -4: /app/test/features/investment/presentation/providers/investment_stats_provider_test.dart: archivedInvestmentStatsProvider should calculate stats correctly for archived investment
02:07 +942 ~1 -4: /app/test/features/investment/presentation/providers/investment_stats_provider_test.dart: investmentStatsProvider vs archivedInvestmentStatsProvider should use correct collection for each provider type
  Skip: TODO: Fix async stream-to-future timing issue
02:07 +942 ~2 -4: /app/test/features/investment/presentation/providers/investment_stats_provider_test.dart: investmentStatsProvider vs archivedInvestmentStatsProvider multiCurrencyInvestmentStatsProvider should not find archived cash flows
  Skip: TODO: Fix async stream-to-future timing issue
02:07 +942 ~3 -4: /app/test/features/investment/presentation/providers/investment_stats_provider_test.dart: investmentStatsProvider vs archivedInvestmentStatsProvider archivedInvestmentStatsProvider should not find active cash flows
  Skip: TODO: Fix async stream-to-future timing issue
02:07 +942 ~4 -4: /app/test/features/investment/presentation/providers/investment_list_state_provider_test.dart: InvestmentFilter enum should have all, open, closed, and archived values
02:07 +943 ~4 -4: /app/test/features/investment/presentation/providers/investment_list_state_provider_test.dart: investmentCountsProvider should return zero counts when investments are loading
02:07 +944 ~4 -4: /app/test/features/investment/presentation/providers/investment_list_state_provider_test.dart: investmentListStateProvider should have default filter as all
02:07 +945 ~4 -4: /app/test/features/investment/presentation/providers/investment_list_state_provider_test.dart: investmentListStateProvider should update filter when setFilter is called
02:07 +946 ~4 -4: /app/test/features/investment/presentation/providers/investment_list_state_provider_test.dart: investmentListStateProvider should cycle through all filters
02:07 +947 ~4 -4: /app/test/features/investment/presentation/providers/investment_list_state_provider_test.dart: investmentListStateProvider - Selection Mode should start with selection mode disabled
02:07 +948 ~4 -4: /app/test/features/investment/presentation/providers/investment_list_state_provider_test.dart: investmentListStateProvider - Selection Mode should toggle selection mode on
02:07 +949 ~4 -4: /app/test/features/investment/presentation/providers/investment_list_state_provider_test.dart: investmentListStateProvider - Selection Mode should toggle selection mode off and clear selection
02:07 +950 ~4 -4: /app/test/features/investment/presentation/providers/investment_list_state_provider_test.dart: investmentListStateProvider - Selection Mode should enter selection mode with initial selection
02:07 +951 ~4 -4: /app/test/features/investment/presentation/providers/investment_list_state_provider_test.dart: investmentListStateProvider - Selection Mode should toggle selection to add item
02:07 +952 ~4 -4: /app/test/features/investment/presentation/providers/investment_list_state_provider_test.dart: investmentListStateProvider - Selection Mode should toggle selection to remove item
02:07 +953 ~4 -4: /app/test/features/investment/presentation/providers/investment_list_state_provider_test.dart: investmentListStateProvider - Selection Mode should exit selection mode when last item is deselected
02:07 +954 ~4 -4: /app/test/features/investment/presentation/providers/investment_list_state_provider_test.dart: investmentListStateProvider - Selection Mode should select all provided ids
02:07 +955 ~4 -4: /app/test/features/investment/presentation/providers/investment_list_state_provider_test.dart: investmentListStateProvider - Selection Mode should clear selection
02:07 +956 ~4 -4: /app/test/features/investment/presentation/providers/investment_list_state_provider_test.dart: investmentListStateProvider - Search should start with no search query
02:07 +957 ~4 -4: /app/test/features/investment/presentation/providers/investment_list_state_provider_test.dart: investmentListStateProvider - Search should update search query
02:08 +958 ~4 -4: /app/test/features/investment/presentation/providers/investment_list_state_provider_test.dart: investmentListStateProvider - Search should toggle search mode on
02:08 +959 ~4 -4: /app/test/features/investment/presentation/providers/investment_list_state_provider_test.dart: investmentListStateProvider - Search should toggle search mode off and clear query
02:08 +960 ~4 -4: /app/test/features/investment/presentation/providers/investment_list_state_provider_test.dart: InvestmentListState - copyWith should copy with updated filter
02:08 +961 ~4 -4: /app/test/features/investment/presentation/providers/investment_list_state_provider_test.dart: InvestmentListState - copyWith should copy with updated selection mode
02:08 +962 ~4 -4: /app/test/features/investment/presentation/providers/investment_list_state_provider_test.dart: InvestmentListState - copyWith should preserve other fields when updating one
02:08 +963 ~4 -4: /app/test/features/investment/presentation/providers/investment_list_state_provider_test.dart: Archived filter behavior should identify archived filter correctly
02:08 +964 ~4 -4: /app/test/features/investment/presentation/providers/investment_list_state_provider_test.dart: Archived filter behavior should use correct isArchived check for bulk operations
02:08 +965 ~4 -4: /app/test/features/investment/presentation/providers/investment_list_state_provider_test.dart: investmentListStateProvider - Type Filter should start with no type filter
02:08 +966 ~4 -4: /app/test/features/investment/presentation/providers/investment_list_state_provider_test.dart: investmentListStateProvider - Type Filter should set type filter
02:08 +967 ~4 -4: /app/test/features/investment/presentation/providers/investment_list_state_provider_test.dart: investmentListStateProvider - Type Filter should update type filter to different type
02:08 +968 ~4 -4: /app/test/features/investment/presentation/providers/investment_list_state_provider_test.dart: investmentListStateProvider - Type Filter should clear type filter using setTypeFilter(null)
02:08 +969 ~4 -4: /app/test/features/investment/presentation/providers/investment_list_state_provider_test.dart: investmentListStateProvider - Type Filter should clear type filter using clearTypeFilter()
02:08 +970 ~4 -4: /app/test/features/investment/presentation/providers/investment_list_state_provider_test.dart: investmentListStateProvider - Type Filter should cycle through all investment types
02:08 +971 ~4 -4: /app/test/features/investment/presentation/providers/investment_list_state_provider_test.dart: InvestmentListState - copyWith with typeFilter should copy with updated type filter
02:08 +972 ~4 -4: /app/test/features/investment/presentation/providers/investment_list_state_provider_test.dart: InvestmentListState - copyWith with typeFilter should clear type filter with clearTypeFilter flag
02:08 +973 ~4 -4: /app/test/features/investment/presentation/providers/investment_list_state_provider_test.dart: InvestmentListState - copyWith with typeFilter should preserve type filter when updating other fields
02:08 +974 ~4 -4: /app/test/features/investment/presentation/providers/investment_list_state_provider_test.dart: InvestmentSort enum should have maturityDateAsc sort option
02:08 +975 ~4 -4: /app/test/features/investment/presentation/providers/investment_list_state_provider_test.dart: InvestmentSort enum maturityDateAsc should have correct display name and icon
02:08 +976 ~4 -4: /app/test/features/investment/presentation/providers/investment_list_state_provider_test.dart: InvestmentSort enum should have all expected sort options
02:08 +977 ~4 -4: /app/test/features/investment/presentation/providers/investment_list_state_provider_test.dart: investmentListStateProvider - Sort should have default sort as lastActivity
02:08 +978 ~4 -4: /app/test/features/investment/presentation/providers/investment_list_state_provider_test.dart: investmentListStateProvider - Sort should update sort when setSort is called
02:08 +979 ~4 -4: /app/test/features/investment/presentation/providers/investment_list_state_provider_test.dart: investmentListStateProvider - Sort should set sort to maturityDateAsc
02:08 +980 ~4 -4: /app/test/features/investment/presentation/providers/investment_list_state_provider_test.dart: investmentListStateProvider - Sort should cycle through sort options including maturityDateAsc
02:08 +981 ~4 -4: /app/test/features/investment/presentation/providers/multi_currency_stats_test.dart: Multi-Currency Stats Providers multiCurrencyInvestmentStats converts to base currency before aggregation
02:09 +982 ~4 -4: /app/test/features/investment/presentation/providers/investment_notifier_test.dart: InvestmentNotifier - addInvestment should create investment with valid data
━━━━━━━━━━━━━━━━━━━━━━━━━━━━━━━━━━━━━━━━━━━━━━━━━━
🔍 DEBUG: Performance not initialized, skipping trace
Metadata:
  trace: investment_create
━━━━━━━━━━━━━━━━━━━━━━━━━━━━━━━━━━━━━━━━━━━━━━━━━━

📊 FakeAnalytics: investment_created {investment_type: p2pLending, has_notes: true}
02:09 +983 ~4 -4: /app/test/features/investment/presentation/providers/investment_notifier_test.dart: InvestmentNotifier - addInvestment should trim whitespace from name and notes
━━━━━━━━━━━━━━━━━━━━━━━━━━━━━━━━━━━━━━━━━━━━━━━━━━
🔍 DEBUG: Performance not initialized, skipping trace
Metadata:
  trace: investment_create
━━━━━━━━━━━━━━━━━━━━━━━━━━━━━━━━━━━━━━━━━━━━━━━━━━

📊 FakeAnalytics: investment_created {investment_type: stocks, has_notes: true}
02:09 +984 ~4 -4: /app/test/features/investment/presentation/providers/investment_notifier_test.dart: InvestmentNotifier - addInvestment should throw ValidationException for empty name
02:09 +985 ~4 -4: /app/test/features/investment/presentation/providers/investment_notifier_test.dart: InvestmentNotifier - addInvestment should throw ValidationException for whitespace-only name
02:09 +986 ~4 -4: /app/test/features/investment/presentation/providers/investment_notifier_test.dart: InvestmentNotifier - addInvestment should throw ValidationException for name exceeding max length
02:09 +987 ~4 -4: /app/test/features/investment/presentation/providers/investment_notifier_test.dart: InvestmentNotifier - addInvestment should throw ValidationException for notes exceeding max length
02:09 +988 ~4 -4: /app/test/features/investment/presentation/providers/investment_notifier_test.dart: InvestmentNotifier - updateInvestment should update existing investment
━━━━━━━━━━━━━━━━━━━━━━━━━━━━━━━━━━━━━━━━━━━━━━━━━━
🔍 DEBUG: Performance not initialized, skipping trace
Metadata:
  trace: investment_create
━━━━━━━━━━━━━━━━━━━━━━━━━━━━━━━━━━━━━━━━━━━━━━━━━━

📊 FakeAnalytics: investment_created {investment_type: p2pLending, has_notes: false}
━━━━━━━━━━━━━━━━━━━━━━━━━━━━━━━━━━━━━━━━━━━━━━━━━━
🔍 DEBUG: Performance not initialized, skipping trace
Metadata:
  trace: investment_update
━━━━━━━━━━━━━━━━━━━━━━━━━━━━━━━━━━━━━━━━━━━━━━━━━━

02:09 +989 ~4 -4: /app/test/features/investment/presentation/providers/investment_notifier_test.dart: InvestmentNotifier - updateInvestment should throw DataException for non-existent investment
02:09 +990 ~4 -4: /app/test/features/investment/presentation/providers/investment_notifier_test.dart: InvestmentNotifier - closeInvestment should close an open investment
━━━━━━━━━━━━━━━━━━━━━━━━━━━━━━━━━━━━━━━━━━━━━━━━━━
🔍 DEBUG: Performance not initialized, skipping trace
Metadata:
  trace: investment_create
━━━━━━━━━━━━━━━━━━━━━━━━━━━━━━━━━━━━━━━━━━━━━━━━━━

📊 FakeAnalytics: investment_created {investment_type: p2pLending, has_notes: false}
📊 FakeAnalytics: investment_closed {investment_type: p2pLending}
02:09 +991 ~4 -4: /app/test/features/investment/presentation/providers/investment_notifier_test.dart: InvestmentNotifier - reopenInvestment should reopen a closed investment
━━━━━━━━━━━━━━━━━━━━━━━━━━━━━━━━━━━━━━━━━━━━━━━━━━
🔍 DEBUG: Performance not initialized, skipping trace
Metadata:
  trace: investment_create
━━━━━━━━━━━━━━━━━━━━━━━━━━━━━━━━━━━━━━━━━━━━━━━━━━

📊 FakeAnalytics: investment_created {investment_type: p2pLending, has_notes: false}
📊 FakeAnalytics: investment_closed {investment_type: p2pLending}
📊 FakeAnalytics: investment_reopened {investment_type: p2pLending}
02:09 +992 ~4 -4: /app/test/features/investment/presentation/providers/investment_notifier_test.dart: InvestmentNotifier - deleteInvestment should delete investment and its cash flows
━━━━━━━━━━━━━━━━━━━━━━━━━━━━━━━━━━━━━━━━━━━━━━━━━━
🔍 DEBUG: Performance not initialized, skipping trace
Metadata:
  trace: investment_create
━━━━━━━━━━━━━━━━━━━━━━━━━━━━━━━━━━━━━━━━━━━━━━━━━━

📊 FakeAnalytics: investment_created {investment_type: p2pLending, has_notes: false}
📊 FakeAnalytics: cashflow_added {flow_type: invest, amount_range: 1k_10k}
━━━━━━━━━━━━━━━━━━━━━━━━━━━━━━━━━━━━━━━━━━━━━━━━━━
🔍 DEBUG: Performance not initialized, skipping trace
Metadata:
  trace: investment_delete
━━━━━━━━━━━━━━━━━━━━━━━━━━━━━━━━━━━━━━━━━━━━━━━━━━

📊 FakeAnalytics: investment_deleted {investment_type: p2pLending}
02:09 +993 ~4 -4: /app/test/features/investment/presentation/providers/investment_notifier_test.dart: InvestmentNotifier - addCashFlow should add cash flow with valid data
━━━━━━━━━━━━━━━━━━━━━━━━━━━━━━━━━━━━━━━━━━━━━━━━━━
🔍 DEBUG: Performance not initialized, skipping trace
Metadata:
  trace: investment_create
━━━━━━━━━━━━━━━━━━━━━━━━━━━━━━━━━━━━━━━━━━━━━━━━━━

📊 FakeAnalytics: investment_created {investment_type: p2pLending, has_notes: false}
📊 FakeAnalytics: cashflow_added {flow_type: invest, amount_range: 1k_10k}
02:09 +994 ~4 -4: /app/test/features/investment/presentation/providers/investment_notifier_test.dart: InvestmentNotifier - addCashFlow should throw ValidationException for zero amount
━━━━━━━━━━━━━━━━━━━━━━━━━━━━━━━━━━━━━━━━━━━━━━━━━━
🔍 DEBUG: Performance not initialized, skipping trace
Metadata:
  trace: investment_create
━━━━━━━━━━━━━━━━━━━━━━━━━━━━━━━━━━━━━━━━━━━━━━━━━━

📊 FakeAnalytics: investment_created {investment_type: p2pLending, has_notes: false}
02:09 +995 ~4 -4: /app/test/features/investment/presentation/providers/investment_notifier_test.dart: InvestmentNotifier - addCashFlow should throw ValidationException for negative amount
━━━━━━━━━━━━━━━━━━━━━━━━━━━━━━━━━━━━━━━━━━━━━━━━━━
🔍 DEBUG: Performance not initialized, skipping trace
Metadata:
  trace: investment_create
━━━━━━━━━━━━━━━━━━━━━━━━━━━━━━━━━━━━━━━━━━━━━━━━━━

📊 FakeAnalytics: investment_created {investment_type: p2pLending, has_notes: false}
02:09 +996 ~4 -4: /app/test/features/investment/presentation/providers/investment_notifier_test.dart: InvestmentNotifier - bulkDelete should delete multiple investments
━━━━━━━━━━━━━━━━━━━━━━━━━━━━━━━━━━━━━━━━━━━━━━━━━━
🔍 DEBUG: Performance not initialized, skipping trace
Metadata:
  trace: investment_create
━━━━━━━━━━━━━━━━━━━━━━━━━━━━━━━━━━━━━━━━━━━━━━━━━━

📊 FakeAnalytics: investment_created {investment_type: p2pLending, has_notes: false}
━━━━━━━━━━━━━━━━━━━━━━━━━━━━━━━━━━━━━━━━━━━━━━━━━━
🔍 DEBUG: Performance not initialized, skipping trace
Metadata:
  trace: investment_create
━━━━━━━━━━━━━━━━━━━━━━━━━━━━━━━━━━━━━━━━━━━━━━━━━━

📊 FakeAnalytics: investment_created {investment_type: stocks, has_notes: false}
02:09 +997 ~4 -4: /app/test/features/investment/presentation/providers/investment_notifier_test.dart: InvestmentNotifier - bulkDelete should return 0 for empty list
02:09 +998 ~4 -4: /app/test/features/investment/presentation/providers/investment_notifier_test.dart: InvestmentNotifier - archiveInvestment should archive an investment
━━━━━━━━━━━━━━━━━━━━━━━━━━━━━━━━━━━━━━━━━━━━━━━━━━
🔍 DEBUG: Performance not initialized, skipping trace
Metadata:
  trace: investment_create
━━━━━━━━━━━━━━━━━━━━━━━━━━━━━━━━━━━━━━━━━━━━━━━━━━

📊 FakeAnalytics: investment_created {investment_type: p2pLending, has_notes: false}
📊 FakeAnalytics: investment_archived {investment_type: p2pLending}
02:09 +999 ~4 -4: /app/test/features/investment/presentation/providers/investment_notifier_test.dart: InvestmentNotifier - archiveInvestment should archive an already closed investment
━━━━━━━━━━━━━━━━━━━━━━━━━━━━━━━━━━━━━━━━━━━━━━━━━━
🔍 DEBUG: Performance not initialized, skipping trace
Metadata:
  trace: investment_create
━━━━━━━━━━━━━━━━━━━━━━━━━━━━━━━━━━━━━━━━━━━━━━━━━━

📊 FakeAnalytics: investment_created {investment_type: stocks, has_notes: false}
📊 FakeAnalytics: investment_closed {investment_type: stocks}
📊 FakeAnalytics: investment_archived {investment_type: stocks}
02:09 +1000 ~4 -4: /app/test/features/investment/presentation/providers/investment_notifier_test.dart: InvestmentNotifier - unarchiveInvestment should unarchive an archived investment
━━━━━━━━━━━━━━━━━━━━━━━━━━━━━━━━━━━━━━━━━━━━━━━━━━
🔍 DEBUG: Performance not initialized, skipping trace
Metadata:
  trace: investment_create
━━━━━━━━━━━━━━━━━━━━━━━━━━━━━━━━━━━━━━━━━━━━━━━━━━

📊 FakeAnalytics: investment_created {investment_type: p2pLending, has_notes: false}
📊 FakeAnalytics: investment_archived {investment_type: p2pLending}
📊 FakeAnalytics: investment_unarchived {investment_type: p2pLending}
02:09 +1001 ~4 -4: /app/test/features/investment/presentation/providers/investment_notifier_test.dart: InvestmentNotifier - unarchiveInvestment should preserve investment status when unarchiving
━━━━━━━━━━━━━━━━━━━━━━━━━━━━━━━━━━━━━━━━━━━━━━━━━━
🔍 DEBUG: Performance not initialized, skipping trace
Metadata:
  trace: investment_create
━━━━━━━━━━━━━━━━━━━━━━━━━━━━━━━━━━━━━━━━━━━━━━━━━━

📊 FakeAnalytics: investment_created {investment_type: stocks, has_notes: false}
📊 FakeAnalytics: investment_closed {investment_type: stocks}
📊 FakeAnalytics: investment_archived {investment_type: stocks}
📊 FakeAnalytics: investment_unarchived {investment_type: stocks}
02:09 +1002 ~4 -4: /app/test/features/investment/presentation/providers/investment_notifier_test.dart: InvestmentNotifier - unarchiveInvestment should fetch investment from archived collection during unarchive
━━━━━━━━━━━━━━━━━━━━━━━━━━━━━━━━━━━━━━━━━━━━━━━━━━
🔍 DEBUG: Performance not initialized, skipping trace
Metadata:
  trace: investment_create
━━━━━━━━━━━━━━━━━━━━━━━━━━━━━━━━━━━━━━━━━━━━━━━━━━

📊 FakeAnalytics: investment_created {investment_type: p2pLending, has_notes: false}
📊 FakeAnalytics: investment_archived {investment_type: p2pLending}
📊 FakeAnalytics: investment_unarchived {investment_type: p2pLending}
02:09 +1003 ~4 -4: /app/test/features/investment/presentation/providers/investment_notifier_test.dart: InvestmentNotifier - unarchiveInvestment should move cash flows back when unarchiving
━━━━━━━━━━━━━━━━━━━━━━━━━━━━━━━━━━━━━━━━━━━━━━━━━━
🔍 DEBUG: Performance not initialized, skipping trace
Metadata:
  trace: investment_create
━━━━━━━━━━━━━━━━━━━━━━━━━━━━━━━━━━━━━━━━━━━━━━━━━━

📊 FakeAnalytics: investment_created {investment_type: p2pLending, has_notes: false}
📊 FakeAnalytics: cashflow_added {flow_type: invest, amount_range: 1k_10k}
📊 FakeAnalytics: cashflow_added {flow_type: returnFlow, amount_range: under_1k}
📊 FakeAnalytics: investment_archived {investment_type: p2pLending}
📊 FakeAnalytics: investment_unarchived {investment_type: p2pLending}
02:09 +1004 ~4 -4: /app/test/features/investment/presentation/providers/investment_notifier_test.dart: InvestmentNotifier - deleteArchivedInvestment should delete an archived investment
━━━━━━━━━━━━━━━━━━━━━━━━━━━━━━━━━━━━━━━━━━━━━━━━━━
🔍 DEBUG: Performance not initialized, skipping trace
Metadata:
  trace: investment_create
━━━━━━━━━━━━━━━━━━━━━━━━━━━━━━━━━━━━━━━━━━━━━━━━━━

📊 FakeAnalytics: investment_created {investment_type: p2pLending, has_notes: false}
📊 FakeAnalytics: investment_archived {investment_type: p2pLending}
📊 FakeAnalytics: investment_deleted {investment_type: p2pLending}
02:09 +1005 ~4 -4: /app/test/features/investment/presentation/providers/investment_notifier_test.dart: InvestmentNotifier - deleteArchivedInvestment should delete archived investment and its cash flows
━━━━━━━━━━━━━━━━━━━━━━━━━━━━━━━━━━━━━━━━━━━━━━━━━━
🔍 DEBUG: Performance not initialized, skipping trace
Metadata:
  trace: investment_create
━━━━━━━━━━━━━━━━━━━━━━━━━━━━━━━━━━━━━━━━━━━━━━━━━━

📊 FakeAnalytics: investment_created {investment_type: p2pLending, has_notes: false}
📊 FakeAnalytics: cashflow_added {flow_type: invest, amount_range: 1k_10k}
📊 FakeAnalytics: cashflow_added {flow_type: returnFlow, amount_range: under_1k}
📊 FakeAnalytics: investment_archived {investment_type: p2pLending}
📊 FakeAnalytics: investment_deleted {investment_type: p2pLending}
02:09 +1006 ~4 -4: /app/test/features/investment/presentation/providers/investment_notifier_test.dart: InvestmentNotifier - deleteArchivedInvestment should not affect active investments when deleting archived
━━━━━━━━━━━━━━━━━━━━━━━━━━━━━━━━━━━━━━━━━━━━━━━━━━
🔍 DEBUG: Performance not initialized, skipping trace
Metadata:
  trace: investment_create
━━━━━━━━━━━━━━━━━━━━━━━━━━━━━━━━━━━━━━━━━━━━━━━━━━

📊 FakeAnalytics: investment_created {investment_type: p2pLending, has_notes: false}
━━━━━━━━━━━━━━━━━━━━━━━━━━━━━━━━━━━━━━━━━━━━━━━━━━
🔍 DEBUG: Performance not initialized, skipping trace
Metadata:
  trace: investment_create
━━━━━━━━━━━━━━━━━━━━━━━━━━━━━━━━━━━━━━━━━━━━━━━━━━

📊 FakeAnalytics: investment_created {investment_type: stocks, has_notes: false}
📊 FakeAnalytics: investment_archived {investment_type: stocks}
📊 FakeAnalytics: investment_deleted {investment_type: stocks}
02:09 +1007 ~4 -4: /app/test/features/investment/presentation/providers/investment_notifier_test.dart: InvestmentNotifier - archiveInvestment with cash flows should move all cash flows to archived collection
━━━━━━━━━━━━━━━━━━━━━━━━━━━━━━━━━━━━━━━━━━━━━━━━━━
🔍 DEBUG: Performance not initialized, skipping trace
Metadata:
  trace: investment_create
━━━━━━━━━━━━━━━━━━━━━━━━━━━━━━━━━━━━━━━━━━━━━━━━━━

📊 FakeAnalytics: investment_created {investment_type: p2pLending, has_notes: false}
📊 FakeAnalytics: cashflow_added {flow_type: invest, amount_range: 1k_10k}
📊 FakeAnalytics: cashflow_added {flow_type: income, amount_range: under_1k}
📊 FakeAnalytics: cashflow_added {flow_type: returnFlow, amount_range: 1k_10k}
📊 FakeAnalytics: investment_archived {investment_type: p2pLending}
02:09 +1008 ~4 -4: /app/test/features/investment/presentation/screens/entry_flow_test.dart: InvestmentEntity creates investment with correct properties
02:09 +1008 ~4 -4: /app/test/features/investment/presentation/providers/investment_notifier_test.dart: InvestmentNotifier - archiveInvestment with cash flows should not affect cash flows of other investments when archiving
━━━━━━━━━━━━━━━━━━━━━━━━━━━━━━━━━━━━━━━━━━━━━━━━━━
🔍 DEBUG: Performance not initialized, skipping trace
Metadata:
  trace: investment_create
━━━━━━━━━━━━━━━━━━━━━━━━━━━━━━━━━━━━━━━━━━━━━━━━━━

📊 FakeAnalytics: investment_created {investment_type: p2pLending, has_notes: false}
━━━━━━━━━━━━━━━━━━━━━━━━━━━━━━━━━━━━━━━━━━━━━━━━━━
🔍 DEBUG: Performance not initialized, skipping trace
Metadata:
  trace: investment_create
━━━━━━━━━━━━━━━━━━━━━━━━━━━━━━━━━━━━━━━━━━━━━━━━━━

📊 FakeAnalytics: investment_created {investment_type: stocks, has_notes: false}
📊 FakeAnalytics: cashflow_added {flow_type: invest, amount_range: 1k_10k}
📊 FakeAnalytics: cashflow_added {flow_type: invest, amount_range: 1k_10k}
📊 FakeAnalytics: investment_archived {investment_type: p2pLending}
02:09 +1009 ~4 -4: /app/test/features/investment/presentation/screens/entry_flow_test.dart: InvestmentEntity creates investment with correct properties
02:09 +1010 ~4 -4: /app/test/features/investment/presentation/screens/entry_flow_test.dart: InvestmentEntity investment type has correct display name
02:09 +1011 ~4 -4: /app/test/features/investment/presentation/screens/entry_flow_test.dart: InvestmentEntity investment status has correct display name
02:09 +1012 ~4 -4: /app/test/features/investment/presentation/screens/entry_flow_test.dart: CashFlowEntity creates cash flow with correct properties
02:09 +1013 ~4 -4: /app/test/features/investment/presentation/screens/entry_flow_test.dart: CashFlowEntity cash flow type has correct display name
02:09 +1014 ~4 -4: /app/test/features/investment/presentation/screens/entry_flow_test.dart: CashFlowEntity cash flow type correctly identifies inflow/outflow
02:11 +1015 ~4 -4: /app/test/features/investment/presentation/screens/add_investment_screen_a11y_test.dart: AddInvestmentScreen accessibility test
02:13 +1016 ~4 -4: /app/test/features/investment/presentation/screens/add_investment_screen_a11y_test.dart: AddInvestmentScreen accessibility test
02:13 +1017 ~4 -4: /app/test/features/investment/presentation/screens/add_investment_screen_a11y_test.dart: AddInvestmentScreen accessibility test
02:13 +1018 ~4 -4: /app/test/features/investment/presentation/screens/document_viewer_screen_test.dart: DocumentViewerScreen Widget Rendering should show close button in app bar
02:13 +1019 ~4 -4: /app/test/features/investment/presentation/screens/document_viewer_screen_test.dart: DocumentViewerScreen Widget Rendering should show share button in app bar
02:13 +1020 ~4 -4: /app/test/features/investment/presentation/screens/document_viewer_screen_test.dart: DocumentViewerScreen Widget Rendering should show info toggle button in app bar
02:13 +1021 ~4 -4: /app/test/features/investment/presentation/screens/document_viewer_screen_test.dart: DocumentViewerScreen PDF Document View should display PDF icon for PDF documents
02:13 +1022 ~4 -4: /app/test/features/investment/presentation/screens/document_viewer_screen_test.dart: DocumentViewerScreen PDF Document View should display document name for PDF
02:13 +1023 ~4 -4: /app/test/features/investment/presentation/screens/document_viewer_screen_test.dart: DocumentViewerScreen PDF Document View should display "Open in PDF Viewer" button for PDF
02:13 +1024 ~4 -4: /app/test/features/investment/presentation/screens/document_viewer_screen_test.dart: DocumentViewerScreen PDF Document View should display share button for PDF
02:13 +1025 ~4 -4: /app/test/features/investment/presentation/screens/document_viewer_screen_test.dart: DocumentViewerScreen PDF Document View should display file size for PDF
02:13 +1026 ~4 -4: /app/test/features/investment/presentation/screens/document_viewer_screen_test.dart: DocumentViewerScreen Image Document View should display InteractiveViewer for image documents
02:13 +1027 ~4 -4: /app/test/features/investment/presentation/screens/document_viewer_screen_test.dart: DocumentViewerScreen Image Document View should not show PDF viewer button for image documents
02:14 +1028 ~4 -4: /app/test/features/investment/presentation/screens/document_viewer_screen_test.dart: DocumentViewerScreen Info Overlay should show info overlay by default
02:14 +1029 ~4 -4: /app/test/features/investment/presentation/screens/document_viewer_screen_test.dart: DocumentViewerScreen Info Overlay should show document type badge in overlay
02:14 +1030 ~4 -4: /app/test/features/investment/presentation/screens/document_viewer_screen_test.dart: DocumentViewerScreen Info Overlay should toggle info overlay on button tap
02:14 +1031 ~4 -4: /app/test/features/investment/presentation/screens/document_viewer_screen_test.dart: DocumentViewerScreen Navigation should close screen when close button is tapped
02:14 +1032 ~4 -4: /app/test/features/investment/presentation/screens/document_viewer_screen_test.dart: DocumentViewerScreen Different Document Types should show correct color for receipt type
02:14 +1033 ~4 -4: /app/test/features/investment/presentation/screens/document_viewer_screen_test.dart: DocumentViewerScreen Different Document Types should show correct color for contract type
02:14 +1034 ~4 -4: /app/test/features/investment/presentation/screens/document_viewer_screen_test.dart: DocumentViewerScreen Different Document Types should show correct color for certificate type
02:14 +1035 ~4 -4: /app/test/features/investment/presentation/screens/document_viewer_screen_test.dart: DocumentViewerScreen Different Document Types should show correct color for other type
02:14 +1036 ~4 -4: /app/test/features/investment/presentation/screens/document_viewer_screen_test.dart: DocumentViewerScreen File Size Formatting should display KB for files under 1MB
02:14 +1037 ~4 -4: /app/test/features/investment/presentation/screens/document_viewer_screen_test.dart: DocumentViewerScreen File Size Formatting should display MB for files over 1MB
02:14 +1038 ~4 -4: /app/test/features/investment/presentation/screens/document_viewer_screen_test.dart: DocumentViewerScreen File Size Formatting should display B for very small files
02:14 +1039 ~4 -4: /app/test/features/investment/presentation/screens/document_viewer_screen_test.dart: DocumentViewerScreen Accessibility - Semantics image document should have correct semantics with zoom reset action
02:15 +1040 ~4 -4: /app/test/features/investment/presentation/screens/investment_list_a11y_test.dart: InvestmentListScreen AppBar actions should have accessibility tooltips
02:15 +1041 ~4 -4: /app/test/features/investment/presentation/screens/investment_list_a11y_test.dart: InvestmentListScreen AppBar actions should have accessibility tooltips
02:15 +1042 ~4 -4: /app/test/features/investment/presentation/screens/investment_list_a11y_test.dart: InvestmentListScreen AppBar actions should have accessibility tooltips
02:15 +1043 ~4 -4: /app/test/features/investment/presentation/screens/investment_list_a11y_test.dart: InvestmentListScreen AppBar actions should have accessibility tooltips
02:15 +1044 ~4 -4: /app/test/features/investment/presentation/screens/investment_list_a11y_test.dart: InvestmentListScreen AppBar actions should have accessibility tooltips
02:16 +1045 ~4 -4: /app/test/features/investment/presentation/screens/investment_list_a11y_test.dart: InvestmentListScreen AppBar actions should have accessibility tooltips
02:16 +1046 ~4 -4: /app/test/features/investment/presentation/screens/investment_list_a11y_test.dart: InvestmentListScreen AppBar actions should have accessibility tooltips
02:16 +1047 ~4 -4: /app/test/features/investment/presentation/screens/investment_list_a11y_test.dart: InvestmentListScreen AppBar actions should have accessibility tooltips
02:16 +1048 ~4 -4: /app/test/features/investment/presentation/screens/investment_list_a11y_test.dart: InvestmentListScreen AppBar actions should have accessibility tooltips
02:16 +1049 ~4 -4: /app/test/features/investment/presentation/screens/investment_list_a11y_test.dart: InvestmentListScreen AppBar actions should have accessibility tooltips
02:16 +1050 ~4 -4: /app/test/features/investment/presentation/screens/investment_list_a11y_test.dart: InvestmentListScreen AppBar actions should have accessibility tooltips
02:16 +1051 ~4 -4: /app/test/features/investment/presentation/screens/investment_list_a11y_test.dart: InvestmentListScreen AppBar actions should have accessibility tooltips
02:16 +1052 ~4 -4: /app/test/features/investment/presentation/screens/investment_list_a11y_test.dart: InvestmentListScreen AppBar actions should have accessibility tooltips
02:16 +1053 ~4 -4: /app/test/features/investment/presentation/screens/investment_list_a11y_test.dart: InvestmentListScreen AppBar actions should have accessibility tooltips
02:16 +1054 ~4 -4: /app/test/features/investment/presentation/screens/investment_list_a11y_test.dart: InvestmentListScreen AppBar actions should have accessibility tooltips
02:16 +1055 ~4 -4: /app/test/features/investment/presentation/screens/investment_list_a11y_test.dart: InvestmentListScreen AppBar actions should have accessibility tooltips
02:16 +1056 ~4 -4: /app/test/features/investment/presentation/screens/investment_list_a11y_test.dart: InvestmentListScreen AppBar actions should have accessibility tooltips
02:16 +1057 ~4 -4: /app/test/features/investment/presentation/screens/investment_list_a11y_test.dart: InvestmentListScreen AppBar actions should have accessibility tooltips
02:16 +1058 ~4 -4: /app/test/features/investment/presentation/screens/investment_list_a11y_test.dart: Active filter chip close button should be accessible
02:17 +1059 ~4 -4: /app/test/features/investment/presentation/screens/investment_list_a11y_test.dart: Filter list items should have selected state semantics
02:17 +1060 ~4 -4: /app/test/features/investment/presentation/screens/investment_list_a11y_test.dart: Filter list items should have selected state semantics
02:17 +1061 ~4 -4: /app/test/features/investment/presentation/screens/investment_list_a11y_test.dart: Filter list items should have selected state semantics
02:17 +1062 ~4 -4: /app/test/features/investment/presentation/screens/investment_list_a11y_test.dart: Filter list items should have selected state semantics
02:17 +1063 ~4 -4: /app/test/features/investment/presentation/screens/investment_list_a11y_test.dart: Filter list items should have selected state semantics
02:17 +1064 ~4 -4: /app/test/features/investment/presentation/screens/investment_list_a11y_test.dart: Filter list items should have selected state semantics
02:17 +1065 ~4 -4: /app/test/features/investment/presentation/screens/investment_list_a11y_test.dart: Filter list items should have selected state semantics
02:17 +1066 ~4 -4: /app/test/features/investment/presentation/screens/investment_list_a11y_test.dart: Filter list items should have selected state semantics
02:17 +1067 ~4 -4: /app/test/features/investment/presentation/screens/investment_list_a11y_test.dart: Filter list items should have selected state semantics
02:17 +1068 ~4 -4: /app/test/features/investment/presentation/screens/investment_list_a11y_test.dart: Filter list items should have selected state semantics
02:17 +1069 ~4 -4: /app/test/features/investment/presentation/screens/investment_list_a11y_test.dart: Filter list items should have selected state semantics
02:17 +1070 ~4 -4: /app/test/features/investment/presentation/screens/investment_list_a11y_test.dart: Filter list items should have selected state semantics
02:17 +1071 ~4 -4: /app/test/features/investment/presentation/screens/investment_list_a11y_test.dart: Filter list items should have selected state semantics
02:17 +1072 ~4 -4: /app/test/features/investment/presentation/screens/investment_list_a11y_test.dart: Filter list items should have selected state semantics
02:17 +1073 ~4 -4: /app/test/features/investment/presentation/screens/investment_list_a11y_test.dart: Filter list items should have selected state semantics
02:17 +1074 ~4 -4: /app/test/features/investment/presentation/screens/investment_list_a11y_test.dart: Filter list items should have selected state semantics
02:17 +1075 ~4 -4: /app/test/features/investment/presentation/screens/investment_list_a11y_test.dart: Filter list items should have selected state semantics
02:17 +1076 ~4 -4: /app/test/features/investment/presentation/screens/investment_list_a11y_test.dart: Filter list items should have selected state semantics
02:17 +1077 ~4 -4: /app/test/features/investment/presentation/screens/investment_list_a11y_test.dart: Filter list items should have selected state semantics
02:17 +1078 ~4 -4: /app/test/features/investment/presentation/screens/investment_list_a11y_test.dart: Filter list items should have selected state semantics
02:17 +1079 ~4 -4: /app/test/features/investment/presentation/screens/investment_list_a11y_test.dart: Filter list items should have selected state semantics
02:17 +1080 ~4 -4: /app/test/features/investment/presentation/screens/investment_list_a11y_test.dart: Filter list items should have selected state semantics
02:17 +1081 ~4 -4: /app/test/features/investment/presentation/screens/investment_list_a11y_test.dart: Filter list items should have selected state semantics
02:17 +1082 ~4 -4: /app/test/features/investment/presentation/screens/investment_list_a11y_test.dart: Filter list items should have selected state semantics
02:17 +1083 ~4 -4: /app/test/features/investment/presentation/screens/investment_list_a11y_test.dart: Filter list items should have selected state semantics
02:18 +1084 ~4 -4: /app/test/features/investment/domain/entities/document_entity_test.dart: DocumentType displayName statement should have correct display name
02:18 +1085 ~4 -4: /app/test/features/investment/domain/entities/document_entity_test.dart: DocumentType displayName receipt should have correct display name
02:18 +1086 ~4 -4: /app/test/features/investment/domain/entities/document_entity_test.dart: DocumentType displayName contract should have correct display name
02:18 +1087 ~4 -4: /app/test/features/investment/domain/entities/document_entity_test.dart: DocumentType displayName certificate should have correct display name
02:18 +1088 ~4 -4: /app/test/features/investment/domain/entities/document_entity_test.dart: DocumentType displayName image should have correct display name
02:18 +1089 ~4 -4: /app/test/features/investment/domain/entities/document_entity_test.dart: DocumentType displayName other should have correct display name
02:18 +1090 ~4 -4: /app/test/features/investment/domain/entities/document_entity_test.dart: DocumentType fromString should parse statement
02:18 +1091 ~4 -4: /app/test/features/investment/domain/entities/document_entity_test.dart: DocumentType fromString should parse receipt
02:18 +1092 ~4 -4: /app/test/features/investment/domain/entities/document_entity_test.dart: DocumentType fromString should parse contract
02:18 +1093 ~4 -4: /app/test/features/investment/domain/entities/document_entity_test.dart: DocumentType fromString should parse certificate
02:18 +1094 ~4 -4: /app/test/features/investment/domain/entities/document_entity_test.dart: DocumentType fromString should default to other for unknown values
02:18 +1095 ~4 -4: /app/test/features/investment/domain/entities/document_entity_test.dart: DocumentType fromString should default to other for wrong case
02:18 +1096 ~4 -4: /app/test/features/investment/domain/entities/document_entity_test.dart: DocumentMimeTypes isSupported should support PDF files
02:18 +1097 ~4 -4: /app/test/features/investment/domain/entities/document_entity_test.dart: DocumentMimeTypes isSupported should support JPG files
02:18 +1098 ~4 -4: /app/test/features/investment/domain/entities/document_entity_test.dart: DocumentMimeTypes isSupported should support PNG files
02:18 +1099 ~4 -4: /app/test/features/investment/domain/entities/document_entity_test.dart: DocumentMimeTypes isSupported should support GIF files
02:18 +1100 ~4 -4: /app/test/features/investment/domain/entities/document_entity_test.dart: DocumentMimeTypes isSupported should support WEBP files
02:18 +1101 ~4 -4: /app/test/features/investment/domain/entities/document_entity_test.dart: DocumentMimeTypes isSupported should not support unsupported extensions
02:18 +1102 ~4 -4: /app/test/features/investment/domain/entities/document_entity_test.dart: DocumentMimeTypes isImage should identify images by file extension
02:18 +1103 ~4 -4: /app/test/features/investment/domain/entities/document_entity_test.dart: DocumentMimeTypes isImage should not identify non-images
02:18 +1104 ~4 -4: /app/test/features/investment/domain/entities/document_entity_test.dart: DocumentMimeTypes isPdf should identify PDF by file extension
02:18 +1105 ~4 -4: /app/test/features/investment/domain/entities/document_entity_test.dart: DocumentMimeTypes isPdf should not identify non-PDFs
02:18 +1106 ~4 -4: /app/test/features/investment/domain/entities/document_entity_test.dart: DocumentEntity copyWith should create copy with updated fields
02:18 +1107 ~4 -4: /app/test/features/investment/domain/entities/document_entity_test.dart: DocumentEntity isImage should return true for image mime types
02:19 +1108 ~4 -4: /app/test/features/investment/domain/models/investment_template_test.dart: InvestmentTemplate should create template with all required fields
02:19 +1109 ~4 -4: /app/test/features/investment/domain/models/investment_template_test.dart: InvestmentTemplate should have nullable optional fields
02:19 +1110 ~4 -4: /app/test/features/investment/domain/models/investment_template_test.dart: InvestmentTemplates should have 7 predefined templates
02:19 +1111 ~4 -4: /app/test/features/investment/domain/models/investment_template_test.dart: InvestmentTemplates all templates should have unique IDs
02:19 +1112 ~4 -4: /app/test/features/investment/domain/models/investment_template_test.dart: InvestmentTemplates byId should return correct template
02:19 +1113 ~4 -4: /app/test/features/investment/domain/models/investment_template_test.dart: InvestmentTemplates byId should return null for unknown ID
02:19 +1114 ~4 -4: /app/test/features/investment/domain/models/investment_template_test.dart: InvestmentTemplates fixedDeposit template should have correct defaults
02:19 +1115 ~4 -4: /app/test/features/investment/domain/models/investment_template_test.dart: InvestmentTemplates p2pLending template should have correct defaults
02:19 +1116 ~4 -4: /app/test/features/investment/domain/models/investment_template_test.dart: InvestmentTemplates mutualFundSIP template should have correct defaults
02:19 +1117 ~4 -4: /app/test/features/investment/domain/models/investment_template_test.dart: InvestmentTemplates gold template should have correct defaults
02:19 +1118 ~4 -4: /app/test/features/investment/domain/models/investment_template_test.dart: InvestmentTemplates bonds template should have correct defaults
02:19 +1119 ~4 -4: /app/test/features/investment/domain/models/investment_template_test.dart: InvestmentTemplates recurringDeposit template should have correct defaults
02:19 +1120 ~4 -4: /app/test/features/investment/domain/models/investment_template_test.dart: InvestmentTemplates rentalProperty template should have correct defaults
02:20 +1121 ~4 -4: /app/test/features/investment/domain/models/investment_form_config_test.dart: InvestmentFormConfig default constructor should have all fields false
02:20 +1122 ~4 -4: /app/test/features/investment/domain/models/investment_form_config_test.dart: InvestmentFormConfig forType fixedDeposit should show all relevant fields
02:20 +1123 ~4 -4: /app/test/features/investment/domain/models/investment_form_config_test.dart: InvestmentFormConfig forType p2pLending should show rate, tenure, platform, and risk
02:20 +1124 ~4 -4: /app/test/features/investment/domain/models/investment_form_config_test.dart: InvestmentFormConfig forType bonds should show payout mode and risk
02:20 +1125 ~4 -4: /app/test/features/investment/domain/models/investment_form_config_test.dart: InvestmentFormConfig forType mutualFunds should show minimal fields
02:20 +1126 ~4 -4: /app/test/features/investment/domain/models/investment_form_config_test.dart: InvestmentFormConfig forType stocks should show minimal fields
02:20 +1127 ~4 -4: /app/test/features/investment/domain/models/investment_form_config_test.dart: InvestmentFormConfig forType gold should show rate and tenure
02:20 +1128 ~4 -4: /app/test/features/investment/domain/models/investment_form_config_test.dart: InvestmentFormConfig forType realEstate should show expected rate
02:20 +1129 ~4 -4: /app/test/features/investment/domain/models/investment_form_config_test.dart: InvestmentFormConfig forType crypto should show platform and risk
02:20 +1130 ~4 -4: /app/test/features/investment/domain/models/investment_form_config_test.dart: InvestmentFormConfig forType chitFunds should show tenure
02:20 +1131 ~4 -4: /app/test/features/investment/domain/models/investment_form_config_test.dart: InvestmentFormConfig forType financing should show rate and tenure
02:20 +1132 ~4 -4: /app/test/features/investment/domain/models/investment_form_config_test.dart: InvestmentFormConfig forType other should show minimal fields
02:20 +1133 ~4 -4: /app/test/features/investment/domain/models/investment_form_config_test.dart: InvestmentFormConfig forType all investment types should have a config
02:20 +1134 ~4 -4: /app/test/features/investment/domain/models/investment_form_config_test.dart: InvestmentFormConfig forType all configs should show at least startDate
02:21 +1135 ~4 -4: /app/test/features/investment/data/services/document_path_traversal_test.dart: readDocument PREVENTS path traversal to sensitive file
━━━━━━━━━━━━━━━━━━━━━━━━━━━━━━━━━━━━━━━━━━━━━━━━━━
⚠️ WARN: Security: Blocked access to unsafe path
Metadata:
  path: /tmp/inv_tracker_test_ECWGTO/sensitive.txt
━━━━━━━━━━━━━━━━━━━━━━━━━━━━━━━━━━━━━━━━━━━━━━━━━━

02:21 +1136 ~4 -4: /app/test/features/investment/data/services/document_path_traversal_test.dart: readDocument ALLOWS reading valid file
02:21 +1137 ~4 -4: /app/test/features/investment/data/services/document_path_traversal_test.dart: documentExists returns false for unsafe path
02:21 +1138 ~4 -4: /app/test/features/investment/data/services/document_path_traversal_test.dart: deleteDocument ignores unsafe path
━━━━━━━━━━━━━━━━━━━━━━━━━━━━━━━━━━━━━━━━━━━━━━━━━━
⚠️ WARN: Security: Blocked deletion of unsafe path
Metadata:
  path: /tmp/inv_tracker_test_FHITUU/sensitive.txt
━━━━━━━━━━━━━━━━━━━━━━━━━━━━━━━━━━━━━━━━━━━━━━━━━━

02:21 +1139 ~4 -4: /app/test/features/investment/data/services/document_path_traversal_test.dart: getFileSize returns 0 for unsafe path
02:21 +1140 ~4 -4: /app/test/features/investment/data/services/document_storage_service_test.dart: saveDocument handles normal IDs correctly
02:21 +1141 ~4 -4: /app/test/features/investment/data/services/document_storage_service_test.dart: saveDocument prevents directory traversal in investmentId
02:21 +1142 ~4 -4: /app/test/features/investment/data/services/document_storage_service_test.dart: saveDocument prevents directory traversal in documentId
02:22 +1143 ~4 -4: /app/test/features/investment/data/repositories/fake_investment_repository_test.dart: FakeInvestmentRepository - Investments createInvestment adds investment to repository
02:22 +1144 ~4 -4: /app/test/features/investment/data/repositories/fake_investment_repository_test.dart: FakeInvestmentRepository - Investments getAllInvestments returns all investments
02:22 +1145 ~4 -4: /app/test/features/investment/data/repositories/fake_investment_repository_test.dart: FakeInvestmentRepository - Investments getInvestmentById returns correct investment
02:22 +1146 ~4 -4: /app/test/features/investment/data/repositories/fake_investment_repository_test.dart: FakeInvestmentRepository - Investments getInvestmentById returns null for non-existent id
02:22 +1147 ~4 -4: /app/test/features/investment/data/repositories/fake_investment_repository_test.dart: FakeInvestmentRepository - Investments updateInvestment modifies existing investment
02:22 +1148 ~4 -4: /app/test/features/investment/data/repositories/fake_investment_repository_test.dart: FakeInvestmentRepository - Investments closeInvestment changes status to closed
02:22 +1149 ~4 -4: /app/test/features/investment/data/repositories/fake_investment_repository_test.dart: FakeInvestmentRepository - Investments reopenInvestment changes status back to open
02:22 +1150 ~4 -4: /app/test/features/investment/data/repositories/fake_investment_repository_test.dart: FakeInvestmentRepository - Investments deleteInvestment removes investment and its cash flows
02:22 +1151 ~4 -4: /app/test/features/investment/data/repositories/fake_investment_repository_test.dart: FakeInvestmentRepository - Investments watchAllInvestments emits investments stream
02:22 +1152 ~4 -4: /app/test/features/investment/data/repositories/fake_investment_repository_test.dart: FakeInvestmentRepository - Investments watchInvestmentsByStatus filters by status
02:22 +1153 ~4 -4: /app/test/features/investment/data/repositories/fake_investment_repository_test.dart: FakeInvestmentRepository - Cash Flows addCashFlow adds cash flow to repository
02:22 +1154 ~4 -4: /app/test/features/investment/data/repositories/fake_investment_repository_test.dart: FakeInvestmentRepository - Cash Flows getCashFlowsByInvestment returns filtered cash flows
02:22 +1155 ~4 -4: /app/test/features/investment/data/repositories/fake_investment_repository_test.dart: FakeInvestmentRepository - Cash Flows updateCashFlow modifies existing cash flow
02:22 +1156 ~4 -4: /app/test/features/investment/data/repositories/fake_investment_repository_test.dart: FakeInvestmentRepository - Cash Flows deleteCashFlow removes cash flow
02:22 +1157 ~4 -4: /app/test/features/investment/data/repositories/fake_investment_repository_test.dart: FakeInvestmentRepository - Bulk Operations bulkImport adds multiple investments and cash flows
02:22 +1158 ~4 -4: /app/test/features/investment/data/repositories/fake_investment_repository_test.dart: FakeInvestmentRepository - Bulk Operations bulkDelete removes multiple investments and their cash flows
02:22 +1159 ~4 -4: /app/test/features/investment/data/repositories/fake_investment_repository_test.dart: FakeInvestmentRepository - Bulk Operations bulkDelete with empty list returns 0
02:23 +1160 ~4 -4: /app/test/features/app_update/data/services/version_check_service_test.dart: VersionCheckService fetchLatestVersion returns null when document does not exist
━━━━━━━━━━━━━━━━━━━━━━━━━━━━━━━━━━━━━━━━━━━━━━━━━━
⚠️ WARN: Version info document does not exist
━━━━━━━━━━━━━━━━━━━━━━━━━━━━━━━━━━━━━━━━━━━━━━━━━━

02:23 +1161 ~4 -4: /app/test/features/app_update/data/services/version_check_service_test.dart: VersionCheckService fetchLatestVersion returns null when data is null
━━━━━━━━━━━━━━━━━━━━━━━━━━━━━━━━━━━━━━━━━━━━━━━━━━
⚠️ WARN: Version info data is null
━━━━━━━━━━━━━━━━━━━━━━━━━━━━━━━━━━━━━━━━━━━━━━━━━━

02:23 +1162 ~4 -4: /app/test/features/app_update/data/services/version_check_service_test.dart: VersionCheckService fetchLatestVersion returns null on exception
━━━━━━━━━━━━━━━━━━━━━━━━━━━━━━━━━━━━━━━━━━━━━━━━━━
🔴 ERROR: Error fetching version info
Error: Exception: Firestore error
Stack Trace:
#0      When.thenThrow.<anonymous closure> (package:mocktail/src/mocktail.dart:249:7)
#1      Mock.noSuchMethod (package:mocktail/src/mocktail.dart:131:37)
#2      MockDocumentReference.get (file:///app/test/features/app_update/data/services/version_check_service_test.dart:13:7)
#3      VersionCheckService.fetchLatestVersion (package:inv_tracker/features/app_update/data/services/version_check_service.dart:31:12)
#4      main.<anonymous closure>.<anonymous closure> (file:///app/test/features/app_update/data/services/version_check_service_test.dart:75:36)
#5      Declarer.test.<anonymous closure>.<anonymous closure> (package:test_api/src/backend/declarer.dart:253:25)
<asynchronous suspension>
#6      Declarer.test.<anonymous closure> (package:test_api/src/backend/declarer.dart:250:11)
<asynchronous suspension>
#7      Invoker._waitForOutstandingCallbacks.<anonymous closure> (package:test_api/src/backend/invoker.dart:318:9)
<asynchronous suspension>

━━━━━━━━━━━━━━━━━━━━━━━━━━━━━━━━━━━━━━━━━━━━━━━━━━

02:24 +1163 ~4 -4: /app/test/features/user_profile/domain/entities/user_profile_entity_test.dart: UserProfileEntity creates entity with all required fields
02:24 +1164 ~4 -4: /app/test/features/user_profile/domain/entities/user_profile_entity_test.dart: UserProfileEntity creates entity with default isFirstLogin as false
02:24 +1165 ~4 -4: /app/test/features/user_profile/domain/entities/user_profile_entity_test.dart: UserProfileEntity fromDetectedLocale creates profile from US locale
02:24 +1166 ~4 -4: /app/test/features/user_profile/domain/entities/user_profile_entity_test.dart: UserProfileEntity fromDetectedLocale creates profile from India locale
02:24 +1167 ~4 -4: /app/test/features/user_profile/domain/entities/user_profile_entity_test.dart: UserProfileEntity fromDetectedLocale creates profile from UK locale
02:24 +1168 ~4 -4: /app/test/features/user_profile/domain/entities/user_profile_entity_test.dart: UserProfileEntity fromDetectedLocale creates profile from Japan locale
02:24 +1169 ~4 -4: /app/test/features/user_profile/domain/entities/user_profile_entity_test.dart: UserProfileEntity copyWith creates copy with updated currency
02:24 +1170 ~4 -4: /app/test/features/user_profile/domain/entities/user_profile_entity_test.dart: UserProfileEntity copyWith creates copy with updated locale
02:24 +1171 ~4 -4: /app/test/features/user_profile/domain/entities/user_profile_entity_test.dart: UserProfileEntity copyWith creates copy with updated date format
02:24 +1172 ~4 -4: /app/test/features/user_profile/domain/entities/user_profile_entity_test.dart: UserProfileEntity copyWith creates copy with isFirstLogin set to false
02:24 +1173 ~4 -4: /app/test/features/user_profile/domain/entities/user_profile_entity_test.dart: UserProfileEntity equality two profiles with same values are equal
02:24 +1174 ~4 -4: /app/test/features/user_profile/domain/entities/user_profile_entity_test.dart: UserProfileEntity equality two profiles with different currencies are not equal
02:24 +1175 ~4 -4: /app/test/features/user_profile/data/models/user_profile_model_test.dart: UserProfileModel toFirestore converts entity to Firestore document
02:24 +1176 ~4 -4: /app/test/features/user_profile/data/models/user_profile_model_test.dart: UserProfileModel toFirestore converts entity with DMY date format
02:24 +1177 ~4 -4: /app/test/features/user_profile/data/models/user_profile_model_test.dart: UserProfileModel toFirestore converts entity with YMD date format
02:24 +1178 ~4 -4: /app/test/features/user_profile/data/models/user_profile_model_test.dart: UserProfileModel fromFirestore converts Firestore document to entity
02:24 +1179 ~4 -4: /app/test/features/user_profile/data/models/user_profile_model_test.dart: UserProfileModel fromFirestore handles missing optional fields with defaults
02:24 +1180 ~4 -4: /app/test/features/user_profile/data/models/user_profile_model_test.dart: UserProfileModel fromFirestore parses DMY date format correctly
02:24 +1181 ~4 -4: /app/test/features/user_profile/data/models/user_profile_model_test.dart: UserProfileModel fromFirestore parses YMD date format correctly
02:24 +1182 ~4 -4: /app/test/features/user_profile/data/models/user_profile_model_test.dart: UserProfileModel fromFirestore handles invalid date format with default
02:24 +1183 ~4 -4: /app/test/features/user_profile/data/models/user_profile_model_test.dart: UserProfileModel fromFirestore handles missing timestamps with current time
02:24 +1184 ~4 -4: /app/test/features/user_profile/data/models/user_profile_model_test.dart: UserProfileModel round-trip conversion entity survives round-trip conversion
02:25 +1185 ~4 -4: /app/test/features/bulk_import/data/services/csv_template_service_test.dart: CsvTemplateService headers contains all required columns
02:25 +1186 ~4 -4: /app/test/features/bulk_import/data/services/csv_template_service_test.dart: CsvTemplateService headers contains optional columns for multi-currency and metadata
02:25 +1187 ~4 -4: /app/test/features/bulk_import/data/services/csv_template_service_test.dart: CsvTemplateService headers has exactly 8 headers (includes Currency column)
02:25 +1188 ~4 -4: /app/test/features/bulk_import/data/services/csv_template_service_test.dart: CsvTemplateService sampleRows contains sample data rows
02:25 +1189 ~4 -4: /app/test/features/bulk_import/data/services/csv_template_service_test.dart: CsvTemplateService sampleRows each row has correct number of columns
02:25 +1190 ~4 -4: /app/test/features/bulk_import/data/services/csv_template_service_test.dart: CsvTemplateService sampleRows includes various transaction types
02:25 +1191 ~4 -4: /app/test/features/bulk_import/data/services/csv_template_service_test.dart: CsvTemplateService sampleRows includes multiple investments
02:25 +1192 ~4 -4: /app/test/features/bulk_import/data/services/csv_template_service_test.dart: CsvTemplateService sampleRows includes multiple currencies (multi-currency support)
02:25 +1193 ~4 -4: /app/test/features/bulk_import/data/services/csv_template_service_test.dart: CsvTemplateService generateTemplateContent generates valid CSV content
02:25 +1194 ~4 -4: /app/test/features/bulk_import/data/services/csv_template_service_test.dart: CsvTemplateService generateTemplateContent header row is first line
02:25 +1195 ~4 -4: /app/test/features/bulk_import/data/services/csv_template_service_test.dart: CsvTemplateService generateTemplateContent contains sample data after header
02:25 +1196 ~4 -4: /app/test/features/bulk_import/data/services/csv_template_service_test.dart: CsvTemplateService generateTemplateContent generated content is parseable by SimpleCsvParser
02:25 +1197 ~4 -4: /app/test/features/bulk_import/data/services/csv_template_service_test.dart: CsvTemplateService getTemplateBytes returns valid UTF-8 bytes
02:25 +1198 ~4 -4: /app/test/features/bulk_import/data/services/csv_template_service_test.dart: CsvTemplateService getTemplateBytes bytes match generated content
02:25 +1199 ~4 -4: /app/test/features/bulk_import/data/services/csv_template_service_test.dart: CsvTemplateService CSV escaping sample rows with commas are properly escaped
02:25 +1200 ~4 -4: /app/test/features/bulk_import/data/services/csv_template_service_test.dart: CsvTemplateService CSV escaping generated CSV maintains data integrity after round-trip
02:25 +1201 ~4 -4: /app/test/features/bulk_import/data/services/csv_template_service_test.dart: CsvTemplateService typeDescription contains documentation for all types
02:25 +1202 ~4 -4: /app/test/features/bulk_import/data/services/csv_template_service_test.dart: CsvTemplateService typeDescription explains inflow vs outflow
02:25 +1203 ~4 -4: /app/test/features/bulk_import/data/services/csv_template_service_test.dart: CsvTemplateService typeDescription documents optional investment type and status columns
02:25 +1204 ~4 -4: /app/test/features/bulk_import/data/services/csv_template_service_test.dart: CsvTemplateService typeDescription documents currency column with ISO 4217 codes
02:25 +1205 ~4 -4: /app/test/features/bulk_import/data/services/simple_csv_parser_test.dart: SimpleCsvParser parseString - Basic Parsing parses valid CSV with all required columns
02:25 +1206 ~4 -4: /app/test/features/bulk_import/data/services/simple_csv_parser_test.dart: SimpleCsvParser parseString - Basic Parsing handles empty file
02:25 +1207 ~4 -4: /app/test/features/bulk_import/data/services/simple_csv_parser_test.dart: SimpleCsvParser parseString - Basic Parsing returns error for missing required columns
02:25 +1208 ~4 -4: /app/test/features/bulk_import/data/services/simple_csv_parser_test.dart: SimpleCsvParser parseString - Basic Parsing handles column header variations
02:25 +1209 ~4 -4: /app/test/features/bulk_import/data/services/simple_csv_parser_test.dart: SimpleCsvParser parseString - Date Parsing parses various date formats
02:25 +1210 ~4 -4: /app/test/features/bulk_import/data/services/simple_csv_parser_test.dart: SimpleCsvParser parseString - Date Parsing parses Excel serial date numbers
02:25 +1211 ~4 -4: /app/test/features/bulk_import/data/services/simple_csv_parser_test.dart: SimpleCsvParser parseString - Date Parsing returns error for invalid date
02:26 +1212 ~4 -4: /app/test/features/bulk_import/data/services/simple_csv_parser_test.dart: SimpleCsvParser parseString - Type Parsing parses all valid type variations
02:26 +1213 ~4 -4: /app/test/features/bulk_import/data/services/simple_csv_parser_test.dart: SimpleCsvParser parseString - Type Parsing returns error for invalid type
02:26 +1214 ~4 -4: /app/test/features/bulk_import/data/services/simple_csv_parser_test.dart: SimpleCsvParser parseString - Amount Parsing parses amounts with currency symbols
02:26 +1215 ~4 -4: /app/test/features/bulk_import/data/services/simple_csv_parser_test.dart: SimpleCsvParser parseString - Amount Parsing parses amounts with commas
02:26 +1216 ~4 -4: /app/test/features/bulk_import/data/services/simple_csv_parser_test.dart: SimpleCsvParser parseString - Amount Parsing parses negative amounts in parentheses
02:26 +1217 ~4 -4: /app/test/features/bulk_import/data/services/simple_csv_parser_test.dart: SimpleCsvParser parseString - Amount Parsing returns error for invalid amount
02:26 +1218 ~4 -4: /app/test/features/bulk_import/data/services/simple_csv_parser_test.dart: SimpleCsvParser parseString - CSV Edge Cases handles quoted values with commas
02:26 +1219 ~4 -4: /app/test/features/bulk_import/data/services/simple_csv_parser_test.dart: SimpleCsvParser parseString - CSV Edge Cases handles escaped quotes
02:26 +1220 ~4 -4: /app/test/features/bulk_import/data/services/simple_csv_parser_test.dart: SimpleCsvParser parseString - CSV Edge Cases skips empty lines
02:26 +1221 ~4 -4: /app/test/features/bulk_import/data/services/simple_csv_parser_test.dart: SimpleCsvParser parseString - CSV Edge Cases handles optional notes column
02:26 +1222 ~4 -4: /app/test/features/bulk_import/data/services/simple_csv_parser_test.dart: SimpleCsvParser parseString - Error Handling returns error for missing date
02:26 +1223 ~4 -4: /app/test/features/bulk_import/data/services/simple_csv_parser_test.dart: SimpleCsvParser parseString - Error Handling returns error for missing investment name
02:26 +1224 ~4 -4: /app/test/features/bulk_import/data/services/simple_csv_parser_test.dart: SimpleCsvParser parseString - Error Handling returns error for missing type
02:26 +1225 ~4 -4: /app/test/features/bulk_import/data/services/simple_csv_parser_test.dart: SimpleCsvParser parseString - Error Handling returns error for missing amount
02:26 +1226 ~4 -4: /app/test/features/bulk_import/data/services/simple_csv_parser_test.dart: SimpleCsvParser parseString - Error Handling includes row numbers in error messages
02:26 +1227 ~4 -4: /app/test/features/bulk_import/data/services/simple_csv_parser_test.dart: SimpleCsvParser parse - Bytes Input parses UTF-8 encoded bytes
02:26 +1228 ~4 -4: /app/test/features/bulk_import/data/services/simple_csv_parser_test.dart: SimpleCsvParser ParsedCashFlowRow isValid returns true for valid rows
02:26 +1229 ~4 -4: /app/test/features/bulk_import/data/services/simple_csv_parser_test.dart: SimpleCsvParser ParsedCashFlowRow isValid returns false for error rows
02:26 +1230 ~4 -4: /app/test/features/bulk_import/data/services/simple_csv_parser_test.dart: SimpleCsvParser ParsedCsvResult validRowsOnly filters invalid rows
02:26 +1231 ~4 -4: /app/test/features/bulk_import/data/services/simple_csv_parser_test.dart: SimpleCsvParser ParsedCsvResult hasErrors returns true when errors exist
02:26 +1232 ~4 -4: /app/test/features/bulk_import/data/services/simple_csv_parser_test.dart: SimpleCsvParser ParsedCsvResult hasErrors returns false when no errors
02:26 +1233 ~4 -4: /app/test/features/bulk_import/data/services/simple_csv_parser_test.dart: SimpleCsvParser Multi-Currency Support (Rule 21.4) 6-Column Format (with Currency) parses CSV with Currency column
02:26 +1234 ~4 -4: /app/test/features/bulk_import/data/services/simple_csv_parser_test.dart: SimpleCsvParser Multi-Currency Support (Rule 21.4) 6-Column Format (with Currency) preserves original currency from CSV
02:26 +1235 ~4 -4: /app/test/features/bulk_import/data/services/simple_csv_parser_test.dart: SimpleCsvParser Multi-Currency Support (Rule 21.4) 6-Column Format (with Currency) handles empty currency field
02:26 +1236 ~4 -4: /app/test/features/bulk_import/data/services/simple_csv_parser_test.dart: SimpleCsvParser Multi-Currency Support (Rule 21.4) 6-Column Format (with Currency) trims whitespace from currency codes
02:26 +1237 ~4 -4: /app/test/features/bulk_import/data/services/simple_csv_parser_test.dart: SimpleCsvParser Multi-Currency Support (Rule 21.4) 6-Column Format (with Currency) uppercases currency codes
02:26 +1238 ~4 -4: /app/test/features/bulk_import/data/services/simple_csv_parser_test.dart: SimpleCsvParser Multi-Currency Support (Rule 21.4) 5-Column Format (Backward Compatibility) defaults to USD when Currency column is missing
02:26 +1239 ~4 -4: /app/test/features/bulk_import/data/services/simple_csv_parser_test.dart: SimpleCsvParser Multi-Currency Support (Rule 21.4) 5-Column Format (Backward Compatibility) handles old 5-column format without errors
02:26 +1240 ~4 -4: /app/test/features/bulk_import/data/services/simple_csv_parser_test.dart: SimpleCsvParser Multi-Currency Support (Rule 21.4) Data Integrity (Rule 21.1) does not convert amounts based on currency
02:26 +1241 ~4 -4: /app/test/features/bulk_import/data/services/simple_csv_parser_test.dart: SimpleCsvParser Multi-Currency Support (Rule 21.4) Data Integrity (Rule 21.1) preserves original data on import
02:26 +1242 ~4 -4: /app/test/features/bulk_import/data/services/simple_csv_parser_test.dart: SimpleCsvParser Multi-Currency Support (Rule 21.4) Real-World Scenarios handles export-import round trip without data loss
02:26 +1243 ~4 -4: /app/test/features/bulk_import/data/services/simple_csv_parser_test.dart: SimpleCsvParser Multi-Currency Support (Rule 21.4) Real-World Scenarios handles mixed 5-column and 6-column formats gracefully
02:26 +1244 ~4 -4: /app/test/features/bulk_import/data/services/simple_csv_parser_test.dart: SimpleCsvParser Multi-Currency Support (Rule 21.4) Real-World Scenarios handles CSV with special characters in notes
02:26 +1245 ~4 -4: /app/test/features/bulk_import/data/services/simple_csv_parser_test.dart: SimpleCsvParser Multi-Currency Support (Rule 21.4) Real-World Scenarios handles all supported currencies
02:26 +1246 ~4 -4: /app/test/features/bulk_import/data/services/simple_csv_parser_test.dart: SimpleCsvParser Multi-Currency Support (Rule 21.4) Edge Cases handles CSV with extra columns after Currency
02:26 +1247 ~4 -4: /app/test/features/bulk_import/data/services/simple_csv_parser_test.dart: SimpleCsvParser Multi-Currency Support (Rule 21.4) Edge Cases handles inconsistent column count
02:26 +1248 ~4 -4: /app/test/features/bulk_import/data/services/simple_csv_parser_test.dart: SimpleCsvParser Multi-Currency Support (Rule 21.4) Edge Cases handles currency with numbers
02:26 +1249 ~4 -4: /app/test/features/bulk_import/data/services/goals_csv_parser_test.dart: GoalsCsvParser parseString - Basic Parsing parses valid CSV with all required columns
02:26 +1250 ~4 -4: /app/test/features/bulk_import/data/services/goals_csv_parser_test.dart: GoalsCsvParser parseString - Basic Parsing handles missing optional columns gracefully
02:26 +1251 ~4 -4: /app/test/features/bulk_import/data/services/goals_csv_parser_test.dart: GoalsCsvParser parseString - Basic Parsing returns error for empty file
02:26 +1252 ~4 -4: /app/test/features/bulk_import/data/services/goals_csv_parser_test.dart: GoalsCsvParser parseString - Basic Parsing returns error for missing required columns
02:26 +1253 ~4 -4: /app/test/features/bulk_import/data/services/goals_csv_parser_test.dart: GoalsCsvParser parseString - Row Validation reports error for missing name
02:26 +1254 ~4 -4: /app/test/features/bulk_import/data/services/goals_csv_parser_test.dart: GoalsCsvParser parseString - Row Validation reports error for missing type
02:26 +1255 ~4 -4: /app/test/features/bulk_import/data/services/goals_csv_parser_test.dart: GoalsCsvParser parseString - Row Validation reports error for invalid target amount
02:26 +1256 ~4 -4: /app/test/features/bulk_import/data/services/goals_csv_parser_test.dart: GoalsCsvParser parseString - Row Validation skips empty lines
02:26 +1257 ~4 -4: /app/test/features/bulk_import/data/services/goals_csv_parser_test.dart: GoalsCsvParser parseString - Optional Fields parses target monthly income
02:26 +1258 ~4 -4: /app/test/features/bulk_import/data/services/goals_csv_parser_test.dart: GoalsCsvParser parseString - Optional Fields parses target date in ISO format
02:26 +1259 ~4 -4: /app/test/features/bulk_import/data/services/goals_csv_parser_test.dart: GoalsCsvParser parseString - Optional Fields parses linked investment IDs with semicolon separator
02:26 +1260 ~4 -4: /app/test/features/bulk_import/data/services/goals_csv_parser_test.dart: GoalsCsvParser parseString - Optional Fields parses linked types with semicolon separator
02:26 +1261 ~4 -4: /app/test/features/bulk_import/data/services/goals_csv_parser_test.dart: GoalsCsvParser parseString - Optional Fields handles empty linked fields
02:27 +1262 ~4 -4: /app/test/features/overview/presentation/widgets/quick_stat_card_test.dart: QuickStatCard should display value when privacy mode is off
02:28 +1263 ~4 -4: /app/test/features/overview/presentation/widgets/quick_stat_card_semantics_test.dart: QuickStatCard Semantics should announce cohesive label when visible
02:28 +1264 ~4 -4: /app/test/features/overview/presentation/widgets/quick_stat_card_semantics_test.dart: QuickStatCard Semantics should announce cohesive label when visible
02:28 +1265 ~4 -4: /app/test/features/overview/presentation/widgets/quick_stat_card_semantics_test.dart: QuickStatCard Semantics should announce cohesive label when visible
02:28 +1266 ~4 -4: /app/test/features/overview/presentation/widgets/quick_stat_card_semantics_test.dart: QuickStatCard Semantics should announce cohesive label when visible
02:28 +1267 ~4 -4: /app/test/features/overview/presentation/widgets/quick_stat_card_semantics_test.dart: QuickStatCard Semantics should announce cohesive label when visible
02:29 +1268 ~4 -4: /app/test/features/overview/presentation/widgets/quick_stat_card_semantics_test.dart: QuickStatCard Semantics should announce hidden amount (and hide subtitle) when masked
02:29 +1269 ~4 -4: /app/test/features/overview/presentation/widgets/quick_stat_card_semantics_test.dart: QuickStatCard Semantics should handle missing subtitle gracefully
02:29 +1270 ~4 -4: /app/test/features/auth/presentation/providers/auth_provider_test.dart: googleSignInInitializedProvider calls initialize with webClientId on web platform
━━━━━━━━━━━━━━━━━━━━━━━━━━━━━━━━━━━━━━━━━━━━━━━━━━
🔴 ERROR: GoogleSignIn initialization failed
Metadata:
  platform: TargetPlatform.fuchsia
  serverClientId: 784857267556-dkge5l37c12n1ohrljle8s6nim0cgq84.apps.googleusercontent.com
Error: UnimplementedError
Stack Trace:
#0      _PlaceholderImplementation.init (package:google_sign_in_platform_interface/google_sign_in_platform_interface.dart:139:5)
#1      GoogleSignIn.initialize (package:google_sign_in/google_sign_in.dart:320:41)
#2      googleSignInInitializedProvider.<anonymous closure> (package:inv_tracker/features/auth/presentation/providers/auth_provider.dart:42:35)
#3      FutureProvider.create (package:riverpod/src/providers/future_provider.dart:142:46)
#4      $FutureProviderElement.create.<anonymous closure> (package:riverpod/src/providers/future_provider.dart:167:45)
#5      ElementWithFuture.handleFuture.<anonymous closure> (package:riverpod/src/core/element.dart:206:30)
#6      ElementWithFuture._handleAsync (package:riverpod/src/core/element.dart:265:35)
#7      ElementWithFuture.handleFuture (package:riverpod/src/core/element.dart:200:12)
#8      $FutureProviderElement.create (package:riverpod/src/providers/future_provider.dart:167:12)
#9      ProviderElement.buildState (package:riverpod/src/core/element.dart:665:28)
#10     ProviderElement.mount (package:riverpod/src/core/element.dart:517:7)
#11     ProviderElement.flush (package:riverpod/src/core/element.dart:620:7)
#12     $ProviderBaseImpl._addListener (package:riverpod/src/core/provider/provider.dart:117:24)
#13     ProviderElementProxy._addListener (package:riverpod/src/core/proxy_provider_listenable.dart:106:31)
#14     ProviderContainer.listen (package:riverpod/src/core/provider_container.dart:954:26)
#15     ProviderContainer.read (package:riverpod/src/core/provider_container.dart:911:17)
#16     main.<anonymous closure>.<anonymous closure> (file:///app/test/features/auth/presentation/providers/auth_provider_test.dart:44:25)
#17     Declarer.test.<anonymous closure>.<anonymous closure> (package:test_api/src/backend/declarer.dart:253:25)
<asynchronous suspension>
#18     Declarer.test.<anonymous closure> (package:test_api/src/backend/declarer.dart:250:11)
<asynchronous suspension>
#19     Invoker._waitForOutstandingCallbacks.<anonymous closure> (package:test_api/src/backend/invoker.dart:318:9)
<asynchronous suspension>

━━━━━━━━━━━━━━━━━━━━━━━━━━━━━━━━━━━━━━━━━━━━━━━━━━

02:29 +1271 ~4 -4: /app/test/features/auth/presentation/providers/auth_provider_test.dart: googleSignInInitializedProvider serverClientId constant matches expected Web OAuth Client ID
02:29 +1272 ~4 -4: /app/test/features/auth/presentation/providers/auth_provider_test.dart: googleSignInInitializedProvider webClientId constant matches expected Web Client ID
02:29 +1273 ~4 -4: /app/test/features/auth/presentation/providers/auth_provider_test.dart: googleSignInInitializedProvider OAuth client IDs are centralized in GoogleSignInConfig
02:30 +1274 ~4 -4: /app/test/features/auth/presentation/screens/sign_in_screen_test.dart: Google Sign-In button shows correct semantics during loading
02:31 +1274 ~4 -4: /app/test/features/auth/data/repositories/firebase_auth_repository_test.dart: FirebaseAuthRepository - Google Sign-In Fix Tests signInWithGoogle uses only idToken (no authorizationForScopes)
━━━━━━━━━━━━━━━━━━━━━━━━━━━━━━━━━━━━━━━━━━━━━━━━━━
ℹ️ INFO: Starting Google Sign-In
━━━━━━━━━━━━━━━━━━━━━━━━━━━━━━━━━━━━━━━━━━━━━━━━━━

━━━━━━━━━━━━━━━━━━━━━━━━━━━━━━━━━━━━━━━━━━━━━━━━━━
🔍 DEBUG: Got Google user: test@example.com
━━━━━━━━━━━━━━━━━━━━━━━━━━━━━━━━━━━━━━━━━━━━━━━━━━

━━━━━━━━━━━━━━━━━━━━━━━━━━━━━━━━━━━━━━━━━━━━━━━━━━
🔍 DEBUG: Got idToken: true
━━━━━━━━━━━━━━━━━━━━━━━━━━━━━━━━━━━━━━━━━━━━━━━━━━

━━━━━━━━━━━━━━━━━━━━━━━━━━━━━━━━━━━━━━━━━━━━━━━━━━
ℹ️ INFO: Signing in to Firebase with Google credentials
━━━━━━━━━━━━━━━━━━━━━━━━━━━━━━━━━━━━━━━━━━━━━━━━━━

━━━━━━━━━━━━━━━━━━━━━━━━━━━━━━━━━━━━━━━━━━━━━━━━━━
ℹ️ INFO: Google Sign-In successful
Metadata:
  userId: test-uid-12345
━━━━━━━━━━━━━━━━━━━━━━━━━━━━━━━━━━━━━━━━━━━━━━━━━━

02:31 +1275 ~4 -4: /app/test/features/auth/presentation/screens/sign_in_screen_test.dart: Google Sign-In button shows correct semantics during loading
02:31 +1275 ~4 -4: /app/test/features/auth/data/repositories/firebase_auth_repository_test.dart: FirebaseAuthRepository - Google Sign-In Fix Tests signInWithGoogle handles GoogleSignInException.canceled
━━━━━━━━━━━━━━━━━━━━━━━━━━━━━━━━━━━━━━━━━━━━━━━━━━
ℹ️ INFO: Starting Google Sign-In
━━━━━━━━━━━━━━━━━━━━━━━━━━━━━━━━━━━━━━━━━━━━━━━━━━

━━━━━━━━━━━━━━━━━━━━━━━━━━━━━━━━━━━━━━━━━━━━━━━━━━
ℹ️ INFO: User cancelled Google Sign-In
━━━━━━━━━━━━━━━━━━━━━━━━━━━━━━━━━━━━━━━━━━━━━━━━━━

02:31 +1276 ~4 -4: /app/test/features/auth/presentation/screens/sign_in_screen_test.dart: Google Sign-In button shows correct semantics during loading
02:31 +1276 ~4 -4: /app/test/features/auth/data/repositories/firebase_auth_repository_test.dart: FirebaseAuthRepository - Google Sign-In Fix Tests signInWithGoogle rethrows non-canceled GoogleSignInException
━━━━━━━━━━━━━━━━━━━━━━━━━━━━━━━━━━━━━━━━━━━━━━━━━━
ℹ️ INFO: Starting Google Sign-In
━━━━━━━━━━━━━━━━━━━━━━━━━━━━━━━━━━━━━━━━━━━━━━━━━━

━━━━━━━━━━━━━━━━━━━━━━━━━━━━━━━━━━━━━━━━━━━━━━━━━━
🔴 ERROR: GoogleSignInException during sign-in
Metadata:
  code: interrupted
  description: null
  details: null
Error: GoogleSignInException(code GoogleSignInExceptionCode.interrupted, null, null)
━━━━━━━━━━━━━━━━━━━━━━━━━━━━━━━━━━━━━━━━━━━━━━━━━━

02:31 +1277 ~4 -4: /app/test/features/auth/presentation/screens/sign_in_screen_test.dart: Google Sign-In button shows correct semantics during loading
02:31 +1277 ~4 -4: /app/test/features/auth/data/repositories/firebase_auth_repository_test.dart: FirebaseAuthRepository - Google Sign-In Fix Tests signInWithGoogle rethrows generic exceptions
━━━━━━━━━━━━━━━━━━━━━━━━━━━━━━━━━━━━━━━━━━━━━━━━━━
ℹ️ INFO: Starting Google Sign-In
━━━━━━━━━━━━━━━━━━━━━━━━━━━━━━━━━━━━━━━━━━━━━━━━━━

━━━━━━━━━━━━━━━━━━━━━━━━━━━━━━━━━━━━━━━━━━━━━━━━━━
🔴 ERROR: Google Sign-In failed
Error: Exception: Network error
Stack Trace:
#0      When.thenThrow.<anonymous closure> (package:mocktail/src/mocktail.dart:249:7)
#1      Mock.noSuchMethod (package:mocktail/src/mocktail.dart:131:37)
#2      MockGoogleSignIn.authenticate (file:///app/test/features/auth/data/repositories/firebase_auth_repository_test.dart:10:7)
#3      FirebaseAuthRepository.signInWithGoogle (package:inv_tracker/features/auth/data/repositories/firebase_auth_repository.dart:47:46)
#4      main.<anonymous closure>.<anonymous closure>.<anonymous closure> (file:///app/test/features/auth/data/repositories/firebase_auth_repository_test.dart:153:31)
#5      Throws.matchAsync (package:matcher/src/expect/throws_matcher.dart:85:37)
#6      _expect (package:matcher/src/expect/expect.dart:137:26)
#7      expect (package:matcher/src/expect/expect.dart:65:3)
#8      expect (package:flutter_test/src/widget_tester.dart:473:18)
#9      main.<anonymous closure>.<anonymous closure> (file:///app/test/features/auth/data/repositories/firebase_auth_repository_test.dart:153:7)
#10     Declarer.test.<anonymous closure>.<anonymous closure> (package:test_api/src/backend/declarer.dart:253:25)
<asynchronous suspension>
#11     Declarer.test.<anonymous closure> (package:test_api/src/backend/declarer.dart:250:11)
<asynchronous suspension>
#12     Invoker._waitForOutstandingCallbacks.<anonymous closure> (package:test_api/src/backend/invoker.dart:318:9)
<asynchronous suspension>

━━━━━━━━━━━━━━━━━━━━━━━━━━━━━━━━━━━━━━━━━━━━━━━━━━

02:31 +1278 ~4 -4: /app/test/features/auth/presentation/screens/sign_in_screen_test.dart: Google Sign-In button shows correct semantics during loading
02:31 +1278 ~4 -4: /app/test/features/auth/data/repositories/firebase_auth_repository_test.dart: FirebaseAuthRepository - Google Sign-In Fix Tests signInWithGoogle returns null when user is null in credential
━━━━━━━━━━━━━━━━━━━━━━━━━━━━━━━━━━━━━━━━━━━━━━━━━━
ℹ️ INFO: Starting Google Sign-In
━━━━━━━━━━━━━━━━━━━━━━━━━━━━━━━━━━━━━━━━━━━━━━━━━━

━━━━━━━━━━━━━━━━━━━━━━━━━━━━━━━━━━━━━━━━━━━━━━━━━━
🔍 DEBUG: Got Google user: test@example.com
━━━━━━━━━━━━━━━━━━━━━━━━━━━━━━━━━━━━━━━━━━━━━━━━━━

━━━━━━━━━━━━━━━━━━━━━━━━━━━━━━━━━━━━━━━━━━━━━━━━━━
🔍 DEBUG: Got idToken: true
━━━━━━━━━━━━━━━━━━━━━━━━━━━━━━━━━━━━━━━━━━━━━━━━━━

━━━━━━━━━━━━━━━━━━━━━━━━━━━━━━━━━━━━━━━━━━━━━━━━━━
ℹ️ INFO: Signing in to Firebase with Google credentials
━━━━━━━━━━━━━━━━━━━━━━━━━━━━━━━━━━━━━━━━━━━━━━━━━━

━━━━━━━━━━━━━━━━━━━━━━━━━━━━━━━━━━━━━━━━━━━━━━━━━━
ℹ️ INFO: Google Sign-In successful
Metadata:
  userId: null
━━━━━━━━━━━━━━━━━━━━━━━━━━━━━━━━━━━━━━━━━━━━━━━━━━

02:31 +1279 ~4 -4: /app/test/features/auth/presentation/screens/sign_in_screen_test.dart: Google Sign-In button shows correct semantics during loading
02:31 +1279 ~4 -4: /app/test/features/auth/data/repositories/firebase_auth_repository_test.dart: FirebaseAuthRepository - reauthenticateWithGoogle Fix Tests reauthenticateWithGoogle uses only idToken (no authorizationForScopes)
━━━━━━━━━━━━━━━━━━━━━━━━━━━━━━━━━━━━━━━━━━━━━━━━━━
ℹ️ INFO: Re-authenticating with Google
━━━━━━━━━━━━━━━━━━━━━━━━━━━━━━━━━━━━━━━━━━━━━━━━━━

━━━━━━━━━━━━━━━━━━━━━━━━━━━━━━━━━━━━━━━━━━━━━━━━━━
ℹ️ INFO: Re-authentication successful
Metadata:
  userId: test-uid-12345
━━━━━━━━━━━━━━━━━━━━━━━━━━━━━━━━━━━━━━━━━━━━━━━━━━

02:31 +1280 ~4 -4: /app/test/features/auth/presentation/screens/sign_in_screen_test.dart: Google Sign-In button shows correct semantics during loading
02:31 +1280 ~4 -4: /app/test/features/auth/data/repositories/firebase_auth_repository_test.dart: FirebaseAuthRepository - reauthenticateWithGoogle Fix Tests reauthenticateWithGoogle returns false when no current user
━━━━━━━━━━━━━━━━━━━━━━━━━━━━━━━━━━━━━━━━━━━━━━━━━━
ℹ️ INFO: Re-authenticating with Google
━━━━━━━━━━━━━━━━━━━━━━━━━━━━━━━━━━━━━━━━━━━━━━━━━━

━━━━━━━━━━━━━━━━━━━━━━━━━━━━━━━━━━━━━━━━━━━━━━━━━━
⚠️ WARN: No current user for re-authentication
━━━━━━━━━━━━━━━━━━━━━━━━━━━━━━━━━━━━━━━━━━━━━━━━━━

02:31 +1281 ~4 -4: /app/test/features/auth/presentation/screens/sign_in_screen_test.dart: Google Sign-In button shows correct semantics during loading
02:31 +1281 ~4 -4: /app/test/features/auth/data/repositories/firebase_auth_repository_test.dart: FirebaseAuthRepository - reauthenticateWithGoogle Fix Tests reauthenticateWithGoogle handles exceptions
━━━━━━━━━━━━━━━━━━━━━━━━━━━━━━━━━━━━━━━━━━━━━━━━━━
ℹ️ INFO: Re-authenticating with Google
━━━━━━━━━━━━━━━━━━━━━━━━━━━━━━━━━━━━━━━━━━━━━━━━━━

━━━━━━━━━━━━━━━━━━━━━━━━━━━━━━━━━━━━━━━━━━━━━━━━━━
🔴 ERROR: Re-authentication failed
Error: Exception: Re-auth failed
Stack Trace:
#0      When.thenThrow.<anonymous closure> (package:mocktail/src/mocktail.dart:249:7)
#1      Mock.noSuchMethod (package:mocktail/src/mocktail.dart:131:37)
#2      MockGoogleSignIn.authenticate (file:///app/test/features/auth/data/repositories/firebase_auth_repository_test.dart:10:7)
#3      FirebaseAuthRepository.reauthenticateWithGoogle (package:inv_tracker/features/auth/data/repositories/firebase_auth_repository.dart:189:46)
<asynchronous suspension>
#4      Throws._matchFuture (package:matcher/src/expect/throws_matcher.dart:103:19)
<asynchronous suspension>
#5      _expect.<anonymous closure> (package:matcher/src/expect/expect.dart:153:17)
<asynchronous suspension>
#6      StackZoneSpecification._registerCallback.<anonymous closure> (package:stack_trace/src/stack_zone_specification.dart:114:42)
<asynchronous suspension>

━━━━━━━━━━━━━━━━━━━━━━━━━━━━━━━━━━━━━━━━━━━━━━━━━━

02:31 +1282 ~4 -4: /app/test/features/auth/presentation/screens/sign_in_screen_test.dart: Google Sign-In button shows correct semantics during loading
02:31 +1283 ~4 -4: /app/test/features/auth/presentation/screens/sign_in_screen_test.dart: Google Sign-In button shows correct semantics during loading
02:31 +1284 ~4 -4: /app/test/features/auth/presentation/screens/sign_in_screen_test.dart: Google Sign-In button shows correct semantics during loading
02:31 +1285 ~4 -4: /app/test/features/auth/presentation/screens/sign_in_screen_test.dart: Google Sign-In button shows correct semantics during loading
02:31 +1286 ~4 -4: /app/test/features/auth/presentation/screens/sign_in_screen_test.dart: Google Sign-In button shows correct semantics during loading
02:31 +1287 ~4 -4: /app/test/features/auth/presentation/screens/sign_in_screen_test.dart: Google Sign-In button shows correct semantics during loading
02:31 +1287 ~4 -4: /app/test/features/auth/data/repositories/firebase_auth_repository_test.dart: FirebaseAuthRepository - Anonymous Sign-In Tests signInAnonymously succeeds and returns UserEntity with isAnonymous=true
━━━━━━━━━━━━━━━━━━━━━━━━━━━━━━━━━━━━━━━━━━━━━━━━━━
ℹ️ INFO: Starting Anonymous Sign-In
━━━━━━━━━━━━━━━━━━━━━━━━━━━━━━━━━━━━━━━━━━━━━━━━━━

━━━━━━━━━━━━━━━━━━━━━━━━━━━━━━━━━━━━━━━━━━━━━━━━━━
ℹ️ INFO: Anonymous Sign-In successful
Metadata:
  anonymous: true
━━━━━━━━━━━━━━━━━━━━━━━━━━━━━━━━━━━━━━━━━━━━━━━━━━

02:31 +1288 ~4 -4: /app/test/features/auth/presentation/screens/sign_in_screen_test.dart: Google Sign-In button shows correct semantics during loading
02:31 +1288 ~4 -4: /app/test/features/auth/data/repositories/firebase_auth_repository_test.dart: FirebaseAuthRepository - Anonymous Sign-In Tests signInAnonymously returns null when user is null
━━━━━━━━━━━━━━━━━━━━━━━━━━━━━━━━━━━━━━━━━━━━━━━━━━
ℹ️ INFO: Starting Anonymous Sign-In
━━━━━━━━━━━━━━━━━━━━━━━━━━━━━━━━━━━━━━━━━━━━━━━━━━

━━━━━━━━━━━━━━━━━━━━━━━━━━━━━━━━━━━━━━━━━━━━━━━━━━
ℹ️ INFO: Anonymous Sign-In successful
Metadata:
  anonymous: true
━━━━━━━━━━━━━━━━━━━━━━━━━━━━━━━━━━━━━━━━━━━━━━━━━━

02:31 +1289 ~4 -4: /app/test/features/auth/presentation/screens/sign_in_screen_test.dart: Google Sign-In button shows correct semantics during loading
02:31 +1289 ~4 -4: /app/test/features/auth/data/repositories/firebase_auth_repository_test.dart: FirebaseAuthRepository - Anonymous Sign-In Tests signInAnonymously throws AuthException.signInFailed on FirebaseAuthException
━━━━━━━━━━━━━━━━━━━━━━━━━━━━━━━━━━━━━━━━━━━━━━━━━━
ℹ️ INFO: Starting Anonymous Sign-In
━━━━━━━━━━━━━━━━━━━━━━━━━━━━━━━━━━━━━━━━━━━━━━━━━━

━━━━━━━━━━━━━━━━━━━━━━━━━━━━━━━━━━━━━━━━━━━━━━━━━━
🔴 ERROR: Anonymous Sign-In failed
Error: [firebase_auth/network-request-failed] Network error
Stack Trace:
#0      When.thenThrow.<anonymous closure> (package:mocktail/src/mocktail.dart:249:7)
#1      Mock.noSuchMethod (package:mocktail/src/mocktail.dart:131:37)
#2      MockFirebaseAuth.signInAnonymously (file:///app/test/features/auth/data/repositories/firebase_auth_repository_test.dart:8:7)
#3      FirebaseAuthRepository.signInAnonymously (package:inv_tracker/features/auth/data/repositories/firebase_auth_repository.dart:279:50)
#4      main.<anonymous closure>.<anonymous closure>.<anonymous closure> (file:///app/test/features/auth/data/repositories/firebase_auth_repository_test.dart:420:33)
#5      Throws.matchAsync (package:matcher/src/expect/throws_matcher.dart:85:37)
#6      _expect (package:matcher/src/expect/expect.dart:137:26)
#7      expect (package:matcher/src/expect/expect.dart:65:3)
#8      expect (package:flutter_test/src/widget_tester.dart:473:18)
#9      main.<anonymous closure>.<anonymous closure> (file:///app/test/features/auth/data/repositories/firebase_auth_repository_test.dart:420:9)
#10     Declarer.test.<anonymous closure>.<anonymous closure> (package:test_api/src/backend/declarer.dart:253:25)
<asynchronous suspension>
#11     Declarer.test.<anonymous closure> (package:test_api/src/backend/declarer.dart:250:11)
<asynchronous suspension>
#12     Invoker._waitForOutstandingCallbacks.<anonymous closure> (package:test_api/src/backend/invoker.dart:318:9)
<asynchronous suspension>

━━━━━━━━━━━━━━━━━━━━━━━━━━━━━━━━━━━━━━━━━━━━━━━━━━

02:31 +1290 ~4 -4: /app/test/features/auth/presentation/screens/sign_in_screen_test.dart: Google Sign-In button shows correct semantics during loading
02:31 +1290 ~4 -4: /app/test/features/auth/data/repositories/firebase_auth_repository_test.dart: FirebaseAuthRepository - Anonymous Sign-In Tests signInAnonymously throws AuthException.signInFailed on generic exception
━━━━━━━━━━━━━━━━━━━━━━━━━━━━━━━━━━━━━━━━━━━━━━━━━━
ℹ️ INFO: Starting Anonymous Sign-In
━━━━━━━━━━━━━━━━━━━━━━━━━━━━━━━━━━━━━━━━━━━━━━━━━━

━━━━━━━━━━━━━━━━━━━━━━━━━━━━━━━━━━━━━━━━━━━━━━━━━━
🔴 ERROR: Anonymous Sign-In failed
Error: Exception: Generic error
Stack Trace:
#0      When.thenThrow.<anonymous closure> (package:mocktail/src/mocktail.dart:249:7)
#1      Mock.noSuchMethod (package:mocktail/src/mocktail.dart:131:37)
#2      MockFirebaseAuth.signInAnonymously (file:///app/test/features/auth/data/repositories/firebase_auth_repository_test.dart:8:7)
#3      FirebaseAuthRepository.signInAnonymously (package:inv_tracker/features/auth/data/repositories/firebase_auth_repository.dart:279:50)
#4      main.<anonymous closure>.<anonymous closure>.<anonymous closure> (file:///app/test/features/auth/data/repositories/firebase_auth_repository_test.dart:435:33)
#5      Throws.matchAsync (package:matcher/src/expect/throws_matcher.dart:85:37)
#6      _expect (package:matcher/src/expect/expect.dart:137:26)
#7      expect (package:matcher/src/expect/expect.dart:65:3)
#8      expect (package:flutter_test/src/widget_tester.dart:473:18)
#9      main.<anonymous closure>.<anonymous closure> (file:///app/test/features/auth/data/repositories/firebase_auth_repository_test.dart:435:9)
#10     Declarer.test.<anonymous closure>.<anonymous closure> (package:test_api/src/backend/declarer.dart:253:25)
<asynchronous suspension>
#11     Declarer.test.<anonymous closure> (package:test_api/src/backend/declarer.dart:250:11)
<asynchronous suspension>
#12     Invoker._waitForOutstandingCallbacks.<anonymous closure> (package:test_api/src/backend/invoker.dart:318:9)
<asynchronous suspension>

━━━━━━━━━━━━━━━━━━━━━━━━━━━━━━━━━━━━━━━━━━━━━━━━━━

02:31 +1291 ~4 -4: /app/test/features/auth/presentation/screens/sign_in_screen_test.dart: Google Sign-In button shows correct semantics during loading
━━━━━━━━━━━━━━━━━━━━━━━━━━━━━━━━━━━━━━━━━━━━━━━━━━
ℹ️ INFO: Starting Google Sign-In
━━━━━━━━━━━━━━━━━━━━━━━━━━━━━━━━━━━━━━━━━━━━━━━━━━

━━━━━━━━━━━━━━━━━━━━━━━━━━━━━━━━━━━━━━━━━━━━━━━━━━
ℹ️ INFO: Sign-in result
Metadata:
  success: true
━━━━━━━━━━━━━━━━━━━━━━━━━━━━━━━━━━━━━━━━━━━━━━━━━━

━━━━━━━━━━━━━━━━━━━━━━━━━━━━━━━━━━━━━━━━━━━━━━━━━━
ℹ️ INFO: Requesting notification permissions on first sign-in
━━━━━━━━━━━━━━━━━━━━━━━━━━━━━━━━━━━━━━━━━━━━━━━━━━

━━━━━━━━━━━━━━━━━━━━━━━━━━━━━━━━━━━━━━━━━━━━━━━━━━
ℹ️ INFO: Notification permissions request result
Metadata:
  granted: true
━━━━━━━━━━━━━━━━━━━━━━━━━━━━━━━━━━━━━━━━━━━━━━━━━━

02:32 +1292 ~4 -4: /app/test/features/auth/presentation/screens/sign_in_screen_test.dart: googleSignInInitializedProvider uses centralized OAuth config
02:32 +1293 ~4 -4: /app/test/features/onboarding/presentation/screens/onboarding_screen_test.dart: OnboardingScreen loads and shows first page
02:33 +1294 ~4 -4: /app/test/features/onboarding/presentation/screens/onboarding_screen_test.dart: Onboarding dots are interactive and have correct semantics
02:34 +1295 ~4 -4: Some tests failed.
